[Пт 22 мая 2026 11:54:57 MSK] Запуск: /home/atretyakov/railoptim/target/release/railoptim (env=prod, MIP_WARM_START=on)
Получено узлов спроса (погрузка): 167 или 1516 вагонов
Получено узлов предложения 1 сут.:  162 или 1175 вагонов
[SUCCESS] railoptim завершил работу успешно.
[Пт 22 мая 2026 12:09:07 MSK] Запуск: /home/atretyakov/railoptim/target/release/railoptim (env=prod, MIP_WARM_START=on)
Получено узлов спроса (погрузка): 167 или 1516 вагонов
Получено узлов предложения 1 сут.:  198 или 1238 вагонов
[SUCCESS] railoptim завершил работу успешно.
[Пт 22 мая 2026 12:17:28 MSK] Запуск: /home/atretyakov/railoptim/target/release/railoptim (env=prod, MIP_WARM_START=on)
Получено узлов спроса (погрузка): 167 или 1516 вагонов
Получено узлов предложения 1 сут.:  198 или 1238 вагонов
Получено узлов предложения всего:  198 или 1238 вагонов
[SUCCESS] railoptim завершил работу успешно.
[Пт 22 мая 2026 13:33:41 MSK] Запуск: /home/atretyakov/railoptim/target/release/railoptim (env=prod, MIP_WARM_START=on)
Получено узлов спроса (погрузка): 167 или 1516 вагонов
Получено узлов предложения 1 сут.:  198 или 1238 вагонов
  узлов дислокации (2-10 сут., период 10): 366 или 2334 вагонов
Получено узлов предложения всего:  564 или 3572 вагонов
[SUCCESS] railoptim завершил работу успешно.
[Пт 22 мая 2026 14:11:09 MSK] Запуск: /home/atretyakov/railoptim/target/release/railoptim (env=prod, MIP_WARM_START=on)
Получено узлов спроса (погрузка): 167 или 1516 вагонов
Получено узлов предложения 1 сут.:  198 или 1238 вагонов
  узлов дислокации (2-10 сут., период 10): 366 или 2334 вагонов
Получено узлов предложения всего:  564 или 3572 вагонов
  свободных для назначения:  490 или 3457 вагонов
  требуют ремонта (В ремонт):31 или 41 вагонов
  по факту (Assigned):       43 или 74 вагонов
[SUCCESS] railoptim завершил работу успешно.
[Пт 22 мая 2026 14:14:04 MSK] Запуск: /home/atretyakov/railoptim/target/release/railoptim (env=prod, MIP_WARM_START=on)
Получено узлов спроса (погрузка): 167 или 1516 вагонов
Получено узлов предложения 1 сут.:  198 или 1238 вагонов
  узлов дислокации (2-10 сут., период 10): 366 или 2334 вагонов
Получено узлов предложения всего:  564 или 3572 вагонов
  свободных для назначения:  490 или 3457 вагонов
  требуют ремонта (В ремонт):31 или 41 вагонов
  по факту (Assigned):       43 или 74 вагонов
Дороги без промывки (NoCleaningRoads): 8
Узлов спроса (промывка):     36 или мощность в период 5 суток 2795 вагонов
[SUCCESS] railoptim завершил работу успешно.
[Пт 22 мая 2026 14:48:49 MSK] Запуск: /home/atretyakov/railoptim/target/release/railoptim (env=prod, MIP_WARM_START=on)
Получено узлов спроса (погрузка): 167 или 1516 вагонов
Получено узлов предложения 1 сут.:  198 или 1238 вагонов
Получено узлов предложения всего:  198 или 1238 вагонов
  свободных для назначения:  143 или 1148 вагонов
  требуют ремонта (В ремонт):12 или 16 вагонов
  по факту (Assigned):       43 или 74 вагонов
Дороги без промывки (NoCleaningRoads): 8
Узлов спроса (промывка):     36 или мощность в период 5 суток 2795 вагонов
  предложений с ЕТСНГ из списка промывки: 35 вагонов (освобождены по NoCleaningRoads: 21; из них есть узел погрузки с тем же ЕТСНГ на любой станции — альтернатива промывке по спросу: 26 вагонов)
[SUCCESS] railoptim завершил работу успешно.
[Пт 22 мая 2026 14:51:37 MSK] Запуск: /home/atretyakov/railoptim/target/release/railoptim (env=prod, MIP_WARM_START=on)
Получено узлов спроса (погрузка): 167 или 1516 вагонов
Получено узлов предложения 1 сут.:  198 или 1238 вагонов
Получено узлов предложения всего:  198 или 1238 вагонов
  свободных для назначения:  143 или 1148 вагонов
  требуют ремонта (В ремонт):12 или 16 вагонов
  по факту (Assigned):       43 или 74 вагонов
Дороги без промывки (NoCleaningRoads): 8
Узлов спроса (промывка):     36 или мощность в период 5 суток 2795 вагонов
  предложений с ЕТСНГ из списка промывки: 35 вагонов (освобождены по NoCleaningRoads: 21; из них есть узел погрузки с тем же ЕТСНГ на любой станции — альтернатива промывке по спросу: 26 вагонов)
Получено тарифов:            9210
[SUCCESS] railoptim завершил работу успешно.
