[Вт 16 июн 2026 13:16:40 MSK] Запуск: /home/atretyakov/railoptim/app/bin/railoptim (env=prod, MIP_WARM_START=on)
stations_geo: 19494 записей, data/stations/stations_geo.sqlite (baltic=671, china_mongolia=339, cis=6263, ru=11848, south_caucasus=373)
Получено узлов спроса (погрузка): 118 или 865 вагонов
Получено узлов предложения 1 сут.:  161 или 533 вагонов
Получено узлов предложения всего:  161 или 533 вагонов
  свободных для назначения:  138 или 499 вагонов
  требуют ремонта (В ремонт):3 или 3 вагонов
  по факту (Assigned):       20 или 31 вагонов
Дороги без промывки (NoCleaningRoads): 8
Узлов спроса (промывка):     36 или мощность в период 5 суток 2795 вагонов
  предложений с ЕТСНГ из списка промывки: 49 вагонов (освобождены по NoCleaningRoads: 73; из них есть узел погрузки с тем же ЕТСНГ на любой станции — альтернатива промывке по спросу: 45 вагонов)
Получено тарифов:            4852
Загружено ремонтных станций: 102
Тарифов до ремонтных ст.:    226
Тарифов до промывки (с надбавкой 10000+40000=50000 руб.): 340
Ограничения ДМЗИ:            13 дорог (75 записей Ostatok)
  ВСБ  период 1 ≤    8, период 10 ≤    2 ваг.
  ГОР  период 1 ≤  354, период 10 ≤   80 ваг.
  ЗАБ  период 1 ≤   21, период 10 ≤    5 ваг.
  ЗСБ  период 1 ≤  349, период 10 ≤   70 ваг.
  КБШ  период 1 ≤  400, период 10 ≤   80 ваг.
  КРС  период 1 ≤   35, период 10 ≤    8 ваг.
  МСК  период 1 ≤  398, период 10 ≤   80 ваг.
  ОКТ  период 1 ≤  291, период 10 ≤   60 ваг.
  ПРВ  период 1 ≤  314, период 10 ≤   63 ваг.
  СВР  период 1 ≤  506, период 10 ≤  117 ваг.
  СЕВ  период 1 ≤   60, период 10 ≤   15 ваг.
  ЮВС  период 1 ≤  160, период 10 ≤   40 ваг.
  ЮУР  период 1 ≤   80, период 10 ≤   20 ваг.
Узлы отстоя (резервы):       6 узлов / ёмкость 79 ваг. (записей АПИ 21, дублей 14, отфильтровано 1)
Всего пар supply×demand:     21252
  без тарифа:                        4363 (20.5%)
  нарушение срока (жёстко):          0 (0.0%)
  несовм. тип вагона:                395 (1.9%)
  грязный вагон → чужой ЕТСНГ:       2304 (10.8%)
  допустимых дуг со штрафом за срок:   7436 (35.0%)
  допустимых дуг всего в LP:      14190 (66.8%)
Ограничения партии (MIN_BATCH): массовая выгрузка — 109 дуг / 54 пар; средние станции — 2747 дуг / 198 пар (станций образования: 10, погрузки: 22)
  маршрутные отправки (B=10): 168 дуг / 10 пар (станций образования: 10, маршрутных станций погрузки: 1)
--- АНАЛИЗ РЕСУРСОВ ---
Предложение: 499 ваг.
Спрос (погрузка): 865 ваг.
Ёмкость промывки (верх): 2795 ваг.
Статус: ДЕФИЦИТ  (366 ваг. — штрафные дуги)
-----------------------
--- ЖАДНОЕ РЕШЕНИЕ ---
Назначений:            182 шт.
Назначено вагонов:     499 / 865 спрос (погрузка), 499 предложение
Суммарная стоимость:   16053425.72 руб.
Неудовлетворён спрос:  405 ваг.
Избыток предложения:   0 ваг.
Покрытие спроса (погр.): 57.7%
----------------------
MIP warm-start: ON (greedy) (управляется env MIP_WARM_START={on|off}, по умолч. on)
--- MIP РЕШЕНИЕ ---
Статус:                MIP Optimal (gap=0.000%)
Назначено вагонов:     492 / 865 спрос (погрузка), 499 предложение
Суммарная стоимость:   15859372.33 руб.
Неудовлетворён спрос:  373 ваг.
Избыток предложения:   7 ваг.
Покрытие спроса (погр.): 56.9%
-------------------
MIP время: 0.54 сек (warm-start: ON)
MIP диагностика: status=Optimal, gap=0.0000%, undist=380 (unmet=373, excess=7), real_cost=15859372.33
MIP vs greedy:   greedy undist=405 (unmet=405, excess=0), real_cost=16053425.72  →  Δundist=-25, Δcost=-194053.39
  ВНИМАНИЕ: MIP не закрыл 373 ваг. спроса на погрузку (unmet > 0). Возможные причины:
           (а) PENALTY_UNMET ниже стоимости единственно допустимых плеч,
           (б) HiGHS остановился по rel_gap до закрытия всего спроса.
--- ДИАГНОСТИКА EXCESS SUPPLY (7 ваг. в 4 узлах) ---
  [s_idx   32] Ружино | тип=БКТ | ЕТСНГ=421208 | period=1 | mass_unload=false | осталось 3 из 3 ваг.
    ПРИЧИНА: доступны только Wash-дуги (36 шт., мин. стоимость 50104 руб./ваг.). В модели Wash не имеет штрафа за незаполнение,
             а excess_supply бесплатный — отправка только увеличила бы obj, MIP корректно оставил вагоны в остатке.
  [s_idx   33] Ружино | тип=Прочие | ЕТСНГ=421208 | period=1 | mass_unload=false | осталось 1 из 1 ваг.
    ПРИЧИНА: доступны только Wash-дуги (36 шт., мин. стоимость 50104 руб./ваг.). В модели Wash не имеет штрафа за незаполнение,
             а excess_supply бесплатный — отправка только увеличила бы obj, MIP корректно оставил вагоны в остатке.
  [s_idx   35] Ружино | тип=БК | ЕТСНГ=421208 | period=1 | mass_unload=false | осталось 2 из 2 ваг.
    ПРИЧИНА: доступны только Wash-дуги (36 шт., мин. стоимость 50104 руб./ваг.). В модели Wash не имеет штрафа за незаполнение,
             а excess_supply бесплатный — отправка только увеличила бы obj, MIP корректно оставил вагоны в остатке.
  [s_idx   49] Тогучин | тип=БК | ЕТСНГ=421034 | period=1 | mass_unload=false | осталось 1 из 1 ваг.
    ПРИЧИНА: доступны только Wash-дуги (36 шт., мин. стоимость 55790 руб./ваг.). В модели Wash не имеет штрафа за незаполнение,
             а excess_supply бесплатный — отправка только увеличила бы obj, MIP корректно оставил вагоны в остатке.

  СВОДКА ПО ПРИЧИНАМ:
    доступны только Wash-дуги           узлов:   4, вагонов:    7
---------------------------------
MIP нашёл глобальный оптимум (gap=0.0000%) — фаза ALNS пропущена.
--- ДИАГНОСТИКА UNMET DEMAND (373 ваг. в 49 узлах) ---
  [d_idx    2] Ряжск 1 (МСК) | тип=Прочие | ЕТСНГ=021100 | период=1 | отправка=Повагонная | не закрыто 3 из 7 ваг.
    ПРИЧИНА: дуги есть (116 шт.), но все совместимые узлы предложения исчерпаны — вагоны ушли на другие заявки (конкуренция за предложение).
  [d_idx    4] Оренбург (ЮУР) | тип=Прочие | ЕТСНГ=011005 | период=1 | отправка=Повагонная | не закрыто 3 из 3 ваг.
    ПРИЧИНА: дуги есть (109 шт.), но все совместимые узлы предложения исчерпаны — вагоны ушли на другие заявки (конкуренция за предложение).
  [d_idx    7] Красный Кут (ПРВ) | тип=Прочие | ЕТСНГ=011005 | период=1 | отправка=Повагонная | не закрыто 3 из 3 ваг.
    ПРИЧИНА: дуги есть (116 шт.), но все совместимые узлы предложения исчерпаны — вагоны ушли на другие заявки (конкуренция за предложение).
  [d_idx    8] Черлак (ЗСБ) | тип=Прочие | ЕТСНГ=018038 | период=1 | отправка=Повагонная | не закрыто 12 из 13 ваг.
    ПРИЧИНА: дуги есть (117 шт.), но все совместимые узлы предложения исчерпаны — вагоны ушли на другие заявки (конкуренция за предложение).
  [d_idx   17] Белогорск 2 (ЗАБ) | тип=Прочие | ЕТСНГ=542224 | период=1 | отправка=Повагонная | не закрыто 4 из 4 ваг.
    ПРИЧИНА: дуги есть (119 шт.), но все совместимые узлы предложения исчерпаны — вагоны ушли на другие заявки (конкуренция за предложение).
  [d_idx   18] Белогорск 2 (ЗАБ) | тип=Прочие | ЕТСНГ=542224 | период=1 | отправка=Повагонная | не закрыто 6 из 6 ваг.
    ПРИЧИНА: дуги есть (119 шт.), но все совместимые узлы предложения исчерпаны — вагоны ушли на другие заявки (конкуренция за предложение).
  [d_idx   23] Тоцкая (ЮУР) | тип=Прочие | ЕТСНГ=011005 | период=1 | отправка=Групповая | не закрыто 3 из 6 ваг.
    ПРИЧИНА: дуги есть (117 шт.), но все совместимые узлы предложения исчерпаны — вагоны ушли на другие заявки (конкуренция за предложение).
  [d_idx   27] Маргуцек (ЗАБ) | тип=Прочие | ЕТСНГ=018019 | период=2 | отправка=Повагонная | не закрыто 10 из 10 ваг.
    ПРИЧИНА: дуги есть (113 шт.), но все совместимые узлы предложения исчерпаны — вагоны ушли на другие заявки (конкуренция за предложение).
  [d_idx   38] Белогорск 2 (ЗАБ) | тип=Прочие | ЕТСНГ=018023 | период=2 | отправка=Повагонная | не закрыто 3 из 3 ваг.
    ПРИЧИНА: дуги есть (117 шт.), но все совместимые узлы предложения исчерпаны — вагоны ушли на другие заявки (конкуренция за предложение).
  [d_idx   40] Камень-на-Оби (ЗСБ) | тип=Прочие | ЕТСНГ=011005 | период=2 | отправка=Повагонная | не закрыто 5 из 6 ваг.
    ПРИЧИНА: дуги есть (115 шт.), но все совместимые узлы предложения исчерпаны — вагоны ушли на другие заявки (конкуренция за предложение).
  [d_idx   43] Карбышево I (ЗСБ) | тип=Прочие | ЕТСНГ=011005 | период=3 | отправка=Повагонная | не закрыто 5 из 5 ваг.
    ПРИЧИНА: дуги есть (117 шт.), но все совместимые узлы предложения исчерпаны — вагоны ушли на другие заявки (конкуренция за предложение).
  [d_idx   44] Маргуцек (ЗАБ) | тип=Прочие | ЕТСНГ=013000 | период=3 | отправка=Повагонная | не закрыто 5 из 5 ваг.
    ПРИЧИНА: дуги есть (113 шт.), но все совместимые узлы предложения исчерпаны — вагоны ушли на другие заявки (конкуренция за предложение).
  [d_idx   45] Маргуцек (ЗАБ) | тип=Прочие | ЕТСНГ=018019 | период=3 | отправка=Повагонная | не закрыто 5 из 5 ваг.
    ПРИЧИНА: дуги есть (113 шт.), но все совместимые узлы предложения исчерпаны — вагоны ушли на другие заявки (конкуренция за предложение).
  [d_idx   50] Бердск (ЗСБ) | тип=Прочие | ЕТСНГ=021083 | период=3 | отправка=Повагонная | не закрыто 2 из 2 ваг.
    ПРИЧИНА: дуги есть (114 шт.), но все совместимые узлы предложения исчерпаны — вагоны ушли на другие заявки (конкуренция за предложение).
  [d_idx   52] Гогино (ЮУР) | тип=БКТ | ЕТСНГ=011005 | период=3 | отправка=Повагонная | не закрыто 18 из 30 ваг.
    ПРИЧИНА: дуги есть (38 шт.), но все совместимые узлы предложения исчерпаны — вагоны ушли на другие заявки (конкуренция за предложение).
  [d_idx   58] Баган (ЗСБ) | тип=Прочие | ЕТСНГ=011005 | период=3 | отправка=Повагонная | не закрыто 5 из 5 ваг.
    ПРИЧИНА: дуги есть (117 шт.), но все совместимые узлы предложения исчерпаны — вагоны ушли на другие заявки (конкуренция за предложение).
  [d_idx   59] Баган (ЗСБ) | тип=Прочие | ЕТСНГ=013000 | период=3 | отправка=Повагонная | не закрыто 3 из 3 ваг.
    ПРИЧИНА: дуги есть (116 шт.), но все совместимые узлы предложения исчерпаны — вагоны ушли на другие заявки (конкуренция за предложение).
  [d_idx   61] Мариановка (ЗСБ) | тип=Прочие | ЕТСНГ=011005 | период=3 | отправка=Повагонная | не закрыто 5 из 7 ваг.
    ПРИЧИНА: дуги есть (117 шт.), но все совместимые узлы предложения исчерпаны — вагоны ушли на другие заявки (конкуренция за предложение).
  [d_idx   62] Мариановка (ЗСБ) | тип=Прочие | ЕТСНГ=011005 | период=3 | отправка=Повагонная | не закрыто 5 из 5 ваг.
    ПРИЧИНА: дуги есть (116 шт.), но все совместимые узлы предложения исчерпаны — вагоны ушли на другие заявки (конкуренция за предложение).
  [d_idx   64] Белогорск 2 (ЗАБ) | тип=Прочие | ЕТСНГ=542224 | период=3 | отправка=Повагонная | не закрыто 3 из 3 ваг.
    ПРИЧИНА: дуги есть (119 шт.), но все совместимые узлы предложения исчерпаны — вагоны ушли на другие заявки (конкуренция за предложение).
  [d_idx   65] Белогорск 2 (ЗАБ) | тип=Прочие | ЕТСНГ=018023 | период=3 | отправка=Повагонная | не закрыто 3 из 4 ваг.
    ПРИЧИНА: дуги есть (117 шт.), но все совместимые узлы предложения исчерпаны — вагоны ушли на другие заявки (конкуренция за предложение).
  [d_idx   66] Борзя (ЗАБ) | тип=Прочие | ЕТСНГ=018019 | период=3 | отправка=Повагонная | не закрыто 3 из 5 ваг.
    ПРИЧИНА: дуги есть (115 шт.), но все совместимые узлы предложения исчерпаны — вагоны ушли на другие заявки (конкуренция за предложение).
  [d_idx   71] Карбышево I (ЗСБ) | тип=Прочие | ЕТСНГ=011005 | период=4 | отправка=Повагонная | не закрыто 5 из 5 ваг.
    ПРИЧИНА: дуги есть (117 шт.), но все совместимые узлы предложения исчерпаны — вагоны ушли на другие заявки (конкуренция за предложение).
  [d_idx   74] Ряжск 1 (МСК) | тип=Прочие | ЕТСНГ=021100 | период=4 | отправка=Повагонная | не закрыто 2 из 9 ваг.
    ПРИЧИНА: дуги есть (117 шт.), но все совместимые узлы предложения исчерпаны — вагоны ушли на другие заявки (конкуренция за предложение).
  [d_idx   75] Заинск (КБШ) | тип=БКТ | ЕТСНГ=021083 | период=4 | отправка=Повагонная | не закрыто 1 из 1 ваг.
    ПРИЧИНА: дуги есть (38 шт.), но все совместимые узлы предложения исчерпаны — вагоны ушли на другие заявки (конкуренция за предложение).
  [d_idx   79] Барабинск (ЗСБ) | тип=Прочие | ЕТСНГ=011005 | период=4 | отправка=Повагонная | не закрыто 3 из 3 ваг.
    ПРИЧИНА: дуги есть (117 шт.), но все совместимые узлы предложения исчерпаны — вагоны ушли на другие заявки (конкуренция за предложение).
  [d_idx   80] Гогино (ЮУР) | тип=БКТ | ЕТСНГ=011005 | период=4 | отправка=Повагонная | не закрыто 32 из 32 ваг.
    ПРИЧИНА: дуги есть (38 шт.), но все совместимые узлы предложения исчерпаны — вагоны ушли на другие заявки (конкуренция за предложение).
  [d_idx   83] Зимовники (СКВ) | тип=Прочие | ЕТСНГ=011005 | период=4 | отправка=Повагонная | не закрыто 2 из 2 ваг.
    ПРИЧИНА: дуги есть (117 шт.), но все совместимые узлы предложения исчерпаны — вагоны ушли на другие заявки (конкуренция за предложение).
  [d_idx   91] Баган (ЗСБ) | тип=Прочие | ЕТСНГ=011005 | период=4 | отправка=Повагонная | не закрыто 15 из 15 ваг.
    ПРИЧИНА: дуги есть (116 шт.), но все совместимые узлы предложения исчерпаны — вагоны ушли на другие заявки (конкуренция за предложение).
  [d_idx   92] Баган (ЗСБ) | тип=Прочие | ЕТСНГ=013000 | период=4 | отправка=Повагонная | не закрыто 17 из 17 ваг.
    ПРИЧИНА: дуги есть (117 шт.), но все совместимые узлы предложения исчерпаны — вагоны ушли на другие заявки (конкуренция за предложение).
  [d_idx   93] Ялга (КБШ) | тип=Прочие | ЕТСНГ=018112 | период=4 | отправка=Повагонная | не закрыто 4 из 4 ваг.
    ПРИЧИНА: дуги есть (117 шт.), но все совместимые узлы предложения исчерпаны — вагоны ушли на другие заявки (конкуренция за предложение).
  [d_idx   94] Ялга (КБШ) | тип=Прочие | ЕТСНГ=018112 | период=4 | отправка=Повагонная | не закрыто 3 из 3 ваг.
    ПРИЧИНА: дуги есть (116 шт.), но все совместимые узлы предложения исчерпаны — вагоны ушли на другие заявки (конкуренция за предложение).
  [d_idx   95] Мариановка (ЗСБ) | тип=Прочие | ЕТСНГ=011005 | период=4 | отправка=Повагонная | не закрыто 10 из 10 ваг.
    ПРИЧИНА: дуги есть (117 шт.), но все совместимые узлы предложения исчерпаны — вагоны ушли на другие заявки (конкуренция за предложение).
  [d_idx   96] Калачинская (ЗСБ) | тип=Прочие | ЕТСНГ=011005 | период=4 | отправка=Повагонная | не закрыто 1 из 1 ваг.
    ПРИЧИНА: дуги есть (117 шт.), но все совместимые узлы предложения исчерпаны — вагоны ушли на другие заявки (конкуренция за предложение).
  [d_idx   97] Калачинская (ЗСБ) | тип=Прочие | ЕТСНГ=011005 | период=4 | отправка=Повагонная | не закрыто 3 из 3 ваг.
    ПРИЧИНА: дуги есть (117 шт.), но все совместимые узлы предложения исчерпаны — вагоны ушли на другие заявки (конкуренция за предложение).
  [d_idx   98] Калачинская (ЗСБ) | тип=Прочие | ЕТСНГ=014003 | период=4 | отправка=Повагонная | не закрыто 3 из 3 ваг.
    ПРИЧИНА: дуги есть (117 шт.), но все совместимые узлы предложения исчерпаны — вагоны ушли на другие заявки (конкуренция за предложение).
  [d_idx  103] Белогорск 2 (ЗАБ) | тип=Прочие | ЕТСНГ=542224 | период=4 | отправка=Повагонная | не закрыто 3 из 3 ваг.
    ПРИЧИНА: дуги есть (119 шт.), но все совместимые узлы предложения исчерпаны — вагоны ушли на другие заявки (конкуренция за предложение).
  [d_idx  104] Белогорск 2 (ЗАБ) | тип=Прочие | ЕТСНГ=018023 | период=4 | отправка=Повагонная | не закрыто 10 из 10 ваг.
    ПРИЧИНА: дуги есть (116 шт.), но все совместимые узлы предложения исчерпаны — вагоны ушли на другие заявки (конкуренция за предложение).
  [d_idx  105] Белогорск 2 (ЗАБ) | тип=Прочие | ЕТСНГ=542224 | период=4 | отправка=Повагонная | не закрыто 4 из 4 ваг.
    ПРИЧИНА: дуги есть (119 шт.), но все совместимые узлы предложения исчерпаны — вагоны ушли на другие заявки (конкуренция за предложение).
  [d_idx  107] Борзя (ЗАБ) | тип=Прочие | ЕТСНГ=013000 | период=4 | отправка=Повагонная | не закрыто 2 из 2 ваг.
    ПРИЧИНА: дуги есть (116 шт.), но все совместимые узлы предложения исчерпаны — вагоны ушли на другие заявки (конкуренция за предложение).
  [d_idx  108] Земетчино (КБШ) | тип=Прочие | ЕТСНГ=011005 | период=4 | отправка=Повагонная | не закрыто 1 из 1 ваг.
    ПРИЧИНА: дуги есть (117 шт.), но все совместимые узлы предложения исчерпаны — вагоны ушли на другие заявки (конкуренция за предложение).
  [d_idx  109] Биробиджан 2 (ДВС) | тип=Прочие | ЕТСНГ=018023 | период=4 | отправка=Повагонная | не закрыто 13 из 13 ваг.
    ПРИЧИНА: дуги есть (117 шт.), но все совместимые узлы предложения исчерпаны — вагоны ушли на другие заявки (конкуренция за предложение).
  [d_idx  110] Красный Узел (ГОР) | тип=Прочие | ЕТСНГ=011005 | период=4 | отправка=Повагонная | не закрыто 2 из 2 ваг.
    ПРИЧИНА: дуги есть (116 шт.), но все совместимые узлы предложения исчерпаны — вагоны ушли на другие заявки (конкуренция за предложение).
  [d_idx  111] Красный Узел (ГОР) | тип=Прочие | ЕТСНГ=011005 | период=4 | отправка=Повагонная | не закрыто 1 из 1 ваг.
    ПРИЧИНА: дуги есть (116 шт.), но все совместимые узлы предложения исчерпаны — вагоны ушли на другие заявки (конкуренция за предложение).
  [d_idx  112] Жутово (ПРВ) | тип=Прочие | ЕТСНГ=011005 | период=4 | отправка=Маршрутная | не закрыто 90 из 90 ваг.
    ПРИЧИНА: дуги есть (116 шт.), но все совместимые узлы предложения исчерпаны — вагоны ушли на другие заявки (конкуренция за предложение).
  [d_idx  113] Любовка (ЗСБ) | тип=Прочие | ЕТСНГ=011005 | период=4 | отправка=Повагонная | не закрыто 13 из 13 ваг.
    ПРИЧИНА: дуги есть (117 шт.), но все совместимые узлы предложения исчерпаны — вагоны ушли на другие заявки (конкуренция за предложение).
  [d_idx  114] Любовка (ЗСБ) | тип=Прочие | ЕТСНГ=011005 | период=4 | отправка=Повагонная | не закрыто 3 из 3 ваг.
    ПРИЧИНА: дуги есть (117 шт.), но все совместимые узлы предложения исчерпаны — вагоны ушли на другие заявки (конкуренция за предложение).
  [d_idx  115] Алтайская (ЗСБ) | тип=Прочие | ЕТСНГ=011005 | период=4 | отправка=Повагонная | не закрыто 3 из 13 ваг.
    ПРИЧИНА: дуги есть (116 шт.), но все совместимые узлы предложения исчерпаны — вагоны ушли на другие заявки (конкуренция за предложение).
  [d_idx  117] Хохольская (ЮВС) | тип=Прочие | ЕТСНГ=014003 | период=4 | отправка=Повагонная | не закрыто 13 из 13 ваг.
    ПРИЧИНА: дуги есть (117 шт.), но все совместимые узлы предложения исчерпаны — вагоны ушли на другие заявки (конкуренция за предложение).

  СВОДКА ПО ПРИЧИНАМ:
    источники предложения исчерпаны        узлов:  49, вагонов:  373

  ЗАКРЫВАЕМОСТЬ (по реальному связывающему ограничению):
    структурно недостижимо (нет дуг):             0 ваг.  — нужны новые тарифы / смягчение жёстких фильтров
    упёрто в квоту ДМЗИ (инфраструктура):          0 ваг.  — поможет только повышение квоты на дороге
    держит MIN_BATCH (квота ДМЗИ ещё есть):        0 ваг.  — поможет смягчение партии (middle 0 / масс. 0 / маршр. 0)
    прочее (конкуренция / экономика штрафа):     373 ваг.
--------------------------------
--- УТИЛИЗАЦИЯ КВОТ ДМЗИ ---
  ВСБ  период  1:    0 из    8 ваг.
  ВСБ  период 10:    0 из    2 ваг.
  ГОР  период  1:    0 из  354 ваг.
  ГОР  период 10:    0 из   80 ваг.
  ЗАБ  период  1:   17 из   21 ваг.
  ЗАБ  период 10:    0 из    5 ваг.
  ЗСБ  период  1:   52 из  349 ваг.
  ЗСБ  период 10:    0 из   70 ваг.
  КБШ  период  1:   21 из  400 ваг.
  КБШ  период 10:    0 из   80 ваг.
  КРС  период  1:   17 из   35 ваг.
  КРС  период 10:    0 из    8 ваг.
  МСК  период  1:   33 из  398 ваг.
  МСК  период 10:    0 из   80 ваг.
  ОКТ  период  1:    0 из  291 ваг.
  ОКТ  период 10:    0 из   60 ваг.
  ПРВ  период  1:  122 из  314 ваг.
  ПРВ  период 10:    0 из   63 ваг.
  СВР  период  1:   12 из  506 ваг.
  СВР  период 10:    0 из  117 ваг.
  СЕВ  период  1:    8 из   60 ваг.
  СЕВ  период 10:    0 из   15 ваг.
  ЮВС  период  1:   13 из  160 ваг.
  ЮВС  период 10:    0 из   40 ваг.
  ЮУР  период  1:   30 из   80 ваг.
  ЮУР  период 10:    0 из   20 ваг.
----------------------------
Тарифов до отстоя:           5 (станций излишка 2, станций отстоя 4)
В отстой: 7 из 7 ваг. излишка → 1 станций отстоя, тариф 195691 руб.; не размещено 0 ваг. (нет тарифа / ёмкость исчерпана)
Баланс отчёта оптимизации:   OK (499 ваг. в записях = 499 ваг. предложения)
Записей в отчёте (Excel):    208 (185 оптим. + 20 по факту + 3 в ремонт) / 533 вагонов
  → в POST АПИ (период 1):   208 записей / 533 вагонов
Чекпоинт сохранён:           tmp/checkpoint_2026-06-16_13-20-47.xlsx

======= РЕЗУЛЬТАТЫ ОПТИМИЗАЦИИ =======
Статус решателя:      MIP Optimal (gap=0.000%)
Назначено вагонов:    492
Избыток предложения:  7 ваг. (dummy-спрос)
  остаток по периодам предложения: p1=7 p10=0 прочие=0
  из них в отстой (этап 2): 7 ваг.
Неудовл. спрос:       373 ваг. (dummy-предложение)
Суммарная стоимость:  15859372 руб.
======================================

Результат сохранён:          tmp/result_20260616_132047.json
[SUCCESS] railoptim завершил работу успешно.
