[Пт 11 сен 2026 18:17:27 MSK] Запуск: /home/atretyakov/railoptim/app/bin/railoptim (env=prod, MIP_WARM_START=on)
stations_geo: 19494 записей, data/stations/stations_geo.sqlite (baltic=671, china_mongolia=339, cis=6263, ru=11848, south_caucasus=373)
Получено узлов спроса (погрузка): 427 или 6834 вагонов
Бизнес-правила (business_rules.json): потолок подсыла 6000 км; инотерриторий 12 (исключений 3); дефицитных дорог 6 (вывоз ≤ 300 км, надбавка 30000 руб.); проверка ГУ-12 вкл.
Дороги-инотерритории для ГУ-12 (ForeignRoads): 12
GU12_STATS={"periods": ["0:4", "5:7", "8:9", "10:14"], "rows": 971, "stations": 294, "rows_without_okpo": 48, "cars_by_period": [8561, 4902, 2914, 8825]}
Спрос с учётом ГУ-12 (правило 3): 362 узлов или 4779 вагонов (было 427 / 6834)
  заявок ГУ-12 согласованных: 971 строк / 294 станций (на станциях без спроса: 373)
  по периодам 1..4, ваг.: было [972, 1369, 712, 3781] → стало [729, 940, 454, 2656]
  сопоставлено узлов: по ОКПО 380, по имени грузоотправителя 0, пропорционально по станции 9
  урезано до ГУ-12: 92 узлов / −1313 ваг.; без заявки ГУ-12 (исключены): 65 узлов / 742 ваг.; инотерритория (без проверки): 31 узлов / 476 ваг.
Получено узлов предложения 1 сут.:  209 или 1356 вагонов
  узлов дислокации (2-10 сут., период 10): 503 или 7067 вагонов
Получено узлов предложения всего:  712 или 8423 вагонов
  свободных для назначения:  607 или 8116 вагонов
  требуют ремонта (В ремонт):55 или 225 вагонов
  по факту (Assigned):       50 или 82 вагонов
Дороги без промывки (NoCleaningRoads): 8
Коды «уже промыт/ремонт» (WashedEmptyEtsngCodes): 2
Ban-list чужих владельцев отстоя (reserve_owners.json): 4 пар (станция+ОКПО)
Узлов спроса (промывка):     36 или мощность в период 5 суток 2795 вагонов
  предложений с ЕТСНГ из списка промывки: 263 вагонов (освобождены по NoCleaningRoads: 269; из них есть узел погрузки с тем же ЕТСНГ на любой станции — альтернатива промывке по спросу: 260 вагонов)
Получено тарифов:            34407
Загружено ремонтных станций: 102
Тарифов до ремонтных ст.:    3693
Тарифов до промывки (с надбавкой 10000+40000=50000 руб.): 1428
Ограничения ДМЗИ:            13 дорог (91 записей Ostatok)
  ВСБ  период 1 ≤    5, период 10 ≤    7 ваг.
  ГОР  период 1 ≤  373, период 10 ≤  533 ваг.
  ЗАБ  период 1 ≤   24, период 10 ≤   34 ваг.
  ЗСБ  период 1 ≤  780, период 10 ≤ 1092 ваг.
  КБШ  период 1 ≤ 1004, период 10 ≤ 1412 ваг.
  КРС  период 1 ≤   15, период 10 ≤   21 ваг.
  МСК  период 1 ≤  739, период 10 ≤ 1039 ваг.
  ОКТ  период 1 ≤  315, период 10 ≤  445 ваг.
  ПРВ  период 1 ≤ 1075, период 10 ≤ 1505 ваг.
  СВР  период 1 ≤  541, период 10 ≤  775 ваг.
  СЕВ  период 1 ≤   14, период 10 ≤   20 ваг.
  ЮВС  период 1 ≤ 1522, период 10 ≤ 2144 ваг.
  ЮУР  период 1 ≤  750, период 10 ≤ 1050 ваг.
БД отстоя обновлена:         получено 32 / записано 32 / без etran_id 0
Узлы отстоя (резервы):       76 узлов / ёмкость 2188 ваг. (записей в БД 210, дублей 0, отфильтровано 134, чужих по ban-list 429)
FREE_LOADROADS_STATS={"date_from": "2026-03-11", "date_to": "2026-09-11", "load_station_codes": 493, "cars_on_station_rows": 1899, "cars_total": 80353}
Свободные ёмкости путей:     84 крупных станций -> data/load_stations_free_capacity.json
Всего пар supply×demand:     241586
  без тарифа:                        24240 (10.0%)
  нарушение срока (жёстко):          0 (0.0%)
  несовм. тип вагона:                4485 (1.9%)
  грязный вагон → чужой ЕТСНГ:       29787 (12.3%)
  грязный: дальняя погрузка дороже промывки → в промывку: 238 (0.1%)
  погрузка дальше потолка расстояния (6000 км): 11945 (4.9%)
  инотерритория (правило 1):           9726 (4.0%)
  вывоз с дефицитной дороги (правило 2): 34290 (14.2%)
  допустимых дуг с надбавкой по правилам: 2824 (1.2%)
  допустимых дуг со штрафом за срок:   82351 (34.1%)
  допустимых дуг всего в LP:      126875 (52.5%)
Ограничения партии (MIN_BATCH): массовая выгрузка — 23005 дуг / 1296 пар; средние станции — 51119 дуг / 4369 пар (станций образования: 64, погрузки: 111)
  маршрутные отправки (B=10): 2954 дуг / 318 пар (станций образования: 68, маршрутных станций погрузки: 6)
--- АНАЛИЗ РЕСУРСОВ ---
Предложение: 8116 ваг.
Спрос (погрузка): 4779 ваг.
Ёмкость промывки (верх): 2795 ваг.
Статус: ПРОФИЦИТ к погрузке (+3337 ваг.)
-----------------------
Штраф за остаток предложения: период 1 — 20000 руб./ваг. (143 узлов / 1240 ваг.), дислокация (период 10) — 1000 руб./ваг. (464 узлов / 6876 ваг.); приоритет первых суток ≈ 19000 руб. тарифа
  дефицит по периоду 1: грязные узлы периода 1 — 150000 руб./ваг. — узлов 8, вагонов 18 (промывка выгоднее отстоя)
--- ЖАДНОЕ РЕШЕНИЕ ---
Назначений:            1032 шт.
Назначено вагонов:     5001 / 4779 спрос (погрузка), 8116 предложение
Суммарная стоимость:   324263154.28 руб.
Неудовлетворён спрос:  0 ваг.
Избыток предложения:   3115 ваг.
Покрытие спроса (погр.): 104.6%
----------------------
MIP warm-start: ON (greedy) (управляется env MIP_WARM_START={on|off}, по умолч. on)
--- MIP РЕШЕНИЕ ---
Статус:                MIP ReachedTimeLimit (gap=0.140%)
Назначено вагонов:     4794 / 4779 спрос (погрузка), 8116 предложение
Суммарная стоимость:   234202331.46 руб.
Неудовлетворён спрос:  -0 ваг.
Избыток предложения:   3322 ваг.
Покрытие спроса (погр.): 100.3%
-------------------
MIP время: 120.25 сек (warm-start: ON)
MIP диагностика: status=ReachedTimeLimit, gap=0.1400%, undist=3322 (unmet=0, excess=3322), real_cost=234202331.46
MIP vs greedy:   greedy undist=3115 (unmet=0, excess=3115), real_cost=324263154.28  →  Δundist=+207, Δcost=-90060822.82
--- ДИАГНОСТИКА EXCESS SUPPLY (3322 ваг. в 145 узлах) ---
  [s_idx   26] Поти (Порт, Экспорт) | тип=Т | ЕТСНГ=018131 | period=1 | mass_unload=true | осталось 3 из 3 ваг.
    ПРИЧИНА: все Load-спросы уже закрыты (Load-дуг 314, Wash-дуг 0; везде rem_demand=0).
  [s_idx   27] Поти (Порт, Экспорт) | тип=Прочие | ЕТСНГ=018131 | period=1 | mass_unload=true | осталось 5 из 5 ваг.
    ПРИЧИНА: все Load-спросы уже закрыты (Load-дуг 314, Wash-дуг 0; везде rem_demand=0).
  [s_idx   28] Поти (Порт, Экспорт) | тип=БКТ | ЕТСНГ=018131 | period=1 | mass_unload=true | осталось 4 из 4 ваг.
    ПРИЧИНА: все Load-спросы уже закрыты (Load-дуг 329, Wash-дуг 0; везде rem_demand=0).
  [s_idx   29] Поти (Порт, Экспорт) | тип=БК | ЕТСНГ=018131 | period=1 | mass_unload=true | осталось 3 из 3 ваг.
    ПРИЧИНА: все Load-спросы уже закрыты (Load-дуг 314, Wash-дуг 0; везде rem_demand=0).
  [s_idx   70] Ружино | тип=БК | ЕТСНГ=421195 | period=1 | mass_unload=false | осталось 1 из 1 ваг.
    ПРИЧИНА: все Load-спросы уже закрыты (Load-дуг 13, Wash-дуг 0; везде rem_demand=0).
  [s_idx   71] Уссурийск | тип=БКТ | ЕТСНГ=— | period=1 | mass_unload=false | осталось 2 из 2 ваг.
    ПРИЧИНА: все Load-спросы уже закрыты (Load-дуг 6, Wash-дуг 0; везде rem_demand=0).
  [s_idx   72] Уссурийск | тип=Т | ЕТСНГ=— | period=1 | mass_unload=false | осталось 1 из 1 ваг.
    ПРИЧИНА: все Load-спросы уже закрыты (Load-дуг 6, Wash-дуг 0; везде rem_demand=0).
  [s_idx   73] Гродеково (Экспорт на КЖД [Китай]) | тип=БК | ЕТСНГ=011005 | period=1 | mass_unload=false | осталось 1 из 1 ваг.
    ПРИЧИНА: все Load-спросы уже закрыты (Load-дуг 3, Wash-дуг 0; везде rem_demand=0).
  [s_idx   74] Гродеково (Экспорт на КЖД [Китай]) | тип=БК | ЕТСНГ=015006 | period=1 | mass_unload=false | осталось 3 из 3 ваг.
    ПРИЧИНА: все Load-спросы уже закрыты (Load-дуг 3, Wash-дуг 0; везде rem_demand=0).
  [s_idx   75] Гродеково (Экспорт на КЖД [Китай]) | тип=Прочие | ЕТСНГ=015006 | period=1 | mass_unload=false | осталось 1 из 1 ваг.
    ПРИЧИНА: все Load-спросы уже закрыты (Load-дуг 3, Wash-дуг 0; везде rem_demand=0).
  [s_idx   76] Гродеково (Экспорт на КЖД [Китай]) | тип=БКТ | ЕТСНГ=015006 | period=1 | mass_unload=false | осталось 1 из 1 ваг.
    ПРИЧИНА: все Load-спросы уже закрыты (Load-дуг 3, Wash-дуг 0; везде rem_demand=0).
  [s_idx   79] Белогорск | тип=БКТ | ЕТСНГ=421195 | period=1 | mass_unload=false | осталось 1 из 1 ваг.
    ПРИЧИНА: все Load-спросы уже закрыты (Load-дуг 42, Wash-дуг 0; везде rem_demand=0).
  [s_idx   81] Поздеевка | тип=БКТ | ЕТСНГ=421034 | period=1 | mass_unload=false | осталось 1 из 1 ваг.
    ПРИЧИНА: все Load-спросы уже закрыты (Load-дуг 42, Wash-дуг 0; везде rem_demand=0).
  [s_idx  150] Лужская (Экспорт) | тип=БКТ | ЕТСНГ=011005 | period=10 | mass_unload=true | осталось 1049 из 1061 ваг.
    ПРИЧИНА: все Load-спросы уже закрыты (Load-дуг 353, Wash-дуг 0; везде rem_demand=0).
  [s_idx  153] Гродеково (Экспорт на КЖД [Китай]) | тип=Т | ЕТСНГ=015006 | period=10 | mass_unload=false | осталось 8 из 8 ваг.
    ПРИЧИНА: все Load-спросы уже закрыты (Load-дуг 3, Wash-дуг 0; везде rem_demand=0).
  [s_idx  154] Лужская (Экспорт) | тип=БК | ЕТСНГ=011005 | period=10 | mass_unload=true | осталось 352 из 401 ваг.
    ПРИЧИНА: все Load-спросы уже закрыты (Load-дуг 338, Wash-дуг 0; везде rem_demand=0).
  [s_idx  159] Лиепая (Экспорт) | тип=Т | ЕТСНГ=011005 | period=10 | mass_unload=true | осталось 10 из 159 ваг.
    ПРИЧИНА: все Load-спросы уже закрыты (Load-дуг 322, Wash-дуг 0; везде rem_demand=0).
  [s_idx  161] Смоленск | тип=БКТ | ЕТСНГ=542239 | period=10 | mass_unload=false | осталось 1 из 1 ваг.
    ПРИЧИНА: доступны только Wash-дуги (36 шт., мин. стоимость 97210 руб./ваг.) при штрафе за остаток узла 1000 руб./ваг. (дефицит, грязный узел).
             Промывка дороже штрафа — MIP оставил вагоны в остатке (Wash не имеет штрафа за незаполнение).
  [s_idx  164] Высоцк (Экспорт) | тип=Т | ЕТСНГ=011005 | period=10 | mass_unload=true | осталось 103 из 168 ваг.
    ПРИЧИНА: все Load-спросы уже закрыты (Load-дуг 339, Wash-дуг 0; везде rem_demand=0).
  [s_idx  167] Поти (Порт, Экспорт) | тип=БКТ | ЕТСНГ=018131 | period=10 | mass_unload=true | осталось 159 из 159 ваг.
    ПРИЧИНА: все Load-спросы уже закрыты (Load-дуг 329, Wash-дуг 0; везде rem_demand=0).
  [s_idx  168] Лиепая (Экспорт) | тип=БКТ | ЕТСНГ=011005 | period=10 | mass_unload=true | осталось 191 из 301 ваг.
    ПРИЧИНА: все Load-спросы уже закрыты (Load-дуг 337, Wash-дуг 0; везде rem_demand=0).
  [s_idx  171] Высоцк (Экспорт) | тип=БКТ | ЕТСНГ=011005 | period=10 | mass_unload=true | осталось 264 из 345 ваг.
    ПРИЧИНА: все Load-спросы уже закрыты (Load-дуг 354, Wash-дуг 0; везде rem_demand=0).
  [s_idx  172] Зарафшон | тип=БКТ | ЕТСНГ=542050 | period=10 | mass_unload=false | осталось 1 из 1 ваг.
    ПРИЧИНА: все Load-спросы уже закрыты (Load-дуг 339, Wash-дуг 0; везде rem_demand=0).
  [s_idx  173] Ардым | тип=БК | ЕТСНГ=542224 | period=10 | mass_unload=false | осталось 2 из 2 ваг.
    ПРИЧИНА: доступны только Wash-дуги (36 шт., мин. стоимость 95153 руб./ваг.) при штрафе за остаток узла 1000 руб./ваг. (дефицит, грязный узел).
             Промывка дороже штрафа — MIP оставил вагоны в остатке (Wash не имеет штрафа за незаполнение).
  [s_idx  179] Новый Порт (Экспорт) | тип=БК | ЕТСНГ=018131 | period=10 | mass_unload=true | осталось 2 из 32 ваг.
    ПРИЧИНА: все Load-спросы уже закрыты (Load-дуг 339, Wash-дуг 0; везде rem_demand=0).
  [s_idx  180] Асака | тип=БКТ | ЕТСНГ=542050 | period=10 | mass_unload=false | осталось 4 из 4 ваг.
    ПРИЧИНА: все Load-спросы уже закрыты (Load-дуг 344, Wash-дуг 0; везде rem_demand=0).
  [s_idx  182] Новый Порт (Экспорт) | тип=БКТ | ЕТСНГ=021079 | period=10 | mass_unload=true | осталось 1 из 12 ваг.
    ПРИЧИНА: все Load-спросы уже закрыты (Load-дуг 354, Wash-дуг 0; везде rem_demand=0).
  [s_idx  184] Владивосток (Экспорт) | тип=БКТ | ЕТСНГ=011005 | period=10 | mass_unload=true | осталось 70 из 70 ваг.
    ПРИЧИНА: все Load-спросы уже закрыты (Load-дуг 3, Wash-дуг 0; везде rem_demand=0).
  [s_idx  189] Лужская (Экспорт) | тип=Т | ЕТСНГ=011005 | period=10 | mass_unload=true | осталось 421 из 462 ваг.
    ПРИЧИНА: все Load-спросы уже закрыты (Load-дуг 338, Wash-дуг 0; везде rem_demand=0).
  [s_idx  191] Высоцк (Экспорт) | тип=БК | ЕТСНГ=011005 | period=10 | mass_unload=true | осталось 83 из 124 ваг.
    ПРИЧИНА: все Load-спросы уже закрыты (Load-дуг 339, Wash-дуг 0; везде rem_demand=0).
  [s_idx  192] Поти (Порт, Экспорт) | тип=Т | ЕТСНГ=018131 | period=10 | mass_unload=true | осталось 51 из 51 ваг.
    ПРИЧИНА: все Load-спросы уже закрыты (Load-дуг 314, Wash-дуг 0; везде rem_demand=0).
  [s_idx  196] Поти (Порт, Экспорт) | тип=БК | ЕТСНГ=018131 | period=10 | mass_unload=true | осталось 60 из 60 ваг.
    ПРИЧИНА: все Load-спросы уже закрыты (Load-дуг 314, Wash-дуг 0; везде rem_demand=0).
  [s_idx  205] Денов | тип=БКТ | ЕТСНГ=011005 | period=10 | mass_unload=false | осталось 24 из 24 ваг.
    ПРИЧИНА: все Load-спросы уже закрыты (Load-дуг 350, Wash-дуг 0; везде rem_demand=0).
  [s_idx  209] Савай | тип=Т | ЕТСНГ=011005 | period=10 | mass_unload=false | осталось 2 из 2 ваг.
    ПРИЧИНА: все Load-спросы уже закрыты (Load-дуг 183, Wash-дуг 0; везде rem_demand=0).
  [s_idx  212] Новый Порт (Экспорт) | тип=БКТ | ЕТСНГ=542296 | period=10 | mass_unload=true | осталось 17 из 17 ваг.
    ПРИЧИНА: доступны только Wash-дуги (36 шт., мин. стоимость 83205 руб./ваг.) при штрафе за остаток узла 1000 руб./ваг. (дефицит, грязный узел).
             Промывка дороже штрафа — MIP оставил вагоны в остатке (Wash не имеет штрафа за незаполнение).
  [s_idx  214] Денов | тип=БК | ЕТСНГ=011005 | period=10 | mass_unload=false | осталось 14 из 14 ваг.
    ПРИЧИНА: все Load-спросы уже закрыты (Load-дуг 335, Wash-дуг 0; везде rem_demand=0).
  [s_idx  220] Нижний Ломов | тип=БК | ЕТСНГ=542224 | period=10 | mass_unload=false | осталось 3 из 3 ваг.
    ПРИЧИНА: доступны только Wash-дуги (36 шт., мин. стоимость 118817 руб./ваг.) при штрафе за остаток узла 1000 руб./ваг. (дефицит, грязный узел).
             Промывка дороже штрафа — MIP оставил вагоны в остатке (Wash не имеет штрафа за незаполнение).
  [s_idx  225] Владивосток (Экспорт) | тип=БК | ЕТСНГ=011005 | period=10 | mass_unload=true | осталось 10 из 10 ваг.
    ПРИЧИНА: все Load-спросы уже закрыты (Load-дуг 3, Wash-дуг 0; везде rem_demand=0).
  [s_idx  226] Готня | тип=БК | ЕТСНГ=542239 | period=10 | mass_unload=false | осталось 1 из 13 ваг.
    ПРИЧИНА: доступны только Wash-дуги (36 шт., мин. стоимость 113366 руб./ваг.) при штрафе за остаток узла 1000 руб./ваг. (дефицит, грязный узел).
             Промывка дороже штрафа — MIP оставил вагоны в остатке (Wash не имеет штрафа за незаполнение).
  [s_idx  231] Забайкальск (Экспорт на КЖД [Китай]) | тип=Т | ЕТСНГ=014003 | period=10 | mass_unload=false | осталось 2 из 2 ваг.
    ПРИЧИНА: все Load-спросы уже закрыты (Load-дуг 128, Wash-дуг 0; везде rem_demand=0).
  [s_idx  241] Селикса | тип=БКТ | ЕТСНГ=542224 | period=10 | mass_unload=false | осталось 12 из 12 ваг.
    ПРИЧИНА: доступны только Wash-дуги (36 шт., мин. стоимость 95187 руб./ваг.) при штрафе за остаток узла 1000 руб./ваг. (дефицит, грязный узел).
             Промывка дороже штрафа — MIP оставил вагоны в остатке (Wash не имеет штрафа за незаполнение).
  [s_idx  244] Гродеково (Экспорт на КЖД [Китай]) | тип=БКТ | ЕТСНГ=015006 | period=10 | mass_unload=false | осталось 7 из 7 ваг.
    ПРИЧИНА: все Load-спросы уже закрыты (Load-дуг 3, Wash-дуг 0; везде rem_demand=0).
  [s_idx  247] Новороссийск (Экспорт) | тип=БКТ | ЕТСНГ=542239 | period=10 | mass_unload=true | осталось 16 из 16 ваг.
    ПРИЧИНА: доступны только Wash-дуги (36 шт., мин. стоимость 90802 руб./ваг.) при штрафе за остаток узла 1000 руб./ваг. (дефицит, грязный узел).
             Промывка дороже штрафа — MIP оставил вагоны в остатке (Wash не имеет штрафа за незаполнение).
  [s_idx  251] Ардым | тип=БКТ | ЕТСНГ=542224 | period=10 | mass_unload=false | осталось 5 из 5 ваг.
    ПРИЧИНА: доступны только Wash-дуги (36 шт., мин. стоимость 95153 руб./ваг.) при штрафе за остаток узла 1000 руб./ваг. (дефицит, грязный узел).
             Промывка дороже штрафа — MIP оставил вагоны в остатке (Wash не имеет штрафа за незаполнение).
  [s_idx  258] Новороссийск (Экспорт) | тип=БК | ЕТСНГ=542239 | period=10 | mass_unload=true | осталось 10 из 10 ваг.
    ПРИЧИНА: доступны только Wash-дуги (36 шт., мин. стоимость 90802 руб./ваг.) при штрафе за остаток узла 1000 руб./ваг. (дефицит, грязный узел).
             Промывка дороже штрафа — MIP оставил вагоны в остатке (Wash не имеет штрафа за незаполнение).
  [s_idx  260] Даларик | тип=БКТ | ЕТСНГ=011005 | period=10 | mass_unload=false | осталось 15 из 15 ваг.
    ПРИЧИНА: все Load-спросы уже закрыты (Load-дуг 329, Wash-дуг 0; везде rem_demand=0).
  [s_idx  268] Новый Порт (Экспорт) | тип=БК | ЕТСНГ=542296 | period=10 | mass_unload=true | осталось 4 из 4 ваг.
    ПРИЧИНА: доступны только Wash-дуги (36 шт., мин. стоимость 83205 руб./ваг.) при штрафе за остаток узла 1000 руб./ваг. (дефицит, грязный узел).
             Промывка дороже штрафа — MIP оставил вагоны в остатке (Wash не имеет штрафа за незаполнение).
  [s_idx  270] Правый Берег (Экспорт) | тип=БКТ | ЕТСНГ=011005 | period=10 | mass_unload=false | осталось 12 из 12 ваг.
    ПРИЧИНА: доступны только Wash-дуги (36 шт., мин. стоимость 71385 руб./ваг.) при штрафе за остаток узла 1000 руб./ваг. (дефицит, грязный узел).
             Промывка дороже штрафа — MIP оставил вагоны в остатке (Wash не имеет штрафа за незаполнение).
  [s_idx  271] Мурманские Ворота | тип=БК | ЕТСНГ=542239 | period=10 | mass_unload=false | осталось 1 из 1 ваг.
    ПРИЧИНА: доступны только Wash-дуги (36 шт., мин. стоимость 71342 руб./ваг.) при штрафе за остаток узла 1000 руб./ваг. (дефицит, грязный узел).
             Промывка дороже штрафа — MIP оставил вагоны в остатке (Wash не имеет штрафа за незаполнение).
  [s_idx  276] Душанбе 2 | тип=БКТ | ЕТСНГ=542050 | period=10 | mass_unload=false | осталось 1 из 1 ваг.
    ПРИЧИНА: все Load-спросы уже закрыты (Load-дуг 324, Wash-дуг 0; везде rem_demand=0).
  [s_idx  283] Ереван | тип=БКТ | ЕТСНГ=014003 | period=10 | mass_unload=false | осталось 12 из 12 ваг.
    ПРИЧИНА: все Load-спросы уже закрыты (Load-дуг 330, Wash-дуг 0; везде rem_demand=0).
  [s_idx  286] Готня | тип=БКТ | ЕТСНГ=542224 | period=10 | mass_unload=false | осталось 16 из 16 ваг.
    ПРИЧИНА: доступны только Wash-дуги (36 шт., мин. стоимость 113366 руб./ваг.) при штрафе за остаток узла 1000 руб./ваг. (дефицит, грязный узел).
             Промывка дороже штрафа — MIP оставил вагоны в остатке (Wash не имеет штрафа за незаполнение).
  [s_idx  288] Даларик | тип=Т | ЕТСНГ=011005 | period=10 | mass_unload=false | осталось 11 из 11 ваг.
    ПРИЧИНА: все Load-спросы уже закрыты (Load-дуг 314, Wash-дуг 0; везде rem_demand=0).
  [s_idx  290] Владивосток (Экспорт) | тип=Т | ЕТСНГ=011005 | period=10 | mass_unload=true | осталось 29 из 29 ваг.
    ПРИЧИНА: все Load-спросы уже закрыты (Load-дуг 3, Wash-дуг 0; везде rem_demand=0).
  [s_idx  297] Термиз | тип=БКТ | ЕТСНГ=011005 | period=10 | mass_unload=false | осталось 7 из 7 ваг.
    ПРИЧИНА: все Load-спросы уже закрыты (Load-дуг 1, Wash-дуг 0; везде rem_demand=0).
  [s_idx  301] Шурчи (РЗД) | тип=Т | ЕТСНГ=011005 | period=10 | mass_unload=false | осталось 2 из 2 ваг.
    ПРИЧИНА: все Load-спросы уже закрыты (Load-дуг 173, Wash-дуг 0; везде rem_demand=0).
  [s_idx  308] Блюхер (Экспорт) | тип=БКТ | ЕТСНГ=011005 | period=10 | mass_unload=false | осталось 7 из 7 ваг.
    ПРИЧИНА: все Load-спросы уже закрыты (Load-дуг 2, Wash-дуг 0; везде rem_demand=0).
  [s_idx  313] Забайкальск (Экспорт на КЖД [Китай]) | тип=БК | ЕТСНГ=014003 | period=10 | mass_unload=false | осталось 11 из 11 ваг.
    ПРИЧИНА: все Load-спросы уже закрыты (Load-дуг 128, Wash-дуг 0; везде rem_demand=0).
  [s_idx  318] Металлист | тип=БК | ЕТСНГ=— | period=10 | mass_unload=false | осталось 8 из 8 ваг.
    ПРИЧИНА: доступны только Wash-дуги (36 шт., мин. стоимость 91116 руб./ваг.) при штрафе за остаток узла 1000 руб./ваг. (дефицит, грязный узел).
             Промывка дороже штрафа — MIP оставил вагоны в остатке (Wash не имеет штрафа за незаполнение).
  [s_idx  322] Стрижи | тип=БК | ЕТСНГ=542239 | period=10 | mass_unload=false | осталось 2 из 2 ваг.
    ПРИЧИНА: доступны только Wash-дуги (36 шт., мин. стоимость 136983 руб./ваг.) при штрафе за остаток узла 1000 руб./ваг. (дефицит, грязный узел).
             Промывка дороже штрафа — MIP оставил вагоны в остатке (Wash не имеет штрафа за незаполнение).
  [s_idx  323] Позимь | тип=БК | ЕТСНГ=542239 | period=10 | mass_unload=false | осталось 1 из 1 ваг.
    ПРИЧИНА: доступны только Wash-дуги (36 шт., мин. стоимость 115003 руб./ваг.) при штрафе за остаток узла 1000 руб./ваг. (дефицит, грязный узел).
             Промывка дороже штрафа — MIP оставил вагоны в остатке (Wash не имеет штрафа за незаполнение).
  [s_idx  332] Колышлей | тип=БКТ | ЕТСНГ=542224 | period=10 | mass_unload=false | осталось 3 из 3 ваг.
    ПРИЧИНА: доступны только Wash-дуги (36 шт., мин. стоимость 106886 руб./ваг.) при штрафе за остаток узла 1000 руб./ваг. (дефицит, грязный узел).
             Промывка дороже штрафа — MIP оставил вагоны в остатке (Wash не имеет штрафа за незаполнение).
  [s_idx  341] Шурчи (РЗД) | тип=БКТ | ЕТСНГ=011005 | period=10 | mass_unload=false | осталось 2 из 2 ваг.
    ПРИЧИНА: все Load-спросы уже закрыты (Load-дуг 178, Wash-дуг 0; везде rem_demand=0).
  [s_idx  349] Металлист | тип=БКТ | ЕТСНГ=— | period=10 | mass_unload=false | осталось 3 из 7 ваг.
    ПРИЧИНА: доступны только Wash-дуги (36 шт., мин. стоимость 91116 руб./ваг.) при штрафе за остаток узла 1000 руб./ваг. (дефицит, грязный узел).
             Промывка дороже штрафа — MIP оставил вагоны в остатке (Wash не имеет штрафа за незаполнение).
  [s_idx  350] Забайкальск (Экспорт на КЖД [Китай]) | тип=БКТ | ЕТСНГ=434034 | period=10 | mass_unload=false | осталось 2 из 2 ваг.
    ПРИЧИНА: все Load-спросы уже закрыты (Load-дуг 134, Wash-дуг 0; везде rem_demand=0).
  [s_idx  355] Рыбинск-Товарный | тип=БКТ | ЕТСНГ=542239 | period=10 | mass_unload=false | осталось 4 из 4 ваг.
    ПРИЧИНА: доступны только Wash-дуги (36 шт., мин. стоимость 94247 руб./ваг.) при штрафе за остаток узла 1000 руб./ваг. (дефицит, грязный узел).
             Промывка дороже штрафа — MIP оставил вагоны в остатке (Wash не имеет штрафа за незаполнение).
  [s_idx  356] Поярково | тип=БКТ | ЕТСНГ=014003 | period=10 | mass_unload=false | осталось 10 из 10 ваг.
    ПРИЧИНА: все Load-спросы уже закрыты (Load-дуг 42, Wash-дуг 0; везде rem_demand=0).
  [s_idx  364] Ереван | тип=БК | ЕТСНГ=011005 | period=10 | mass_unload=false | осталось 1 из 1 ваг.
    ПРИЧИНА: все Load-спросы уже закрыты (Load-дуг 315, Wash-дуг 0; везде rem_demand=0).
  [s_idx  366] Астара (Экспорт) | тип=Т | ЕТСНГ=011005 | period=10 | mass_unload=false | осталось 4 из 4 ваг.
    ПРИЧИНА: все Load-спросы уже закрыты (Load-дуг 314, Wash-дуг 0; везде rem_demand=0).
  [s_idx  368] Наушки (Экспорт АО «УБЖД»: участок Улаанбаатар (вкл.) и далее) | тип=БКТ | ЕТСНГ=011005 | period=10 | mass_unload=false | осталось 2 из 2 ваг.
    ПРИЧИНА: все Load-спросы уже закрыты (Load-дуг 251, Wash-дуг 0; везде rem_demand=0).
  [s_idx  369] Готня | тип=Т | ЕТСНГ=542224 | period=10 | mass_unload=false | осталось 2 из 2 ваг.
    ПРИЧИНА: доступны только Wash-дуги (36 шт., мин. стоимость 113366 руб./ваг.) при штрафе за остаток узла 1000 руб./ваг. (дефицит, грязный узел).
             Промывка дороже штрафа — MIP оставил вагоны в остатке (Wash не имеет штрафа за незаполнение).
  [s_idx  372] Астара (Экспорт) | тип=БКТ | ЕТСНГ=011005 | period=10 | mass_unload=false | осталось 7 из 7 ваг.
    ПРИЧИНА: все Load-спросы уже закрыты (Load-дуг 329, Wash-дуг 0; везде rem_demand=0).
  [s_idx  383] Хабаровск 1 | тип=БКТ | ЕТСНГ=018112 | period=10 | mass_unload=false | осталось 3 из 3 ваг.
    ПРИЧИНА: все Load-спросы уже закрыты (Load-дуг 38, Wash-дуг 0; везде rem_demand=0).
  [s_idx  387] Селикса | тип=Т | ЕТСНГ=542224 | period=10 | mass_unload=false | осталось 2 из 2 ваг.
    ПРИЧИНА: доступны только Wash-дуги (36 шт., мин. стоимость 95187 руб./ваг.) при штрафе за остаток узла 1000 руб./ваг. (дефицит, грязный узел).
             Промывка дороже штрафа — MIP оставил вагоны в остатке (Wash не имеет штрафа за незаполнение).
  [s_idx  390] Блюхер (Экспорт) | тип=БК | ЕТСНГ=011005 | period=10 | mass_unload=false | осталось 4 из 4 ваг.
    ПРИЧИНА: все Load-спросы уже закрыты (Load-дуг 2, Wash-дуг 0; везде rem_demand=0).
  [s_idx  392] Базаиха | тип=БКТ | ЕТСНГ=542239 | period=10 | mass_unload=false | осталось 2 из 2 ваг.
    ПРИЧИНА: доступны только Wash-дуги (36 шт., мин. стоимость 69008 руб./ваг.) при штрафе за остаток узла 1000 руб./ваг. (дефицит, грязный узел).
             Промывка дороже штрафа — MIP оставил вагоны в остатке (Wash не имеет штрафа за незаполнение).
  [s_idx  397] Новый Порт (Экспорт) | тип=Т | ЕТСНГ=542296 | period=10 | mass_unload=true | осталось 3 из 3 ваг.
    ПРИЧИНА: доступны только Wash-дуги (36 шт., мин. стоимость 83205 руб./ваг.) при штрафе за остаток узла 1000 руб./ваг. (дефицит, грязный узел).
             Промывка дороже штрафа — MIP оставил вагоны в остатке (Wash не имеет штрафа за незаполнение).
  [s_idx  399] Уссурийск | тип=БК | ЕТСНГ=011005 | period=10 | mass_unload=false | осталось 5 из 5 ваг.
    ПРИЧИНА: все Load-спросы уже закрыты (Load-дуг 6, Wash-дуг 0; везде rem_demand=0).
  [s_idx  401] Даларик | тип=БК | ЕТСНГ=011005 | period=10 | mass_unload=false | осталось 9 из 9 ваг.
    ПРИЧИНА: все Load-спросы уже закрыты (Load-дуг 314, Wash-дуг 0; везде rem_demand=0).
  [s_idx  403] Ереван | тип=БК | ЕТСНГ=014003 | period=10 | mass_unload=false | осталось 1 из 1 ваг.
    ПРИЧИНА: все Load-спросы уже закрыты (Load-дуг 315, Wash-дуг 0; везде rem_demand=0).
  [s_idx  406] Блюхер (Экспорт) | тип=БКТ | ЕТСНГ=018038 | period=10 | mass_unload=false | осталось 1 из 1 ваг.
    ПРИЧИНА: все Load-спросы уже закрыты (Load-дуг 2, Wash-дуг 0; везде rem_demand=0).
  [s_idx  408] Уссурийск | тип=БКТ | ЕТСНГ=011005 | period=10 | mass_unload=false | осталось 7 из 7 ваг.
    ПРИЧИНА: все Load-спросы уже закрыты (Load-дуг 6, Wash-дуг 0; везде rem_demand=0).
  [s_idx  410] Шиповка | тип=Т | ЕТСНГ=021083 | period=10 | mass_unload=false | осталось 5 из 5 ваг.
    ПРИЧИНА: все Load-спросы уже закрыты (Load-дуг 275, Wash-дуг 0; везде rem_demand=0).
  [s_idx  416] Новая Заимка | тип=БКТ | ЕТСНГ=542239 | period=10 | mass_unload=false | осталось 1 из 1 ваг.
    ПРИЧИНА: доступны только Wash-дуги (36 шт., мин. стоимость 120433 руб./ваг.) при штрафе за остаток узла 1000 руб./ваг. (дефицит, грязный узел).
             Промывка дороже штрафа — MIP оставил вагоны в остатке (Wash не имеет штрафа за незаполнение).
  [s_idx  417] Почеп | тип=БКТ | ЕТСНГ=542224 | period=10 | mass_unload=false | осталось 4 из 4 ваг.
    ПРИЧИНА: доступны только Wash-дуги (36 шт., мин. стоимость 70949 руб./ваг.) при штрафе за остаток узла 1000 руб./ваг. (дефицит, грязный узел).
             Промывка дороже штрафа — MIP оставил вагоны в остатке (Wash не имеет штрафа за незаполнение).
  [s_idx  418] Порт Оля (Экспорт) | тип=БКТ | ЕТСНГ=542239 | period=10 | mass_unload=false | осталось 6 из 6 ваг.
    ПРИЧИНА: доступны только Wash-дуги (36 шт., мин. стоимость 94679 руб./ваг.) при штрафе за остаток узла 1000 руб./ваг. (дефицит, грязный узел).
             Промывка дороже штрафа — MIP оставил вагоны в остатке (Wash не имеет штрафа за незаполнение).
  [s_idx  420] Глазов | тип=БК | ЕТСНГ=542239 | period=10 | mass_unload=false | осталось 1 из 1 ваг.
    ПРИЧИНА: доступны только Wash-дуги (36 шт., мин. стоимость 127301 руб./ваг.) при штрафе за остаток узла 1000 руб./ваг. (дефицит, грязный узел).
             Промывка дороже штрафа — MIP оставил вагоны в остатке (Wash не имеет штрафа за незаполнение).
  [s_idx  423] Глазов | тип=БК | ЕТСНГ=— | period=10 | mass_unload=false | осталось 2 из 2 ваг.
    ПРИЧИНА: доступны только Wash-дуги (36 шт., мин. стоимость 127301 руб./ваг.) при штрафе за остаток узла 1000 руб./ваг. (дефицит, грязный узел).
             Промывка дороже штрафа — MIP оставил вагоны в остатке (Wash не имеет штрафа за незаполнение).
  [s_idx  432] Шиповка | тип=БКТ | ЕТСНГ=021083 | period=10 | mass_unload=false | осталось 6 из 6 ваг.
    ПРИЧИНА: все Load-спросы уже закрыты (Load-дуг 288, Wash-дуг 0; везде rem_demand=0).
  [s_idx  433] Забайкальск (Экспорт на КЖД [Китай]) | тип=БК | ЕТСНГ=434034 | period=10 | mass_unload=false | осталось 2 из 2 ваг.
    ПРИЧИНА: все Load-спросы уже закрыты (Load-дуг 128, Wash-дуг 0; везде rem_demand=0).
  [s_idx  436] Шагол | тип=БК | ЕТСНГ=542239 | period=10 | mass_unload=false | осталось 1 из 1 ваг.
    ПРИЧИНА: доступны только Wash-дуги (36 шт., мин. стоимость 68094 руб./ваг.) при штрафе за остаток узла 1000 руб./ваг. (дефицит, грязный узел).
             Промывка дороже штрафа — MIP оставил вагоны в остатке (Wash не имеет штрафа за незаполнение).
  [s_idx  437] Савай | тип=БК | ЕТСНГ=011005 | period=10 | mass_unload=false | осталось 2 из 2 ваг.
    ПРИЧИНА: все Load-спросы уже закрыты (Load-дуг 183, Wash-дуг 0; везде rem_demand=0).
  [s_idx  438] Денов | тип=Т | ЕТСНГ=011005 | period=10 | mass_unload=false | осталось 6 из 6 ваг.
    ПРИЧИНА: все Load-спросы уже закрыты (Load-дуг 335, Wash-дуг 0; везде rem_demand=0).
  [s_idx  440] Поти (Порт, Экспорт) | тип=БКТ | ЕТСНГ=— | period=10 | mass_unload=true | осталось 2 из 2 ваг.
    ПРИЧИНА: все Load-спросы уже закрыты (Load-дуг 329, Wash-дуг 0; везде rem_demand=0).
  [s_idx  442] Почеп | тип=БК | ЕТСНГ=542224 | period=10 | mass_unload=false | осталось 2 из 2 ваг.
    ПРИЧИНА: доступны только Wash-дуги (36 шт., мин. стоимость 70949 руб./ваг.) при штрафе за остаток узла 1000 руб./ваг. (дефицит, грязный узел).
             Промывка дороже штрафа — MIP оставил вагоны в остатке (Wash не имеет штрафа за незаполнение).
  [s_idx  444] Шиповка | тип=БК | ЕТСНГ=021083 | period=10 | mass_unload=false | осталось 1 из 1 ваг.
    ПРИЧИНА: все Load-спросы уже закрыты (Load-дуг 275, Wash-дуг 0; везде rem_demand=0).
  [s_idx  446] Термиз | тип=Т | ЕТСНГ=011005 | period=10 | mass_unload=false | осталось 2 из 2 ваг.
    ПРИЧИНА: все Load-спросы уже закрыты (Load-дуг 1, Wash-дуг 0; везде rem_demand=0).
  [s_idx  449] Придонская | тип=БК | ЕТСНГ=— | period=10 | mass_unload=false | осталось 3 из 3 ваг.
    ПРИЧИНА: доступны только Wash-дуги (36 шт., мин. стоимость 71987 руб./ваг.) при штрафе за остаток узла 1000 руб./ваг. (дефицит, грязный узел).
             Промывка дороже штрафа — MIP оставил вагоны в остатке (Wash не имеет штрафа за незаполнение).
  [s_idx  451] Можга | тип=БК | ЕТСНГ=— | period=10 | mass_unload=false | осталось 1 из 1 ваг.
    ПРИЧИНА: доступны только Wash-дуги (36 шт., мин. стоимость 114638 руб./ваг.) при штрафе за остаток узла 1000 руб./ваг. (дефицит, грязный узел).
             Промывка дороже штрафа — MIP оставил вагоны в остатке (Wash не имеет штрафа за незаполнение).
  [s_idx  452] Ханака | тип=Т | ЕТСНГ=542224 | period=10 | mass_unload=false | осталось 1 из 1 ваг.
    ПРИЧИНА: все Load-спросы уже закрыты (Load-дуг 317, Wash-дуг 0; везде rem_demand=0).
  [s_idx  454] Позимь | тип=БКТ | ЕТСНГ=— | period=10 | mass_unload=false | осталось 4 из 4 ваг.
    ПРИЧИНА: доступны только Wash-дуги (36 шт., мин. стоимость 115003 руб./ваг.) при штрафе за остаток узла 1000 руб./ваг. (дефицит, грязный узел).
             Промывка дороже штрафа — MIP оставил вагоны в остатке (Wash не имеет штрафа за незаполнение).
  [s_idx  456] Менделеево | тип=БК | ЕТСНГ=542239 | period=10 | mass_unload=false | осталось 2 из 2 ваг.
    ПРИЧИНА: доступны только Wash-дуги (36 шт., мин. стоимость 125560 руб./ваг.) при штрафе за остаток узла 1000 руб./ваг. (дефицит, грязный узел).
             Промывка дороже штрафа — MIP оставил вагоны в остатке (Wash не имеет штрафа за незаполнение).
  [s_idx  461] Правый Берег (Экспорт) | тип=БКТ | ЕТСНГ=— | period=10 | mass_unload=false | осталось 1 из 1 ваг.
    ПРИЧИНА: доступны только Wash-дуги (36 шт., мин. стоимость 71385 руб./ваг.) при штрафе за остаток узла 1000 руб./ваг. (дефицит, грязный узел).
             Промывка дороже штрафа — MIP оставил вагоны в остатке (Wash не имеет штрафа за незаполнение).
  [s_idx  462] Богданович | тип=БКТ | ЕТСНГ=505028 | period=10 | mass_unload=false | осталось 1 из 1 ваг.
    ПРИЧИНА: доступны только Wash-дуги (36 шт., мин. стоимость 73689 руб./ваг.) при штрафе за остаток узла 1000 руб./ваг. (дефицит, грязный узел).
             Промывка дороже штрафа — MIP оставил вагоны в остатке (Wash не имеет штрафа за незаполнение).
  [s_idx  467] Термиз | тип=БК | ЕТСНГ=011005 | period=10 | mass_unload=false | осталось 3 из 3 ваг.
    ПРИЧИНА: все Load-спросы уже закрыты (Load-дуг 1, Wash-дуг 0; везде rem_demand=0).
  [s_idx  473] Шагол | тип=БКТ | ЕТСНГ=542239 | period=10 | mass_unload=false | осталось 1 из 1 ваг.
    ПРИЧИНА: доступны только Wash-дуги (36 шт., мин. стоимость 68094 руб./ваг.) при штрафе за остаток узла 1000 руб./ваг. (дефицит, грязный узел).
             Промывка дороже штрафа — MIP оставил вагоны в остатке (Wash не имеет штрафа за незаполнение).
  [s_idx  474] Мурманские Ворота | тип=БКТ | ЕТСНГ=542239 | period=10 | mass_unload=false | осталось 1 из 1 ваг.
    ПРИЧИНА: доступны только Wash-дуги (36 шт., мин. стоимость 71342 руб./ваг.) при штрафе за остаток узла 1000 руб./ваг. (дефицит, грязный узел).
             Промывка дороже штрафа — MIP оставил вагоны в остатке (Wash не имеет штрафа за незаполнение).
  [s_idx  485] Новый Порт | тип=БК | ЕТСНГ=505028 | period=10 | mass_unload=false | осталось 1 из 1 ваг.
    ПРИЧИНА: доступны только Wash-дуги (36 шт., мин. стоимость 83205 руб./ваг.) при штрафе за остаток узла 1000 руб./ваг. (дефицит, грязный узел).
             Промывка дороже штрафа — MIP оставил вагоны в остатке (Wash не имеет штрафа за незаполнение).
  [s_idx  490] Наушки (Экспорт АО «УБЖД»: участок Улаанбаатар (вкл.) и далее) | тип=БК | ЕТСНГ=011005 | period=10 | mass_unload=false | осталось 1 из 1 ваг.
    ПРИЧИНА: все Load-спросы уже закрыты (Load-дуг 243, Wash-дуг 0; везде rem_demand=0).
  [s_idx  491] Поярково | тип=БК | ЕТСНГ=014003 | period=10 | mass_unload=false | осталось 2 из 2 ваг.
    ПРИЧИНА: все Load-спросы уже закрыты (Load-дуг 41, Wash-дуг 0; везде rem_demand=0).
  [s_idx  492] Каргала | тип=БКТ | ЕТСНГ=542224 | period=10 | mass_unload=false | осталось 1 из 1 ваг.
    ПРИЧИНА: доступны только Wash-дуги (36 шт., мин. стоимость 120862 руб./ваг.) при штрафе за остаток узла 1000 руб./ваг. (дефицит, грязный узел).
             Промывка дороже штрафа — MIP оставил вагоны в остатке (Wash не имеет штрафа за незаполнение).
  [s_idx  493] Уссурийск | тип=БК | ЕТСНГ=— | period=10 | mass_unload=false | осталось 1 из 1 ваг.
    ПРИЧИНА: все Load-спросы уже закрыты (Load-дуг 6, Wash-дуг 0; везде rem_demand=0).
  [s_idx  494] Готня | тип=БК | ЕТСНГ=542224 | period=10 | mass_unload=false | осталось 4 из 4 ваг.
    ПРИЧИНА: доступны только Wash-дуги (36 шт., мин. стоимость 113366 руб./ваг.) при штрафе за остаток узла 1000 руб./ваг. (дефицит, грязный узел).
             Промывка дороже штрафа — MIP оставил вагоны в остатке (Wash не имеет штрафа за незаполнение).
  [s_idx  495] Смоленск | тип=БК | ЕТСНГ=542239 | period=10 | mass_unload=false | осталось 3 из 3 ваг.
    ПРИЧИНА: доступны только Wash-дуги (36 шт., мин. стоимость 97210 руб./ваг.) при штрафе за остаток узла 1000 руб./ваг. (дефицит, грязный узел).
             Промывка дороже штрафа — MIP оставил вагоны в остатке (Wash не имеет штрафа за незаполнение).
  [s_idx  498] Качалино | тип=БКТ | ЕТСНГ=542224 | period=10 | mass_unload=false | осталось 2 из 2 ваг.
    ПРИЧИНА: доступны только Wash-дуги (36 шт., мин. стоимость 68398 руб./ваг.) при штрафе за остаток узла 1000 руб./ваг. (дефицит, грязный узел).
             Промывка дороже штрафа — MIP оставил вагоны в остатке (Wash не имеет штрафа за незаполнение).
  [s_idx  503] Наушки (Экспорт АО «УБЖД»: участок Улаанбаатар (вкл.) и далее) | тип=БКТ | ЕТСНГ=015006 | period=10 | mass_unload=false | осталось 1 из 1 ваг.
    ПРИЧИНА: все Load-спросы уже закрыты (Load-дуг 251, Wash-дуг 0; везде rem_demand=0).
  [s_idx  504] Савай | тип=БКТ | ЕТСНГ=011005 | period=10 | mass_unload=false | осталось 4 из 4 ваг.
    ПРИЧИНА: все Load-спросы уже закрыты (Load-дуг 190, Wash-дуг 0; везде rem_demand=0).
  [s_idx  511] Придонская | тип=БКТ | ЕТСНГ=542224 | period=10 | mass_unload=false | осталось 3 из 3 ваг.
    ПРИЧИНА: доступны только Wash-дуги (36 шт., мин. стоимость 71987 руб./ваг.) при штрафе за остаток узла 1000 руб./ваг. (дефицит, грязный узел).
             Промывка дороже штрафа — MIP оставил вагоны в остатке (Wash не имеет штрафа за незаполнение).
  [s_idx  512] Ереван | тип=Т | ЕТСНГ=014003 | period=10 | mass_unload=false | осталось 2 из 2 ваг.
    ПРИЧИНА: все Load-спросы уже закрыты (Load-дуг 315, Wash-дуг 0; везде rem_demand=0).
  [s_idx  513] Селикса | тип=БК | ЕТСНГ=542224 | period=10 | mass_unload=false | осталось 2 из 2 ваг.
    ПРИЧИНА: доступны только Wash-дуги (36 шт., мин. стоимость 95187 руб./ваг.) при штрафе за остаток узла 1000 руб./ваг. (дефицит, грязный узел).
             Промывка дороже штрафа — MIP оставил вагоны в остатке (Wash не имеет штрафа за незаполнение).
  [s_idx  516] Стрижи | тип=БКТ | ЕТСНГ=542239 | period=10 | mass_unload=false | осталось 2 из 2 ваг.
    ПРИЧИНА: доступны только Wash-дуги (36 шт., мин. стоимость 136983 руб./ваг.) при штрафе за остаток узла 1000 руб./ваг. (дефицит, грязный узел).
             Промывка дороже штрафа — MIP оставил вагоны в остатке (Wash не имеет штрафа за незаполнение).
  [s_idx  524] Забайкальск (Экспорт на КЖД [Китай]) | тип=БКТ | ЕТСНГ=014003 | period=10 | mass_unload=false | осталось 3 из 4 ваг.
    ПРИЧИНА: все Load-спросы уже закрыты (Load-дуг 134, Wash-дуг 0; везде rem_demand=0).
  [s_idx  525] Металлист | тип=БК | ЕТСНГ=542239 | period=10 | mass_unload=false | осталось 2 из 2 ваг.
    ПРИЧИНА: доступны только Wash-дуги (36 шт., мин. стоимость 91116 руб./ваг.) при штрафе за остаток узла 1000 руб./ваг. (дефицит, грязный узел).
             Промывка дороже штрафа — MIP оставил вагоны в остатке (Wash не имеет штрафа за незаполнение).
  [s_idx  529] Качалино | тип=БКТ | ЕТСНГ=542224 | period=10 | mass_unload=false | осталось 1 из 1 ваг.
    ПРИЧИНА: доступны только Wash-дуги (36 шт., мин. стоимость 68398 руб./ваг.) при штрафе за остаток узла 1000 руб./ваг. (дефицит, грязный узел).
             Промывка дороже штрафа — MIP оставил вагоны в остатке (Wash не имеет штрафа за незаполнение).
  [s_idx  531] Новая Заимка | тип=БК | ЕТСНГ=542239 | period=10 | mass_unload=false | осталось 2 из 2 ваг.
    ПРИЧИНА: доступны только Wash-дуги (36 шт., мин. стоимость 120433 руб./ваг.) при штрафе за остаток узла 1000 руб./ваг. (дефицит, грязный узел).
             Промывка дороже штрафа — MIP оставил вагоны в остатке (Wash не имеет штрафа за незаполнение).
  [s_idx  536] Алексеевская | тип=БК | ЕТСНГ=— | period=10 | mass_unload=false | осталось 1 из 1 ваг.
    ПРИЧИНА: доступны только Wash-дуги (36 шт., мин. стоимость 91774 руб./ваг.) при штрафе за остаток узла 1000 руб./ваг. (дефицит, грязный узел).
             Промывка дороже штрафа — MIP оставил вагоны в остатке (Wash не имеет штрафа за незаполнение).
  [s_idx  540] Хабаровск 1 | тип=БКТ | ЕТСНГ=— | period=10 | mass_unload=false | осталось 1 из 1 ваг.
    ПРИЧИНА: все Load-спросы уже закрыты (Load-дуг 38, Wash-дуг 0; везде rem_demand=0).
  [s_idx  542] Поярково | тип=Т | ЕТСНГ=014003 | period=10 | mass_unload=false | осталось 1 из 1 ваг.
    ПРИЧИНА: все Load-спросы уже закрыты (Load-дуг 41, Wash-дуг 0; везде rem_demand=0).
  [s_idx  548] Колышлей | тип=БК | ЕТСНГ=542224 | period=10 | mass_unload=false | осталось 4 из 4 ваг.
    ПРИЧИНА: доступны только Wash-дуги (36 шт., мин. стоимость 106886 руб./ваг.) при штрафе за остаток узла 1000 руб./ваг. (дефицит, грязный узел).
             Промывка дороже штрафа — MIP оставил вагоны в остатке (Wash не имеет штрафа за незаполнение).
  [s_idx  550] Невдубстрой | тип=БКТ | ЕТСНГ=542239 | period=10 | mass_unload=false | осталось 2 из 2 ваг.
    ПРИЧИНА: доступны только Wash-дуги (36 шт., мин. стоимость 67759 руб./ваг.) при штрафе за остаток узла 1000 руб./ваг. (дефицит, грязный узел).
             Промывка дороже штрафа — MIP оставил вагоны в остатке (Wash не имеет штрафа за незаполнение).
  [s_idx  551] Астара (Экспорт) | тип=БКТ | ЕТСНГ=— | period=10 | mass_unload=false | осталось 1 из 1 ваг.
    ПРИЧИНА: все Load-спросы уже закрыты (Load-дуг 329, Wash-дуг 0; везде rem_demand=0).
  [s_idx  552] Гянджа | тип=БКТ | ЕТСНГ=011005 | period=10 | mass_unload=false | осталось 1 из 1 ваг.
    ПРИЧИНА: все Load-спросы уже закрыты (Load-дуг 329, Wash-дуг 0; везде rem_demand=0).
  [s_idx  553] Хабаровск 1 | тип=БК | ЕТСНГ=018112 | period=10 | mass_unload=false | осталось 1 из 1 ваг.
    ПРИЧИНА: все Load-спросы уже закрыты (Load-дуг 37, Wash-дуг 0; везде rem_demand=0).
  [s_idx  563] Красная Речка | тип=БКТ | ЕТСНГ=015006 | period=10 | mass_unload=false | осталось 1 из 1 ваг.
    ПРИЧИНА: все Load-спросы уже закрыты (Load-дуг 38, Wash-дуг 0; везде rem_demand=0).
  [s_idx  566] Порт Оля (Экспорт) | тип=БК | ЕТСНГ=542239 | period=10 | mass_unload=false | осталось 1 из 1 ваг.
    ПРИЧИНА: доступны только Wash-дуги (36 шт., мин. стоимость 94679 руб./ваг.) при штрафе за остаток узла 1000 руб./ваг. (дефицит, грязный узел).
             Промывка дороже штрафа — MIP оставил вагоны в остатке (Wash не имеет штрафа за незаполнение).
  [s_idx  570] Шурчи (РЗД) | тип=БК | ЕТСНГ=011005 | period=10 | mass_unload=false | осталось 1 из 1 ваг.
    ПРИЧИНА: все Load-спросы уже закрыты (Load-дуг 173, Wash-дуг 0; везде rem_demand=0).
  [s_idx  574] Качалино | тип=БК | ЕТСНГ=542224 | period=10 | mass_unload=false | осталось 1 из 1 ваг.
    ПРИЧИНА: доступны только Wash-дуги (36 шт., мин. стоимость 68398 руб./ваг.) при штрафе за остаток узла 1000 руб./ваг. (дефицит, грязный узел).
             Промывка дороже штрафа — MIP оставил вагоны в остатке (Wash не имеет штрафа за незаполнение).
  [s_idx  575] Новый Порт | тип=БКТ | ЕТСНГ=505028 | period=10 | mass_unload=false | осталось 1 из 1 ваг.
    ПРИЧИНА: доступны только Wash-дуги (36 шт., мин. стоимость 83205 руб./ваг.) при штрафе за остаток узла 1000 руб./ваг. (дефицит, грязный узел).
             Промывка дороже штрафа — MIP оставил вагоны в остатке (Wash не имеет штрафа за незаполнение).
  [s_idx  583] Нижний Ломов | тип=БКТ | ЕТСНГ=542224 | period=10 | mass_unload=false | осталось 1 из 1 ваг.
    ПРИЧИНА: доступны только Wash-дуги (36 шт., мин. стоимость 118817 руб./ваг.) при штрафе за остаток узла 1000 руб./ваг. (дефицит, грязный узел).
             Промывка дороже штрафа — MIP оставил вагоны в остатке (Wash не имеет штрафа за незаполнение).
  [s_idx  586] Астара (Экспорт) | тип=БК | ЕТСНГ=011005 | period=10 | mass_unload=false | осталось 2 из 2 ваг.
    ПРИЧИНА: все Load-спросы уже закрыты (Load-дуг 314, Wash-дуг 0; везде rem_demand=0).
  [s_idx  590] Ружино | тип=БКТ | ЕТСНГ=421208 | period=10 | mass_unload=false | осталось 2 из 2 ваг.
    ПРИЧИНА: все Load-спросы уже закрыты (Load-дуг 13, Wash-дуг 0; везде rem_demand=0).
  [s_idx  594] Блюхер (Экспорт) | тип=Т | ЕТСНГ=011005 | period=10 | mass_unload=false | осталось 1 из 1 ваг.
    ПРИЧИНА: все Load-спросы уже закрыты (Load-дуг 2, Wash-дуг 0; везде rem_demand=0).
  [s_idx  600] Базаиха | тип=БК | ЕТСНГ=542239 | period=10 | mass_unload=false | осталось 1 из 1 ваг.
    ПРИЧИНА: доступны только Wash-дуги (36 шт., мин. стоимость 69008 руб./ваг.) при штрафе за остаток узла 1000 руб./ваг. (дефицит, грязный узел).
             Промывка дороже штрафа — MIP оставил вагоны в остатке (Wash не имеет штрафа за незаполнение).
  [s_idx  601] Помары | тип=БК | ЕТСНГ=542224 | period=10 | mass_unload=false | осталось 1 из 1 ваг.
    ПРИЧИНА: доступны только Wash-дуги (36 шт., мин. стоимость 114638 руб./ваг.) при штрафе за остаток узла 1000 руб./ваг. (дефицит, грязный узел).
             Промывка дороже штрафа — MIP оставил вагоны в остатке (Wash не имеет штрафа за незаполнение).
  [s_idx  603] Стрижи | тип=Т | ЕТСНГ=542224 | period=10 | mass_unload=false | осталось 1 из 1 ваг.
    ПРИЧИНА: доступны только Wash-дуги (36 шт., мин. стоимость 136983 руб./ваг.) при штрафе за остаток узла 1000 руб./ваг. (дефицит, грязный узел).
             Промывка дороже штрафа — MIP оставил вагоны в остатке (Wash не имеет штрафа за незаполнение).

  СВОДКА ПО ПРИЧИНАМ:
    доступны только Wash-дуги           узлов:  59, вагонов:  198
    все Load-адресаты закрыты           узлов:  86, вагонов: 3124
---------------------------------
--- SEED ДЛЯ ALNS ---
  greedy : undist 3115 (unmet   0 + excess 3115), assigned 5001, real_cost 324263154.28 руб., objective 327625154.28 руб.
  MIP    : undist 3322 (unmet   0 + excess 3322), assigned 4794, real_cost 234202331.46 руб., objective 238037331.46 руб.
  выбран : MIP (критерий: min(unmet), затем min(objective) — как accept ALNS)
---------------------
--- ALNS СТАРТ ---
Начальная real_cost:       234202331.46 руб.
Начальная objective_cost:  238037331.46 руб. (penalty: 3835000.00, unmet: 0, excess: 3322)
Нераспределено (итого):    3322 ваг. (= unmet + excess)
Назначений:                846
Ремонтный оператор:        repair_mip (жёсткий MIN_BATCH)
Бюджет времени:            180 сек.
------------------
[iter   100] ·  54.9/180s | best real 234202331.46 | undist 3322 (unmet 0 + excess 3322) | accept 0 | K=24%
[iter   200] · 131.6/180s | best real 234202331.46 | undist 3322 (unmet 0 + excess 3322) | accept 0 | K=28%
--- ALNS ФИНИШ ---
Итераций:            251
Улучшений:           0
Лучшая real_cost:    234202331.46 руб.
Лучшая objective:    238037331.46 руб. (penalty: 3835000.00, unmet: 0, excess: 3322)
Затрачено:           180.8 сек.
Финальный K:         30%
------------------
--- УТИЛИЗАЦИЯ КВОТ ДМЗИ ---
  ВСБ  период  1:    0 из    5 ваг.
  ВСБ  период 10:    0 из    7 ваг.
  ГОР  период  1:   14 из  373 ваг.
  ГОР  период 10:   70 из  533 ваг.
  ЗАБ  период  1:    0 из   24 ваг.
  ЗАБ  период 10:    1 из   34 ваг.
  ЗСБ  период  1:   46 из  780 ваг.
  ЗСБ  период 10:  218 из 1092 ваг.
  КБШ  период  1:  347 из 1004 ваг.
  КБШ  период 10:  593 из 1412 ваг.
  КРС  период  1:    0 из   15 ваг.
  КРС  период 10:    1 из   21 ваг.
  МСК  период  1:  122 из  739 ваг.
  МСК  период 10:  511 из 1039 ваг.
  ОКТ  период  1:    0 из  315 ваг.
  ОКТ  период 10:    0 из  445 ваг.
  ПРВ  период  1:  120 из 1075 ваг.
  ПРВ  период 10:  326 из 1505 ваг.
  СВР  период  1:    0 из  541 ваг.
  СВР  период 10:    0 из  775 ваг.
  СЕВ  период  1:    0 из   14 ваг.
  СЕВ  период 10:    2 из   20 ваг.
  ЮВС  период  1:  370 из 1522 ваг.
  ЮВС  период 10:  844 из 2144 ваг.
  ЮУР  период  1:   63 из  750 ваг.
  ЮУР  период 10:  145 из 1050 ваг.
----------------------------
Остаток дислокации (период 10): 3295 ваг. — в отстой/на пути не размещается, перепланирование в следующие сутки
Тарифов до отстоя:           300 (станций излишка 6, станций отстоя 52)
В отстой: 27 из 27 ваг. излишка → 2 станций отстоя, тариф 951397 руб.; не размещено 0 ваг. (нет тарифа / ёмкость исчерпана)
Баланс отчёта оптимизации:   OK (8116 ваг. в записях = 8116 ваг. предложения)
Записей в отчёте (Excel):    1096 (991 оптим. + 50 по факту + 55 в ремонт) / 8423 вагонов
  → в POST АПИ (период 1):   328 записей / 1356 вагонов
  → исключено (предл. 10, дислокация): 768 записей / 7067 вагонов
Чекпоинт сохранён:           tmp/checkpoint_2026-09-11_18-24-46.xlsx

======= РЕЗУЛЬТАТЫ ОПТИМИЗАЦИИ =======
Статус решателя:      ALNS (251 итер., 0 улучш., 180.8 сек.)
Назначено вагонов:    4794
Избыток предложения:  3322 ваг. (dummy-спрос)
  остаток по периодам предложения: p1=27 p10=3295 прочие=0
  штраф за остаток в целевой функции: p1=540000 руб. (20000/ваг.), p10=3295000 руб. (1000/ваг.)
  из них в отстой (этап 2): 27 ваг.
Суммарная стоимость:  234202331 руб.
======================================

Результат сохранён:          tmp/result_20260911_182446.json
[SUCCESS] railoptim завершил работу успешно.
