[Чт 11 июн 2026 11:18:44 MSK] Запуск: /home/atretyakov/railoptim/app/bin/railoptim (env=prod, MIP_WARM_START=on)
stations_geo: 19494 записей, data/stations/stations_geo.sqlite (baltic=671, china_mongolia=339, cis=6263, ru=11848, south_caucasus=373)
Получено узлов спроса (погрузка): 118 или 890 вагонов
Получено узлов предложения 1 сут.:  249 или 1300 вагонов
Получено узлов предложения всего:  249 или 1300 вагонов
  свободных для назначения:  211 или 1237 вагонов
  требуют ремонта (В ремонт):14 или 16 вагонов
  по факту (Assigned):       24 или 47 вагонов
Дороги без промывки (NoCleaningRoads): 8
Узлов спроса (промывка):     36 или мощность в период 5 суток 2795 вагонов
  предложений с ЕТСНГ из списка промывки: 61 вагонов (освобождены по NoCleaningRoads: 121; из них есть узел погрузки с тем же ЕТСНГ на любой станции — альтернатива промывке по спросу: 60 вагонов)
Получено тарифов:            7181
Загружено ремонтных станций: 102
Тарифов до ремонтных ст.:    1224
Тарифов до промывки (с надбавкой 10000+40000=50000 руб.): 510
Ограничения ДМЗИ:            13 дорог (77 записей Ostatok)
  ВСБ  период 1 ≤    6, период 10 ≤    6 ваг.
  ГОР  период 1 ≤  212, период 10 ≤  240 ваг.
  ЗАБ  период 1 ≤   10, период 10 ≤   15 ваг.
  ЗСБ  период 1 ≤  210, период 10 ≤  210 ваг.
  КБШ  период 1 ≤  234, период 10 ≤  240 ваг.
  КРС  период 1 ≤   24, период 10 ≤   24 ваг.
  МСК  период 1 ≤  239, период 10 ≤  240 ваг.
  ОКТ  период 1 ≤  176, период 10 ≤  180 ваг.
  ПРВ  период 1 ≤  186, период 10 ≤  189 ваг.
  СВР  период 1 ≤  310, период 10 ≤  351 ваг.
  СЕВ  период 1 ≤    3, период 10 ≤    3 ваг.
  ЮВС  период 1 ≤  120, период 10 ≤  120 ваг.
  ЮУР  период 1 ≤   60, период 10 ≤   60 ваг.
Всего пар supply×demand:     32494
  без тарифа:                        6907 (21.3%)
  нарушение срока (жёстко):          0 (0.0%)
  несовм. тип вагона:                536 (1.6%)
  грязный вагон → чужой ЕТСНГ:       2239 (6.9%)
  допустимых дуг со штрафом за срок:   13305 (40.9%)
  допустимых дуг всего в LP:      22812 (70.2%)
Ограничения партии (MIN_BATCH): массовая выгрузка — 112 дуг / 57 пар; средние станции — 11463 дуг / 1181 пар (станций образования: 33, погрузки: 37)
  маршрутные отправки (B=10): 202 дуг / 24 пар (станций образования: 24, маршрутных станций погрузки: 1)
--- АНАЛИЗ РЕСУРСОВ ---
Предложение: 1237 ваг.
Спрос (погрузка): 890 ваг.
Ёмкость промывки (верх): 2795 ваг.
Статус: ПРОФИЦИТ к погрузке (+347 ваг.)
-----------------------
--- ЖАДНОЕ РЕШЕНИЕ ---
Назначений:            265 шт.
Назначено вагонов:     718 / 890 спрос (погрузка), 1237 предложение
Суммарная стоимость:   29729724.95 руб.
Неудовлетворён спрос:  210 ваг.
Избыток предложения:   519 ваг.
Покрытие спроса (погр.): 80.7%
----------------------
MIP warm-start: ON (greedy) (управляется env MIP_WARM_START={on|off}, по умолч. on)
--- MIP РЕШЕНИЕ ---
Статус:                MIP Optimal (gap=0.001%)
Назначено вагонов:     680 / 890 спрос (погрузка), 1237 предложение
Суммарная стоимость:   25695618.50 руб.
Неудовлетворён спрос:  210 ваг.
Избыток предложения:   557 ваг.
Покрытие спроса (погр.): 76.4%
-------------------
MIP время: 3.30 сек (warm-start: ON)
MIP диагностика: status=Optimal, gap=0.0006%, undist=767 (unmet=210, excess=557), real_cost=25695618.50
MIP vs greedy:   greedy undist=729 (unmet=210, excess=519), real_cost=29729724.95  →  Δundist=+38, Δcost=-4034106.45
  ВНИМАНИЕ: MIP не закрыл 210 ваг. спроса на погрузку (unmet > 0). Возможные причины:
           (а) PENALTY_UNMET ниже стоимости единственно допустимых плеч,
           (б) HiGHS остановился по rel_gap до закрытия всего спроса.
--- ДИАГНОСТИКА EXCESS SUPPLY (557 ваг. в 47 узлах) ---
  [s_idx   60] Вентспилс (Экспорт) | тип=Прочие | ЕТСНГ=021083 | period=1 | mass_unload=false | осталось 5 из 5 ваг.
    ПРИЧИНА: MIN_BATCH-тупик (4 пар). Все Load-дуги с доступным спросом — пары с потоком ниже порога партии:
      · (098306 → 944702): текущий поток 0 ваг., макс. добавим 2 (порог 3)
      · (098306 → 950101): текущий поток 0 ваг., макс. добавим 2 (порог 3)
      · (098306 → 945809): текущий поток 0 ваг., макс. добавим 2 (порог 3)
      · (098306 → 312301): текущий поток 0 ваг., макс. добавим 2 (порог 3)
  [s_idx   61] Вентспилс (Экспорт) | тип=Т | ЕТСНГ=021083 | period=1 | mass_unload=false | осталось 10 из 10 ваг.
    ПРИЧИНА: MIN_BATCH-тупик (4 пар). Все Load-дуги с доступным спросом — пары с потоком ниже порога партии:
      · (098306 → 950101): текущий поток 0 ваг., макс. добавим 2 (порог 3)
      · (098306 → 945809): текущий поток 0 ваг., макс. добавим 2 (порог 3)
      · (098306 → 944702): текущий поток 0 ваг., макс. добавим 2 (порог 3)
      · (098306 → 312301): текущий поток 0 ваг., макс. добавим 2 (порог 3)
  [s_idx   62] Вентспилс (Экспорт) | тип=БКТ | ЕТСНГ=021083 | period=1 | mass_unload=false | осталось 15 из 15 ваг.
    ПРИЧИНА: MIN_BATCH-тупик (4 пар). Все Load-дуги с доступным спросом — пары с потоком ниже порога партии:
      · (098306 → 945809): текущий поток 0 ваг., макс. добавим 2 (порог 3)
      · (098306 → 950101): текущий поток 0 ваг., макс. добавим 2 (порог 3)
      · (098306 → 944702): текущий поток 0 ваг., макс. добавим 2 (порог 3)
      · (098306 → 312301): текущий поток 0 ваг., макс. добавим 2 (порог 3)
  [s_idx   63] Вентспилс (Экспорт) | тип=БК | ЕТСНГ=021083 | period=1 | mass_unload=false | осталось 14 из 17 ваг.
    ПРИЧИНА: MIN_BATCH-тупик (4 пар). Все Load-дуги с доступным спросом — пары с потоком ниже порога партии:
      · (098306 → 950101): текущий поток 0 ваг., макс. добавим 2 (порог 3)
      · (098306 → 312301): текущий поток 0 ваг., макс. добавим 2 (порог 3)
      · (098306 → 944702): текущий поток 0 ваг., макс. добавим 2 (порог 3)
      · (098306 → 945809): текущий поток 0 ваг., макс. добавим 2 (порог 3)
  [s_idx   64] Зиемельблазма (Экспорт) | тип=БК | ЕТСНГ=542239 | period=1 | mass_unload=false | осталось 1 из 7 ваг.
    ПРИЧИНА: MIN_BATCH-тупик (10 пар). Все Load-дуги с доступным спросом — пары с потоком ниже порога партии:
      · (095903 → 853109): текущий поток 0 ваг., макс. добавим 1 (порог 3)
      · (095903 → 950101): текущий поток 0 ваг., макс. добавим 1 (порог 3)
      · (095903 → 944702): текущий поток 0 ваг., макс. добавим 1 (порог 3)
      · (095903 → 312301): текущий поток 0 ваг., макс. добавим 1 (порог 3)
      · (095903 → 815709): текущий поток 0 ваг., макс. добавим 1 (порог 3)
      · ...ещё 5 пар
  [s_idx   72] Ружино | тип=БК | ЕТСНГ=421208 | period=1 | mass_unload=false | осталось 3 из 3 ваг.
    ПРИЧИНА: квота ДМЗИ исчерпана — все Load-дуги с доступным спросом идут на дороги с выбранным лимитом:
      · дорога ЮУР, период 1: использовано 60 из 60 ваг.
  [s_idx   73] Ружино | тип=Прочие | ЕТСНГ=421208 | period=1 | mass_unload=false | осталось 4 из 4 ваг.
    ПРИЧИНА: квота ДМЗИ исчерпана — все Load-дуги с доступным спросом идут на дороги с выбранным лимитом:
      · дорога ЮУР, период 1: использовано 60 из 60 ваг.
  [s_idx   79] Ружино | тип=Т | ЕТСНГ=421208 | period=1 | mass_unload=false | осталось 1 из 1 ваг.
    ПРИЧИНА: MIN_BATCH-тупик (1 пар). Все Load-дуги с доступным спросом — пары с потоком ниже порога партии:
      · (973705 → 811201): текущий поток 0 ваг., макс. добавим 1 (порог 3)
  [s_idx   80] Ружино | тип=БКТ | ЕТСНГ=421208 | period=1 | mass_unload=false | осталось 9 из 9 ваг.
    ПРИЧИНА: квота ДМЗИ исчерпана — все Load-дуги с доступным спросом идут на дороги с выбранным лимитом:
      · дорога ЮУР, период 1: использовано 60 из 60 ваг.
  [s_idx   83] Забайкальск (Экспорт КЖД [Китай]) | тип=Т | ЕТСНГ=014003 | period=1 | mass_unload=false | осталось 7 из 7 ваг.
    ПРИЧИНА: MIN_BATCH-тупик (4 пар). Все Load-дуги с доступным спросом — пары с потоком ниже порога партии:
      · (947005 → 950101): текущий поток 0 ваг., макс. добавим 2 (порог 3)
      · (947005 → 944702): текущий поток 0 ваг., макс. добавим 2 (порог 3)
      · (947005 → 945809): текущий поток 0 ваг., макс. добавим 2 (порог 3)
      · (947005 → 312301): текущий поток 0 ваг., макс. добавим 2 (порог 3)
  [s_idx   84] Забайкальск (Экспорт КЖД [Китай]) | тип=БКТ | ЕТСНГ=014003 | period=1 | mass_unload=false | осталось 8 из 8 ваг.
    ПРИЧИНА: MIN_BATCH-тупик (4 пар). Все Load-дуги с доступным спросом — пары с потоком ниже порога партии:
      · (947005 → 950101): текущий поток 0 ваг., макс. добавим 2 (порог 3)
      · (947005 → 944702): текущий поток 0 ваг., макс. добавим 2 (порог 3)
      · (947005 → 945809): текущий поток 0 ваг., макс. добавим 2 (порог 3)
      · (947005 → 312301): текущий поток 0 ваг., макс. добавим 2 (порог 3)
  [s_idx   85] Забайкальск (Экспорт КЖД [Китай]) | тип=БК | ЕТСНГ=014003 | period=1 | mass_unload=false | осталось 18 из 18 ваг.
    ПРИЧИНА: MIN_BATCH-тупик (4 пар). Все Load-дуги с доступным спросом — пары с потоком ниже порога партии:
      · (947005 → 944702): текущий поток 0 ваг., макс. добавим 2 (порог 3)
      · (947005 → 945809): текущий поток 0 ваг., макс. добавим 2 (порог 3)
      · (947005 → 312301): текущий поток 0 ваг., макс. добавим 2 (порог 3)
      · (947005 → 950101): текущий поток 0 ваг., макс. добавим 2 (порог 3)
  [s_idx   86] Забайкальск (Экспорт КЖД [Китай]) | тип=Прочие | ЕТСНГ=018019 | period=1 | mass_unload=false | осталось 2 из 2 ваг.
    ПРИЧИНА: MIN_BATCH-тупик (10 пар). Все Load-дуги с доступным спросом — пары с потоком ниже порога партии:
      · (947005 → 853908): текущий поток 0 ваг., макс. добавим 2 (порог 3)
      · (947005 → 950101): текущий поток 0 ваг., макс. добавим 2 (порог 3)
      · (947005 → 312301): текущий поток 0 ваг., макс. добавим 2 (порог 3)
      · (947005 → 815709): текущий поток 0 ваг., макс. добавим 2 (порог 3)
      · (947005 → 853109): текущий поток 0 ваг., макс. добавим 2 (порог 3)
      · ...ещё 5 пар
  [s_idx   87] Забайкальск (Экспорт КЖД [Китай]) | тип=БКТ | ЕТСНГ=018038 | period=1 | mass_unload=false | осталось 4 из 4 ваг.
    ПРИЧИНА: MIN_BATCH-тупик (4 пар). Все Load-дуги с доступным спросом — пары с потоком ниже порога партии:
      · (947005 → 950101): текущий поток 0 ваг., макс. добавим 2 (порог 3)
      · (947005 → 944702): текущий поток 0 ваг., макс. добавим 2 (порог 3)
      · (947005 → 312301): текущий поток 0 ваг., макс. добавим 2 (порог 3)
      · (947005 → 945809): текущий поток 0 ваг., макс. добавим 2 (порог 3)
  [s_idx   88] Забайкальск (Экспорт КЖД [Китай]) | тип=Прочие | ЕТСНГ=014003 | period=1 | mass_unload=false | осталось 9 из 9 ваг.
    ПРИЧИНА: MIN_BATCH-тупик (4 пар). Все Load-дуги с доступным спросом — пары с потоком ниже порога партии:
      · (947005 → 312301): текущий поток 0 ваг., макс. добавим 2 (порог 3)
      · (947005 → 944702): текущий поток 0 ваг., макс. добавим 2 (порог 3)
      · (947005 → 950101): текущий поток 0 ваг., макс. добавим 2 (порог 3)
      · (947005 → 945809): текущий поток 0 ваг., макс. добавим 2 (порог 3)
  [s_idx   89] Забайкальск (Экспорт КЖД [Китай]) | тип=Т | ЕТСНГ=018019 | period=1 | mass_unload=false | осталось 1 из 1 ваг.
    ПРИЧИНА: MIN_BATCH-тупик (10 пар). Все Load-дуги с доступным спросом — пары с потоком ниже порога партии:
      · (947005 → 885100): текущий поток 0 ваг., макс. добавим 1 (порог 3)
      · (947005 → 312301): текущий поток 0 ваг., макс. добавим 1 (порог 3)
      · (947005 → 853908): текущий поток 0 ваг., макс. добавим 1 (порог 3)
      · (947005 → 945809): текущий поток 0 ваг., макс. добавим 1 (порог 3)
      · (947005 → 815709): текущий поток 0 ваг., макс. добавим 1 (порог 3)
      · ...ещё 5 пар
  [s_idx   90] Забайкальск (Экспорт КЖД [Китай]) | тип=БК | ЕТСНГ=018038 | period=1 | mass_unload=false | осталось 1 из 1 ваг.
    ПРИЧИНА: MIN_BATCH-тупик (10 пар). Все Load-дуги с доступным спросом — пары с потоком ниже порога партии:
      · (947005 → 945809): текущий поток 0 ваг., макс. добавим 1 (порог 3)
      · (947005 → 834700): текущий поток 0 ваг., макс. добавим 1 (порог 3)
      · (947005 → 811201): текущий поток 0 ваг., макс. добавим 1 (порог 3)
      · (947005 → 312301): текущий поток 0 ваг., макс. добавим 1 (порог 3)
      · (947005 → 885100): текущий поток 0 ваг., макс. добавим 1 (порог 3)
      · ...ещё 5 пар
  [s_idx   91] Забайкальск (Экспорт КЖД [Китай]) | тип=Прочие | ЕТСНГ=018038 | period=1 | mass_unload=false | осталось 1 из 1 ваг.
    ПРИЧИНА: MIN_BATCH-тупик (10 пар). Все Load-дуги с доступным спросом — пары с потоком ниже порога партии:
      · (947005 → 950101): текущий поток 0 ваг., макс. добавим 1 (порог 3)
      · (947005 → 815709): текущий поток 0 ваг., макс. добавим 1 (порог 3)
      · (947005 → 853109): текущий поток 0 ваг., макс. добавим 1 (порог 3)
      · (947005 → 944702): текущий поток 0 ваг., макс. добавим 1 (порог 3)
      · (947005 → 945809): текущий поток 0 ваг., макс. добавим 1 (порог 3)
      · ...ещё 5 пар
  [s_idx   92] Забайкальск (Экспорт КЖД [Китай]) | тип=БК | ЕТСНГ=018019 | period=1 | mass_unload=false | осталось 2 из 2 ваг.
    ПРИЧИНА: MIN_BATCH-тупик (10 пар). Все Load-дуги с доступным спросом — пары с потоком ниже порога партии:
      · (947005 → 944702): текущий поток 0 ваг., макс. добавим 2 (порог 3)
      · (947005 → 312301): текущий поток 0 ваг., макс. добавим 2 (порог 3)
      · (947005 → 853109): текущий поток 0 ваг., макс. добавим 2 (порог 3)
      · (947005 → 853908): текущий поток 0 ваг., макс. добавим 2 (порог 3)
      · (947005 → 945809): текущий поток 0 ваг., макс. добавим 2 (порог 3)
      · ...ещё 5 пар
  [s_idx   93] Забайкальск (Экспорт КЖД [Китай]) | тип=БКТ | ЕТСНГ=013000 | period=1 | mass_unload=false | осталось 2 из 2 ваг.
    ПРИЧИНА: MIN_BATCH-тупик (11 пар). Все Load-дуги с доступным спросом — пары с потоком ниже порога партии:
      · (947005 → 950101): текущий поток 0 ваг., макс. добавим 2 (порог 3)
      · (947005 → 815709): текущий поток 0 ваг., макс. добавим 2 (порог 3)
      · (947005 → 853908): текущий поток 0 ваг., макс. добавим 2 (порог 3)
      · (947005 → 811201): текущий поток 0 ваг., макс. добавим 2 (порог 3)
      · (947005 → 945809): текущий поток 0 ваг., макс. добавим 2 (порог 3)
      · ...ещё 6 пар
  [s_idx   94] Забайкальск (Экспорт КЖД [Китай]) | тип=Т | ЕТСНГ=013000 | period=1 | mass_unload=false | осталось 2 из 2 ваг.
    ПРИЧИНА: MIN_BATCH-тупик (10 пар). Все Load-дуги с доступным спросом — пары с потоком ниже порога партии:
      · (947005 → 815709): текущий поток 0 ваг., макс. добавим 2 (порог 3)
      · (947005 → 811201): текущий поток 0 ваг., макс. добавим 2 (порог 3)
      · (947005 → 853109): текущий поток 0 ваг., макс. добавим 2 (порог 3)
      · (947005 → 944702): текущий поток 0 ваг., макс. добавим 2 (порог 3)
      · (947005 → 834700): текущий поток 0 ваг., макс. добавим 2 (порог 3)
      · ...ещё 5 пар
  [s_idx   95] Забайкальск (Экспорт КЖД [Китай]) | тип=БК | ЕТСНГ=013000 | period=1 | mass_unload=false | осталось 1 из 1 ваг.
    ПРИЧИНА: MIN_BATCH-тупик (10 пар). Все Load-дуги с доступным спросом — пары с потоком ниже порога партии:
      · (947005 → 834700): текущий поток 0 ваг., макс. добавим 1 (порог 3)
      · (947005 → 853908): текущий поток 0 ваг., макс. добавим 1 (порог 3)
      · (947005 → 312301): текущий поток 0 ваг., макс. добавим 1 (порог 3)
      · (947005 → 815709): текущий поток 0 ваг., макс. добавим 1 (порог 3)
      · (947005 → 950101): текущий поток 0 ваг., макс. добавим 1 (порог 3)
      · ...ещё 5 пар
  [s_idx  109] Татарская | тип=БКТ | ЕТСНГ=421195 | period=1 | mass_unload=false | осталось 1 из 1 ваг.
    ПРИЧИНА: доступны только Wash-дуги (36 шт., мин. стоимость 50118 руб./ваг.). В модели Wash не имеет штрафа за незаполнение,
             а excess_supply бесплатный — отправка только увеличила бы obj, MIP корректно оставил вагоны в остатке.
  [s_idx  114] Шиповка | тип=Т | ЕТСНГ=— | period=1 | mass_unload=false | осталось 1 из 1 ваг.
    ПРИЧИНА: MIN_BATCH-тупик (10 пар). Все Load-дуги с доступным спросом — пары с потоком ниже порога партии:
      · (103103 → 834700): текущий поток 0 ваг., макс. добавим 1 (порог 3)
      · (103103 → 312301): текущий поток 0 ваг., макс. добавим 1 (порог 3)
      · (103103 → 885100): текущий поток 0 ваг., макс. добавим 1 (порог 3)
      · (103103 → 853109): текущий поток 0 ваг., макс. добавим 1 (порог 3)
      · (103103 → 944702): текущий поток 0 ваг., макс. добавим 1 (порог 3)
      · ...ещё 5 пар
  [s_idx  115] Шиповка | тип=Т | ЕТСНГ=021083 | period=1 | mass_unload=false | осталось 2 из 2 ваг.
    ПРИЧИНА: MIN_BATCH-тупик (10 пар). Все Load-дуги с доступным спросом — пары с потоком ниже порога партии:
      · (103103 → 950101): текущий поток 0 ваг., макс. добавим 2 (порог 3)
      · (103103 → 945809): текущий поток 0 ваг., макс. добавим 2 (порог 3)
      · (103103 → 834700): текущий поток 0 ваг., макс. добавим 2 (порог 3)
      · (103103 → 811201): текущий поток 0 ваг., макс. добавим 2 (порог 3)
      · (103103 → 312301): текущий поток 0 ваг., макс. добавим 2 (порог 3)
      · ...ещё 5 пар
  [s_idx  116] Шиповка | тип=БК | ЕТСНГ=021083 | period=1 | mass_unload=false | осталось 4 из 4 ваг.
    ПРИЧИНА: MIN_BATCH-тупик (4 пар). Все Load-дуги с доступным спросом — пары с потоком ниже порога партии:
      · (103103 → 950101): текущий поток 0 ваг., макс. добавим 2 (порог 3)
      · (103103 → 312301): текущий поток 0 ваг., макс. добавим 2 (порог 3)
      · (103103 → 945809): текущий поток 0 ваг., макс. добавим 2 (порог 3)
      · (103103 → 944702): текущий поток 0 ваг., макс. добавим 2 (порог 3)
  [s_idx  117] Шиповка | тип=БКТ | ЕТСНГ=021083 | period=1 | mass_unload=false | осталось 5 из 5 ваг.
    ПРИЧИНА: MIN_BATCH-тупик (4 пар). Все Load-дуги с доступным спросом — пары с потоком ниже порога партии:
      · (103103 → 312301): текущий поток 0 ваг., макс. добавим 2 (порог 3)
      · (103103 → 950101): текущий поток 0 ваг., макс. добавим 2 (порог 3)
      · (103103 → 944702): текущий поток 0 ваг., макс. добавим 2 (порог 3)
      · (103103 → 945809): текущий поток 0 ваг., макс. добавим 2 (порог 3)
  [s_idx  118] Шиповка | тип=Прочие | ЕТСНГ=021083 | period=1 | mass_unload=false | осталось 1 из 1 ваг.
    ПРИЧИНА: MIN_BATCH-тупик (10 пар). Все Load-дуги с доступным спросом — пары с потоком ниже порога партии:
      · (103103 → 815709): текущий поток 0 ваг., макс. добавим 1 (порог 3)
      · (103103 → 811201): текущий поток 0 ваг., макс. добавим 1 (порог 3)
      · (103103 → 312301): текущий поток 0 ваг., макс. добавим 1 (порог 3)
      · (103103 → 950101): текущий поток 0 ваг., макс. добавим 1 (порог 3)
      · (103103 → 945809): текущий поток 0 ваг., макс. добавим 1 (порог 3)
      · ...ещё 5 пар
  [s_idx  122] Дубинино | тип=Прочие | ЕТСНГ=421208 | period=1 | mass_unload=false | осталось 1 из 1 ваг.
    ПРИЧИНА: MIN_BATCH-тупик (1 пар). Все Load-дуги с доступным спросом — пары с потоком ниже порога партии:
      · (884501 → 811201): текущий поток 0 ваг., макс. добавим 1 (порог 3)
  [s_idx  129] Ачинск 2 | тип=БКТ | ЕТСНГ=421195 | period=1 | mass_unload=false | осталось 1 из 1 ваг.
    ПРИЧИНА: квота ДМЗИ исчерпана — все Load-дуги с доступным спросом идут на дороги с выбранным лимитом:
      · дорога ЮУР, период 1: использовано 60 из 60 ваг.
  [s_idx  146] Новый Порт (Экспорт) | тип=Т | ЕТСНГ=021079 | period=1 | mass_unload=false | осталось 28 из 28 ваг.
    ПРИЧИНА: MIN_BATCH-тупик (3 пар). Все Load-дуги с доступным спросом — пары с потоком ниже порога партии:
      · (035902 → 950101): текущий поток 0 ваг., макс. добавим 2 (порог 3)
      · (035902 → 944702): текущий поток 0 ваг., макс. добавим 2 (порог 3)
      · (035902 → 945809): текущий поток 0 ваг., макс. добавим 2 (порог 3)
  [s_idx  147] Новый Порт (Экспорт) | тип=БКТ | ЕТСНГ=021079 | period=1 | mass_unload=false | осталось 22 из 22 ваг.
    ПРИЧИНА: MIN_BATCH-тупик (3 пар). Все Load-дуги с доступным спросом — пары с потоком ниже порога партии:
      · (035902 → 945809): текущий поток 0 ваг., макс. добавим 2 (порог 3)
      · (035902 → 950101): текущий поток 0 ваг., макс. добавим 2 (порог 3)
      · (035902 → 944702): текущий поток 0 ваг., макс. добавим 2 (порог 3)
  [s_idx  149] Новый Порт (Экспорт) | тип=БК | ЕТСНГ=021079 | period=1 | mass_unload=false | осталось 16 из 19 ваг.
    ПРИЧИНА: MIN_BATCH-тупик (3 пар). Все Load-дуги с доступным спросом — пары с потоком ниже порога партии:
      · (035902 → 944702): текущий поток 0 ваг., макс. добавим 2 (порог 3)
      · (035902 → 945809): текущий поток 0 ваг., макс. добавим 2 (порог 3)
      · (035902 → 950101): текущий поток 0 ваг., макс. добавим 2 (порог 3)
  [s_idx  150] Новый Порт (Экспорт) | тип=Прочие | ЕТСНГ=021079 | period=1 | mass_unload=false | осталось 6 из 6 ваг.
    ПРИЧИНА: MIN_BATCH-тупик (3 пар). Все Load-дуги с доступным спросом — пары с потоком ниже порога партии:
      · (035902 → 945809): текущий поток 0 ваг., макс. добавим 2 (порог 3)
      · (035902 → 950101): текущий поток 0 ваг., макс. добавим 2 (порог 3)
      · (035902 → 944702): текущий поток 0 ваг., макс. добавим 2 (порог 3)
  [s_idx  152] Рощино | тип=Т | ЕТСНГ=011005 | period=1 | mass_unload=false | осталось 1 из 5 ваг.
    ПРИЧИНА: MIN_BATCH-тупик (10 пар). Все Load-дуги с доступным спросом — пары с потоком ниже порога партии:
      · (039405 → 944702): текущий поток 0 ваг., макс. добавим 1 (порог 3)
      · (039405 → 811201): текущий поток 0 ваг., макс. добавим 1 (порог 3)
      · (039405 → 853908): текущий поток 0 ваг., макс. добавим 1 (порог 3)
      · (039405 → 945809): текущий поток 0 ваг., макс. добавим 1 (порог 3)
      · (039405 → 853109): текущий поток 0 ваг., макс. добавим 1 (порог 3)
      · ...ещё 5 пар
  [s_idx  157] Новый Порт (Экспорт) | тип=— | ЕТСНГ=021079 | period=1 | mass_unload=false | осталось 1 из 1 ваг.
    ПРИЧИНА: MIN_BATCH-тупик (9 пар). Все Load-дуги с доступным спросом — пары с потоком ниже порога партии:
      · (035902 → 950101): текущий поток 0 ваг., макс. добавим 1 (порог 3)
      · (035902 → 885100): текущий поток 0 ваг., макс. добавим 1 (порог 3)
      · (035902 → 944702): текущий поток 0 ваг., макс. добавим 1 (порог 3)
      · (035902 → 945809): текущий поток 0 ваг., макс. добавим 1 (порог 3)
      · (035902 → 834700): текущий поток 0 ваг., макс. добавим 1 (порог 3)
      · ...ещё 4 пар
  [s_idx  159] Высоцк (Экспорт) | тип=БК | ЕТСНГ=011005 | period=1 | mass_unload=false | осталось 3 из 3 ваг.
    ПРИЧИНА: квота ДМЗИ исчерпана — все Load-дуги с доступным спросом идут на дороги с выбранным лимитом:
      · дорога ЗАБ, период 1: использовано 10 из 10 ваг.
      · дорога ЗСБ, период 1: использовано 210 из 210 ваг.
      · дорога КРС, период 1: использовано 24 из 24 ваг.
      · дорога СЕВ, период 1: использовано 3 из 3 ваг.
      · дорога ЮУР, период 1: использовано 60 из 60 ваг.
  [s_idx  160] Рощино | тип=БК | ЕТСНГ=542239 | period=1 | mass_unload=false | осталось 8 из 8 ваг.
    ПРИЧИНА: квота ДМЗИ исчерпана — все Load-дуги с доступным спросом идут на дороги с выбранным лимитом:
      · дорога ЮУР, период 1: использовано 60 из 60 ваг.
  [s_idx  161] Рощино | тип=Прочие | ЕТСНГ=542239 | period=1 | mass_unload=false | осталось 6 из 6 ваг.
    ПРИЧИНА: квота ДМЗИ исчерпана — все Load-дуги с доступным спросом идут на дороги с выбранным лимитом:
      · дорога ЮУР, период 1: использовано 60 из 60 ваг.
  [s_idx  166] Санкт-Петербург-Товарный-Московский | тип=БКТ | ЕТСНГ=011005 | period=1 | mass_unload=false | осталось 3 из 4 ваг.
    ПРИЧИНА: квота ДМЗИ исчерпана — все Load-дуги с доступным спросом идут на дороги с выбранным лимитом:
      · дорога ЗАБ, период 1: использовано 10 из 10 ваг.
      · дорога ЗСБ, период 1: использовано 210 из 210 ваг.
      · дорога КРС, период 1: использовано 24 из 24 ваг.
      · дорога СЕВ, период 1: использовано 3 из 3 ваг.
      · дорога ЮУР, период 1: использовано 60 из 60 ваг.
  [s_idx  185] Ейск | тип=Т | ЕТСНГ=505032 | period=1 | mass_unload=false | осталось 1 из 1 ваг.
    ПРИЧИНА: доступны только Wash-дуги (36 шт., мин. стоимость 59154 руб./ваг.). В модели Wash не имеет штрафа за незаполнение,
             а excess_supply бесплатный — отправка только увеличила бы obj, MIP корректно оставил вагоны в остатке.
  [s_idx  196] Никель | тип=Прочие | ЕТСНГ=421034 | period=1 | mass_unload=false | осталось 1 из 1 ваг.
    ПРИЧИНА: квота ДМЗИ исчерпана — все Load-дуги с доступным спросом идут на дороги с выбранным лимитом:
      · дорога ЗАБ, период 1: использовано 10 из 10 ваг.
  [s_idx  201] ДУШАНБЕ 2 | тип=БКТ | ЕТСНГ=542050 | period=1 | mass_unload=false | осталось 1 из 1 ваг.
    ПРИЧИНА: квота ДМЗИ исчерпана — все Load-дуги с доступным спросом идут на дороги с выбранным лимитом:
      · дорога ЗАБ, период 1: использовано 10 из 10 ваг.
      · дорога ЗСБ, период 1: использовано 210 из 210 ваг.
      · дорога КРС, период 1: использовано 24 из 24 ваг.
      · дорога СЕВ, период 1: использовано 3 из 3 ваг.
      · дорога ЮУР, период 1: использовано 60 из 60 ваг.
  [s_idx  202] Худжанд | тип=БК | ЕТСНГ=542050 | period=1 | mass_unload=false | осталось 3 из 3 ваг.
    ПРИЧИНА: квота ДМЗИ исчерпана — все Load-дуги с доступным спросом идут на дороги с выбранным лимитом:
      · дорога ЗАБ, период 1: использовано 10 из 10 ваг.
      · дорога ЗСБ, период 1: использовано 210 из 210 ваг.
      · дорога КРС, период 1: использовано 24 из 24 ваг.
      · дорога СЕВ, период 1: использовано 3 из 3 ваг.
      · дорога ЮУР, период 1: использовано 60 из 60 ваг.
  [s_idx  206] Раустан | тип=БКТ | ЕТСНГ=542050 | period=1 | mass_unload=false | осталось 1 из 1 ваг.
    ПРИЧИНА: квота ДМЗИ исчерпана — все Load-дуги с доступным спросом идут на дороги с выбранным лимитом:
      · дорога ЗАБ, период 1: использовано 10 из 10 ваг.
      · дорога ЗСБ, период 1: использовано 210 из 210 ваг.
      · дорога КРС, период 1: использовано 24 из 24 ваг.
      · дорога СЕВ, период 1: использовано 3 из 3 ваг.
      · дорога ЮУР, период 1: использовано 60 из 60 ваг.
  [s_idx  207] Ассаке | тип=БКТ | ЕТСНГ=542050 | period=1 | mass_unload=false | осталось 2 из 2 ваг.
    ПРИЧИНА: квота ДМЗИ исчерпана — все Load-дуги с доступным спросом идут на дороги с выбранным лимитом:
      · дорога ЗАБ, период 1: использовано 10 из 10 ваг.
      · дорога ЗСБ, период 1: использовано 210 из 210 ваг.
      · дорога КРС, период 1: использовано 24 из 24 ваг.
      · дорога СЕВ, период 1: использовано 3 из 3 ваг.
      · дорога ЮУР, период 1: использовано 60 из 60 ваг.
  [s_idx  209] Новороссийск | тип=— | ЕТСНГ=— | period=1 | mass_unload=true | осталось 318 из 461 ваг.
    ПРИЧИНА: MIN_BATCH-тупик (6 пар). Все Load-дуги с доступным спросом — пары с потоком ниже порога партии:
      · (520901 → 815605): текущий поток 0 ваг., макс. добавим 2 (порог 3)
      · (520901 → 945809): текущий поток 0 ваг., макс. добавим 2 (порог 3)
      · (520901 → 950101): текущий поток 0 ваг., макс. добавим 2 (порог 3)
      · (520901 → 888409): текущий поток 0 ваг., макс. добавим 1 (порог 3)
      · (520901 → 312301): текущий поток 0 ваг., макс. добавим 2 (порог 3)
      · ...ещё 1 пар

  СВОДКА ПО ПРИЧИНАМ:
    квота ДМЗИ исчерпана                узлов:  13, вагонов:   45
    MIN_BATCH-тупик                     узлов:  32, вагонов:  510
    доступны только Wash-дуги           узлов:   2, вагонов:    2
---------------------------------
MIP нашёл глобальный оптимум (gap=0.0006%) — фаза ALNS пропущена.
--- УТИЛИЗАЦИЯ КВОТ ДМЗИ ---
  ВСБ  период  1:    0 из    6 ваг.
  ВСБ  период 10:    0 из    6 ваг.
  ГОР  период  1:    0 из  212 ваг.
  ГОР  период 10:    0 из  240 ваг.
  ЗАБ  период  1:   10 из   10 ваг.
  ЗАБ  период 10:    0 из   15 ваг.
  ЗСБ  период  1:  210 из  210 ваг.
  ЗСБ  период 10:    0 из  210 ваг.
  КБШ  период  1:   45 из  234 ваг.
  КБШ  период 10:    0 из  240 ваг.
  КРС  период  1:   24 из   24 ваг.
  КРС  период 10:    0 из   24 ваг.
  МСК  период  1:   33 из  239 ваг.
  МСК  период 10:    0 из  240 ваг.
  ОКТ  период  1:    0 из  176 ваг.
  ОКТ  период 10:    0 из  180 ваг.
  ПРВ  период  1:  137 из  186 ваг.
  ПРВ  период 10:    0 из  189 ваг.
  СВР  период  1:    2 из  310 ваг.
  СВР  период 10:    0 из  351 ваг.
  СЕВ  период  1:    3 из    3 ваг.
  СЕВ  период 10:    0 из    3 ваг.
  ЮВС  период  1:   49 из  120 ваг.
  ЮВС  период 10:    0 из  120 ваг.
  ЮУР  период  1:   60 из   60 ваг.
  ЮУР  период 10:    0 из   60 ваг.
----------------------------
Баланс отчёта оптимизации:   OK (1237 ваг. в записях = 1237 ваг. предложения)
Записей в отчёте (Excel):    323 (285 оптим. + 24 по факту + 14 в ремонт) / 1300 вагонов
  → в POST АПИ (период 1):   323 записей / 1300 вагонов
Чекпоинт сохранён:           tmp/checkpoint_2026-06-11_11-21-36.xlsx

======= РЕЗУЛЬТАТЫ ОПТИМИЗАЦИИ =======
Статус решателя:      MIP Optimal (gap=0.001%)
Назначено вагонов:    680
Избыток предложения:  557 ваг. (dummy-спрос)
  остаток по периодам предложения: p1=557 p10=0 прочие=0
Неудовл. спрос:       210 ваг. (dummy-предложение)
Суммарная стоимость:  25695618 руб.
======================================

Результат сохранён:          tmp/result_20260611_112136.json
[SUCCESS] railoptim завершил работу успешно.
