[Пт 19 июн 2026 11:05:00 MSK] Запуск: /home/atretyakov/railoptim/app/bin/railoptim (env=prod, MIP_WARM_START=on)
stations_geo: 19494 записей, data/stations/stations_geo.sqlite (baltic=671, china_mongolia=339, cis=6263, ru=11848, south_caucasus=373)
Получено узлов спроса (погрузка): 82 или 484 вагонов
Получено узлов предложения 1 сут.:  196 или 775 вагонов
Получено узлов предложения всего:  196 или 775 вагонов
  свободных для назначения:  153 или 704 вагонов
  требуют ремонта (В ремонт):5 или 5 вагонов
  по факту (Assigned):       38 или 66 вагонов
Дороги без промывки (NoCleaningRoads): 8
Коды «уже промыт/ремонт» (WashedEmptyEtsngCodes): 2
Ban-list чужих владельцев отстоя (reserve_owners.json): 4 пар (станция+ОКПО)
Узлов спроса (промывка):     36 или мощность в период 5 суток 2795 вагонов
  предложений с ЕТСНГ из списка промывки: 40 вагонов (освобождены по NoCleaningRoads: 27; из них есть узел погрузки с тем же ЕТСНГ на любой станции — альтернатива промывке по спросу: 31 вагонов)
Получено тарифов:            5405
Загружено ремонтных станций: 102
Тарифов до ремонтных ст.:    295
Тарифов до промывки (с надбавкой 10000+40000=50000 руб.): 408
Ограничения ДМЗИ:            13 дорог (76 записей Ostatok)
  ВСБ  период 1 ≤   10, период 10 ≤    2 ваг.
  ГОР  период 1 ≤  365, период 10 ≤   80 ваг.
  ЗАБ  период 1 ≤   20, период 10 ≤    5 ваг.
  ЗСБ  период 1 ≤  350, период 10 ≤   70 ваг.
  КБШ  период 1 ≤  400, период 10 ≤   80 ваг.
  КРС  период 1 ≤   40, период 10 ≤    8 ваг.
  МСК  период 1 ≤  398, период 10 ≤   80 ваг.
  ОКТ  период 1 ≤  300, период 10 ≤   60 ваг.
  ПРВ  период 1 ≤  314, период 10 ≤   63 ваг.
  СВР  период 1 ≤  527, период 10 ≤  117 ваг.
  СЕВ  период 1 ≤   75, период 10 ≤   15 ваг.
  ЮВС  период 1 ≤  160, период 10 ≤   40 ваг.
  ЮУР  период 1 ≤   90, период 10 ≤   20 ваг.
БД отстоя обновлена:         получено 45 / записано 45 / без etran_id 0
Узлы отстоя (резервы):       19 узлов / ёмкость 269 ваг. (записей в БД 25, дублей 0, отфильтровано 6, чужих по ban-list 28)
FREE_LOADROADS_STATS={"date_from": "2025-12-19", "date_to": "2026-06-19", "load_station_codes": 475, "cars_on_station_rows": 1915, "cars_total": 87850}
Свободные ёмкости путей:     84 крупных станций -> data/load_stations_free_capacity.json
Всего пар supply×demand:     18054
  без тарифа:                        4874 (27.0%)
  нарушение срока (жёстко):          0 (0.0%)
  несовм. тип вагона:                279 (1.5%)
  грязный вагон → чужой ЕТСНГ:       1446 (8.0%)
  допустимых дуг со штрафом за срок:   5821 (32.2%)
  допустимых дуг всего в LP:      11455 (63.4%)
Ограничения партии (MIN_BATCH): массовая выгрузка — 77 дуг / 45 пар; средние станции — 2609 дуг / 221 пар (станций образования: 14, погрузки: 16)
  маршрутные отправки (B=10): 114 дуг / 30 пар (станций образования: 15, маршрутных станций погрузки: 2)
--- АНАЛИЗ РЕСУРСОВ ---
Предложение: 704 ваг.
Спрос (погрузка): 484 ваг.
Ёмкость промывки (верх): 2795 ваг.
Статус: ПРОФИЦИТ к погрузке (+220 ваг.)
-----------------------
--- ЖАДНОЕ РЕШЕНИЕ ---
Назначений:            202 шт.
Назначено вагонов:     470 / 484 спрос (погрузка), 704 предложение
Суммарная стоимость:   22675473.72 руб.
Неудовлетворён спрос:  31 ваг.
Избыток предложения:   234 ваг.
Покрытие спроса (погр.): 97.1%
----------------------
MIP warm-start: ON (greedy) (управляется env MIP_WARM_START={on|off}, по умолч. on)
--- MIP РЕШЕНИЕ ---
Статус:                MIP Optimal (gap=0.000%)
Назначено вагонов:     453 / 484 спрос (погрузка), 704 предложение
Суммарная стоимость:   18919995.06 руб.
Неудовлетворён спрос:  31 ваг.
Избыток предложения:   251 ваг.
Покрытие спроса (погр.): 93.6%
-------------------
MIP время: 0.94 сек (warm-start: ON)
MIP диагностика: status=Optimal, gap=0.0000%, undist=282 (unmet=31, excess=251), real_cost=18919995.06
MIP vs greedy:   greedy undist=265 (unmet=31, excess=234), real_cost=22675473.72  →  Δundist=+17, Δcost=-3755478.66
  ВНИМАНИЕ: MIP не закрыл 31 ваг. спроса на погрузку (unmet > 0). Возможные причины:
           (а) PENALTY_UNMET ниже стоимости единственно допустимых плеч,
           (б) HiGHS остановился по rel_gap до закрытия всего спроса.
--- ДИАГНОСТИКА EXCESS SUPPLY (251 ваг. в 33 узлах) ---
  [s_idx   53] Шиповка | тип=Т | ЕТСНГ=021083 | period=1 | mass_unload=false | осталось 1 из 1 ваг.
    ПРИЧИНА: квота ДМЗИ исчерпана — все Load-дуги с доступным спросом идут на дороги с выбранным лимитом:
      · дорога ЗАБ, период 1: использовано 20 из 20 ваг.
  [s_idx   54] Шиповка | тип=БК | ЕТСНГ=021083 | period=1 | mass_unload=false | осталось 1 из 1 ваг.
    ПРИЧИНА: квота ДМЗИ исчерпана — все Load-дуги с доступным спросом идут на дороги с выбранным лимитом:
      · дорога ЗАБ, период 1: использовано 20 из 20 ваг.
  [s_idx   55] Шиповка | тип=БКТ | ЕТСНГ=— | period=1 | mass_unload=false | осталось 3 из 3 ваг.
    ПРИЧИНА: квота ДМЗИ исчерпана — все Load-дуги с доступным спросом идут на дороги с выбранным лимитом:
      · дорога ЗАБ, период 1: использовано 20 из 20 ваг.
  [s_idx   67] Почеп | тип=БК | ЕТСНГ=542224 | period=1 | mass_unload=false | осталось 1 из 6 ваг.
    ПРИЧИНА: квота ДМЗИ исчерпана — все Load-дуги с доступным спросом идут на дороги с выбранным лимитом:
      · дорога ЗАБ, период 1: использовано 20 из 20 ваг.
  [s_idx   77] Тосно | тип=БК | ЕТСНГ=421208 | period=1 | mass_unload=false | осталось 4 из 5 ваг.
    ПРИЧИНА: квота ДМЗИ исчерпана — все Load-дуги с доступным спросом идут на дороги с выбранным лимитом:
      · дорога ЗАБ, период 1: использовано 20 из 20 ваг.
  [s_idx   78] Тосно | тип=Т | ЕТСНГ=421208 | period=1 | mass_unload=false | осталось 5 из 5 ваг.
    ПРИЧИНА: квота ДМЗИ исчерпана — все Load-дуги с доступным спросом идут на дороги с выбранным лимитом:
      · дорога ЗАБ, период 1: использовано 20 из 20 ваг.
  [s_idx   81] Невдубстрой | тип=БКТ | ЕТСНГ=011005 | period=1 | mass_unload=false | осталось 2 из 17 ваг.
    ПРИЧИНА: квота ДМЗИ исчерпана — все Load-дуги с доступным спросом идут на дороги с выбранным лимитом:
      · дорога ЗАБ, период 1: использовано 20 из 20 ваг.
  [s_idx   85] Березки | тип=Прочие | ЕТСНГ=421034 | period=1 | mass_unload=false | осталось 3 из 3 ваг.
    ПРИЧИНА: доступны только Wash-дуги (36 шт., мин. стоимость 64023 руб./ваг.). В модели Wash не имеет штрафа за незаполнение,
             а excess_supply бесплатный — отправка только увеличила бы obj, MIP корректно оставил вагоны в остатке.
  [s_idx   91] Рощино | тип=Т | ЕТСНГ=011005 | period=1 | mass_unload=false | осталось 1 из 1 ваг.
    ПРИЧИНА: квота ДМЗИ исчерпана — все Load-дуги с доступным спросом идут на дороги с выбранным лимитом:
      · дорога ЗАБ, период 1: использовано 20 из 20 ваг.
  [s_idx   92] Новый Порт (Экспорт) | тип=БКТ | ЕТСНГ=021079 | period=1 | mass_unload=false | осталось 3 из 3 ваг.
    ПРИЧИНА: квота ДМЗИ исчерпана — все Load-дуги с доступным спросом идут на дороги с выбранным лимитом:
      · дорога ЗАБ, период 1: использовано 20 из 20 ваг.
  [s_idx   93] Новый Порт (Экспорт) | тип=Т | ЕТСНГ=021079 | period=1 | mass_unload=false | осталось 3 из 3 ваг.
    ПРИЧИНА: квота ДМЗИ исчерпана — все Load-дуги с доступным спросом идут на дороги с выбранным лимитом:
      · дорога ЗАБ, период 1: использовано 20 из 20 ваг.
  [s_idx   94] Невдубстрой | тип=Т | ЕТСНГ=011005 | period=1 | mass_unload=false | осталось 6 из 6 ваг.
    ПРИЧИНА: квота ДМЗИ исчерпана — все Load-дуги с доступным спросом идут на дороги с выбранным лимитом:
      · дорога ЗАБ, период 1: использовано 20 из 20 ваг.
  [s_idx   96] Новый Порт (Экспорт) | тип=БК | ЕТСНГ=021079 | period=1 | mass_unload=false | осталось 1 из 1 ваг.
    ПРИЧИНА: квота ДМЗИ исчерпана — все Load-дуги с доступным спросом идут на дороги с выбранным лимитом:
      · дорога ЗАБ, период 1: использовано 20 из 20 ваг.
  [s_idx   97] Рощино | тип=БКТ | ЕТСНГ=011005 | period=1 | mass_unload=false | осталось 6 из 6 ваг.
    ПРИЧИНА: квота ДМЗИ исчерпана — все Load-дуги с доступным спросом идут на дороги с выбранным лимитом:
      · дорога ЗАБ, период 1: использовано 20 из 20 ваг.
  [s_idx   98] Новый Порт (Экспорт) | тип=Прочие | ЕТСНГ=021079 | period=1 | mass_unload=false | осталось 3 из 3 ваг.
    ПРИЧИНА: квота ДМЗИ исчерпана — все Load-дуги с доступным спросом идут на дороги с выбранным лимитом:
      · дорога ЗАБ, период 1: использовано 20 из 20 ваг.
  [s_idx   99] Рощино | тип=БК | ЕТСНГ=011005 | period=1 | mass_unload=false | осталось 1 из 1 ваг.
    ПРИЧИНА: квота ДМЗИ исчерпана — все Load-дуги с доступным спросом идут на дороги с выбранным лимитом:
      · дорога ЗАБ, период 1: использовано 20 из 20 ваг.
  [s_idx  100] Рощино | тип=Прочие | ЕТСНГ=011005 | period=1 | mass_unload=false | осталось 1 из 1 ваг.
    ПРИЧИНА: квота ДМЗИ исчерпана — все Load-дуги с доступным спросом идут на дороги с выбранным лимитом:
      · дорога ЗАБ, период 1: использовано 20 из 20 ваг.
  [s_idx  104] Невдубстрой | тип=БКТ | ЕТСНГ=021100 | period=1 | mass_unload=false | осталось 4 из 4 ваг.
    ПРИЧИНА: квота ДМЗИ исчерпана — все Load-дуги с доступным спросом идут на дороги с выбранным лимитом:
      · дорога ЗАБ, период 1: использовано 20 из 20 ваг.
  [s_idx  105] Невдубстрой | тип=БКТ | ЕТСНГ=021100 | period=1 | mass_unload=false | осталось 2 из 2 ваг.
    ПРИЧИНА: квота ДМЗИ исчерпана — все Load-дуги с доступным спросом идут на дороги с выбранным лимитом:
      · дорога ЗАБ, период 1: использовано 20 из 20 ваг.
  [s_idx  106] Невдубстрой | тип=БК | ЕТСНГ=021100 | period=1 | mass_unload=false | осталось 1 из 1 ваг.
    ПРИЧИНА: квота ДМЗИ исчерпана — все Load-дуги с доступным спросом идут на дороги с выбранным лимитом:
      · дорога ЗАБ, период 1: использовано 20 из 20 ваг.
  [s_idx  107] Невдубстрой | тип=БК | ЕТСНГ=021100 | period=1 | mass_unload=false | осталось 2 из 2 ваг.
    ПРИЧИНА: квота ДМЗИ исчерпана — все Load-дуги с доступным спросом идут на дороги с выбранным лимитом:
      · дорога ЗАБ, период 1: использовано 20 из 20 ваг.
  [s_idx  108] Невдубстрой | тип=БК | ЕТСНГ=015006 | period=1 | mass_unload=false | осталось 1 из 1 ваг.
    ПРИЧИНА: квота ДМЗИ исчерпана — все Load-дуги с доступным спросом идут на дороги с выбранным лимитом:
      · дорога ЗАБ, период 1: использовано 20 из 20 ваг.
  [s_idx  115] Правый Берег | тип=БКТ | ЕТСНГ=— | period=1 | mass_unload=false | осталось 5 из 5 ваг.
    ПРИЧИНА: квота ДМЗИ исчерпана — все Load-дуги с доступным спросом идут на дороги с выбранным лимитом:
      · дорога ЗАБ, период 1: использовано 20 из 20 ваг.
  [s_idx  123] Текстильный | тип=БКТ | ЕТСНГ=— | period=1 | mass_unload=false | осталось 1 из 1 ваг.
    ПРИЧИНА: квота ДМЗИ исчерпана — все Load-дуги с доступным спросом идут на дороги с выбранным лимитом:
      · дорога ЗАБ, период 1: использовано 20 из 20 ваг.
  [s_idx  126] Текстильный | тип=— | ЕТСНГ=— | period=1 | mass_unload=false | осталось 1 из 1 ваг.
    ПРИЧИНА: квота ДМЗИ исчерпана — все Load-дуги с доступным спросом идут на дороги с выбранным лимитом:
      · дорога ЗАБ, период 1: использовано 20 из 20 ваг.
  [s_idx  127] Текстильный | тип=БК | ЕТСНГ=— | period=1 | mass_unload=false | осталось 1 из 1 ваг.
    ПРИЧИНА: квота ДМЗИ исчерпана — все Load-дуги с доступным спросом идут на дороги с выбранным лимитом:
      · дорога ЗАБ, период 1: использовано 20 из 20 ваг.
  [s_idx  136] Заречная | тип=БК | ЕТСНГ=505028 | period=1 | mass_unload=false | осталось 1 из 1 ваг.
    ПРИЧИНА: доступны только Wash-дуги (36 шт., мин. стоимость 57899 руб./ваг.). В модели Wash не имеет штрафа за незаполнение,
             а excess_supply бесплатный — отправка только увеличила бы obj, MIP корректно оставил вагоны в остатке.
  [s_idx  137] Азов | тип=БКТ | ЕТСНГ=505028 | period=1 | mass_unload=false | осталось 1 из 1 ваг.
    ПРИЧИНА: доступны только Wash-дуги (36 шт., мин. стоимость 59774 руб./ваг.). В модели Wash не имеет штрафа за незаполнение,
             а excess_supply бесплатный — отправка только увеличила бы obj, MIP корректно оставил вагоны в остатке.
  [s_idx  138] Заречная | тип=БКТ | ЕТСНГ=505028 | period=1 | mass_unload=false | осталось 1 из 1 ваг.
    ПРИЧИНА: доступны только Wash-дуги (36 шт., мин. стоимость 57899 руб./ваг.). В модели Wash не имеет штрафа за незаполнение,
             а excess_supply бесплатный — отправка только увеличила бы obj, MIP корректно оставил вагоны в остатке.
  [s_idx  141] Ейск | тип=БКТ | ЕТСНГ=505032 | period=1 | mass_unload=false | осталось 1 из 1 ваг.
    ПРИЧИНА: доступны только Wash-дуги (36 шт., мин. стоимость 59154 руб./ваг.). В модели Wash не имеет штрафа за незаполнение,
             а excess_supply бесплатный — отправка только увеличила бы obj, MIP корректно оставил вагоны в остатке.
  [s_idx  142] Ейск | тип=БКТ | ЕТСНГ=505028 | period=1 | mass_unload=false | осталось 1 из 1 ваг.
    ПРИЧИНА: доступны только Wash-дуги (36 шт., мин. стоимость 59154 руб./ваг.). В модели Wash не имеет штрафа за незаполнение,
             а excess_supply бесплатный — отправка только увеличила бы obj, MIP корректно оставил вагоны в остатке.
  [s_idx  150] Невдубстрой | тип=— | ЕТСНГ=— | period=1 | mass_unload=false | осталось 22 из 24 ваг.
    ПРИЧИНА: квота ДМЗИ исчерпана — все Load-дуги с доступным спросом идут на дороги с выбранным лимитом:
      · дорога ЗАБ, период 1: использовано 20 из 20 ваг.
  [s_idx  152] Новороссийск (Экспорт) | тип=— | ЕТСНГ=— | period=1 | mass_unload=true | осталось 161 из 280 ваг.
    ПРИЧИНА: квота ДМЗИ исчерпана — все Load-дуги с доступным спросом идут на дороги с выбранным лимитом:
      · дорога ЗАБ, период 1: использовано 20 из 20 ваг.

  СВОДКА ПО ПРИЧИНАМ:
    квота ДМЗИ исчерпана                узлов:  27, вагонов:  243
    доступны только Wash-дуги           узлов:   6, вагонов:    8
---------------------------------
MIP нашёл глобальный оптимум (gap=0.0000%) — фаза ALNS пропущена.
--- ДИАГНОСТИКА UNMET DEMAND (31 ваг. в 7 узлах) ---
  [d_idx    7] Маргуцек (ЗАБ) | тип=Прочие | ЕТСНГ=018019 | период=1 | отправка=Повагонная | не закрыто 2 из 9 ваг.
    ПРИЧИНА: квота ДМЗИ исчерпана — все дуги со свободным предложением идут на дороги с выбранным лимитом:
      · дорога ЗАБ, период 1: использовано 20 из 20 ваг.
  [d_idx   35] Маргуцек (ЗАБ) | тип=Прочие | ЕТСНГ=013000 | период=2 | отправка=Повагонная | не закрыто 4 из 4 ваг.
    ПРИЧИНА: квота ДМЗИ исчерпана — все дуги со свободным предложением идут на дороги с выбранным лимитом:
      · дорога ЗАБ, период 1: использовано 20 из 20 ваг.
  [d_idx   36] Маргуцек (ЗАБ) | тип=Прочие | ЕТСНГ=018019 | период=2 | отправка=Повагонная | не закрыто 5 из 5 ваг.
    ПРИЧИНА: квота ДМЗИ исчерпана — все дуги со свободным предложением идут на дороги с выбранным лимитом:
      · дорога ЗАБ, период 1: использовано 20 из 20 ваг.
  [d_idx   46] Белогорск 2 (ЗАБ) | тип=Прочие | ЕТСНГ=542224 | период=3 | отправка=Повагонная | не закрыто 2 из 3 ваг.
    ПРИЧИНА: квота ДМЗИ исчерпана — все дуги со свободным предложением идут на дороги с выбранным лимитом:
      · дорога ЗАБ, период 1: использовано 20 из 20 ваг.
  [d_idx   66] Белогорск 2 (ЗАБ) | тип=Прочие | ЕТСНГ=011005 | период=4 | отправка=Повагонная | не закрыто 3 из 3 ваг.
    ПРИЧИНА: квота ДМЗИ исчерпана — все дуги со свободным предложением идут на дороги с выбранным лимитом:
      · дорога ЗАБ, период 1: использовано 20 из 20 ваг.
  [d_idx   67] Белогорск 2 (ЗАБ) | тип=Прочие | ЕТСНГ=018023 | период=4 | отправка=Повагонная | не закрыто 9 из 9 ваг.
    ПРИЧИНА: квота ДМЗИ исчерпана — все дуги со свободным предложением идут на дороги с выбранным лимитом:
      · дорога ЗАБ, период 1: использовано 20 из 20 ваг.
  [d_idx   72] Поздеевка (ЗАБ) | тип=Прочие | ЕТСНГ=018023 | период=4 | отправка=Повагонная | не закрыто 6 из 6 ваг.
    ПРИЧИНА: квота ДМЗИ исчерпана — все дуги со свободным предложением идут на дороги с выбранным лимитом:
      · дорога ЗАБ, период 1: использовано 20 из 20 ваг.

  СВОДКА ПО ПРИЧИНАМ:
    квота ДМЗИ исчерпана (инфраструктура)  узлов:   7, вагонов:   31

  ЗАКРЫВАЕМОСТЬ (по реальному связывающему ограничению):
    структурно недостижимо (нет дуг):             0 ваг.  — нужны новые тарифы / смягчение жёстких фильтров
    упёрто в квоту ДМЗИ (инфраструктура):         31 ваг.  — поможет только повышение квоты на дороге
    держит MIN_BATCH (квота ДМЗИ ещё есть):        0 ваг.  — поможет смягчение партии (middle 0 / масс. 0 / маршр. 0)
    прочее (конкуренция / экономика штрафа):       0 ваг.
--------------------------------
--- УТИЛИЗАЦИЯ КВОТ ДМЗИ ---
  ВСБ  период  1:    0 из   10 ваг.
  ВСБ  период 10:    0 из    2 ваг.
  ГОР  период  1:    2 из  365 ваг.
  ГОР  период 10:    0 из   80 ваг.
  ЗАБ  период  1:   20 из   20 ваг.
  ЗАБ  период 10:    0 из    5 ваг.
  ЗСБ  период  1:   36 из  350 ваг.
  ЗСБ  период 10:    0 из   70 ваг.
  КБШ  период  1:   22 из  400 ваг.
  КБШ  период 10:    0 из   80 ваг.
  КРС  период  1:   26 из   40 ваг.
  КРС  период 10:    0 из    8 ваг.
  МСК  период  1:   14 из  398 ваг.
  МСК  период 10:    0 из   80 ваг.
  ОКТ  период  1:    0 из  300 ваг.
  ОКТ  период 10:    0 из   60 ваг.
  ПРВ  период  1:   65 из  314 ваг.
  ПРВ  период 10:    0 из   63 ваг.
  СВР  период  1:   12 из  527 ваг.
  СВР  период 10:    0 из  117 ваг.
  СЕВ  период  1:    0 из   75 ваг.
  СЕВ  период 10:    0 из   15 ваг.
  ЮВС  период  1:   35 из  160 ваг.
  ЮВС  период 10:    0 из   40 ваг.
  ЮУР  период  1:   60 из   90 ваг.
  ЮУР  период 10:    0 из   20 ваг.
----------------------------
Тарифов до отстоя:           153 (станций излишка 13, станций отстоя 13)
В отстой: 251 из 251 ваг. излишка → 12 станций отстоя, тариф 12393659 руб.; не размещено 0 ваг. (нет тарифа / ёмкость исчерпана)
Баланс отчёта оптимизации:   OK (704 ваг. в записях = 704 ваг. предложения)
Записей в отчёте (Excel):    254 (209 оптим. + 40 по факту + 5 в ремонт) / 775 вагонов
  → в POST АПИ (период 1):   254 записей / 775 вагонов
Чекпоинт сохранён:           tmp/checkpoint_2026-06-19_11-14-25.xlsx

======= РЕЗУЛЬТАТЫ ОПТИМИЗАЦИИ =======
Статус решателя:      MIP Optimal (gap=0.000%)
Назначено вагонов:    453
Избыток предложения:  251 ваг. (dummy-спрос)
  остаток по периодам предложения: p1=251 p10=0 прочие=0
  из них в отстой (этап 2): 251 ваг.
Неудовл. спрос:       31 ваг. (dummy-предложение)
Суммарная стоимость:  18919995 руб.
======================================

Результат сохранён:          tmp/result_20260619_111425.json
[SUCCESS] railoptim завершил работу успешно.
[Пт 19 июн 2026 16:39:21 MSK] Запуск: /home/atretyakov/railoptim/app/bin/railoptim (env=prod, MIP_WARM_START=on)
stations_geo: 19494 записей, data/stations/stations_geo.sqlite (baltic=671, china_mongolia=339, cis=6263, ru=11848, south_caucasus=373)
Получено узлов спроса (погрузка): 84 или 514 вагонов
Получено узлов предложения 1 сут.:  196 или 775 вагонов
Получено узлов предложения всего:  196 или 775 вагонов
  свободных для назначения:  153 или 704 вагонов
  требуют ремонта (В ремонт):5 или 5 вагонов
  по факту (Assigned):       38 или 66 вагонов
Дороги без промывки (NoCleaningRoads): 8
Коды «уже промыт/ремонт» (WashedEmptyEtsngCodes): 2
Ban-list чужих владельцев отстоя (reserve_owners.json): 4 пар (станция+ОКПО)
Узлов спроса (промывка):     36 или мощность в период 5 суток 2795 вагонов
  предложений с ЕТСНГ из списка промывки: 40 вагонов (освобождены по NoCleaningRoads: 27; из них есть узел погрузки с тем же ЕТСНГ на любой станции — альтернатива промывке по спросу: 35 вагонов)
Получено тарифов:            5549
Загружено ремонтных станций: 102
Тарифов до ремонтных ст.:    295
Тарифов до промывки (с надбавкой 10000+40000=50000 руб.): 408
Ограничения ДМЗИ:            13 дорог (76 записей Ostatok)
  ВСБ  период 1 ≤   10, период 10 ≤    2 ваг.
  ГОР  период 1 ≤  365, период 10 ≤   80 ваг.
  ЗАБ  период 1 ≤   20, период 10 ≤    5 ваг.
  ЗСБ  период 1 ≤  350, период 10 ≤   70 ваг.
  КБШ  период 1 ≤  400, период 10 ≤   80 ваг.
  КРС  период 1 ≤   40, период 10 ≤    8 ваг.
  МСК  период 1 ≤  398, период 10 ≤   80 ваг.
  ОКТ  период 1 ≤  300, период 10 ≤   60 ваг.
  ПРВ  период 1 ≤  314, период 10 ≤   63 ваг.
  СВР  период 1 ≤  527, период 10 ≤  117 ваг.
  СЕВ  период 1 ≤   75, период 10 ≤   15 ваг.
  ЮВС  период 1 ≤  160, период 10 ≤   40 ваг.
  ЮУР  период 1 ≤   90, период 10 ≤   20 ваг.
БД отстоя обновлена:         получено 45 / записано 45 / без etran_id 0
Узлы отстоя (резервы):       19 узлов / ёмкость 269 ваг. (записей в БД 25, дублей 0, отфильтровано 6, чужих по ban-list 28)
FREE_LOADROADS_STATS={"date_from": "2025-12-19", "date_to": "2026-06-19", "load_station_codes": 475, "cars_on_station_rows": 1912, "cars_total": 87457}
Свободные ёмкости путей:     84 крупных станций -> data/load_stations_free_capacity.json
Всего пар supply×demand:     18360
  без тарифа:                        4889 (26.6%)
  нарушение срока (жёстко):          0 (0.0%)
  несовм. тип вагона:                281 (1.5%)
  грязный вагон → чужой ЕТСНГ:       1472 (8.0%)
  допустимых дуг со штрафом за срок:   5895 (32.1%)
  допустимых дуг всего в LP:      11718 (63.8%)
Ограничения партии (MIN_BATCH): массовая выгрузка — 79 дуг / 47 пар; средние станции — 2714 дуг / 247 пар (станций образования: 14, погрузки: 18)
  маршрутные отправки (B=10): 114 дуг / 30 пар (станций образования: 15, маршрутных станций погрузки: 2)
--- АНАЛИЗ РЕСУРСОВ ---
Предложение: 704 ваг.
Спрос (погрузка): 514 ваг.
Ёмкость промывки (верх): 2795 ваг.
Статус: ПРОФИЦИТ к погрузке (+190 ваг.)
-----------------------
--- ЖАДНОЕ РЕШЕНИЕ ---
Назначений:            221 шт.
Назначено вагонов:     500 / 514 спрос (погрузка), 704 предложение
Суммарная стоимость:   24649521.70 руб.
Неудовлетворён спрос:  31 ваг.
Избыток предложения:   204 ваг.
Покрытие спроса (погр.): 97.3%
----------------------
MIP warm-start: ON (greedy) (управляется env MIP_WARM_START={on|off}, по умолч. on)
--- MIP РЕШЕНИЕ ---
Статус:                MIP Optimal (gap=0.000%)
Назначено вагонов:     483 / 514 спрос (погрузка), 704 предложение
Суммарная стоимость:   21045485.02 руб.
Неудовлетворён спрос:  31 ваг.
Избыток предложения:   221 ваг.
Покрытие спроса (погр.): 94.0%
-------------------
MIP время: 0.63 сек (warm-start: ON)
MIP диагностика: status=Optimal, gap=0.0004%, undist=252 (unmet=31, excess=221), real_cost=21045485.02
MIP vs greedy:   greedy undist=235 (unmet=31, excess=204), real_cost=24649521.70  →  Δundist=+17, Δcost=-3604036.68
  ВНИМАНИЕ: MIP не закрыл 31 ваг. спроса на погрузку (unmet > 0). Возможные причины:
           (а) PENALTY_UNMET ниже стоимости единственно допустимых плеч,
           (б) HiGHS остановился по rel_gap до закрытия всего спроса.
--- ДИАГНОСТИКА EXCESS SUPPLY (221 ваг. в 27 узлах) ---
  [s_idx   53] Шиповка | тип=Т | ЕТСНГ=021083 | period=1 | mass_unload=false | осталось 1 из 1 ваг.
    ПРИЧИНА: квота ДМЗИ исчерпана — все Load-дуги с доступным спросом идут на дороги с выбранным лимитом:
      · дорога ЗАБ, период 1: использовано 20 из 20 ваг.
  [s_idx   54] Шиповка | тип=БК | ЕТСНГ=021083 | period=1 | mass_unload=false | осталось 1 из 1 ваг.
    ПРИЧИНА: квота ДМЗИ исчерпана — все Load-дуги с доступным спросом идут на дороги с выбранным лимитом:
      · дорога ЗАБ, период 1: использовано 20 из 20 ваг.
  [s_idx   55] Шиповка | тип=БКТ | ЕТСНГ=— | period=1 | mass_unload=false | осталось 3 из 3 ваг.
    ПРИЧИНА: квота ДМЗИ исчерпана — все Load-дуги с доступным спросом идут на дороги с выбранным лимитом:
      · дорога ЗАБ, период 1: использовано 20 из 20 ваг.
  [s_idx   67] Почеп | тип=БК | ЕТСНГ=542224 | period=1 | mass_unload=false | осталось 1 из 6 ваг.
    ПРИЧИНА: квота ДМЗИ исчерпана — все Load-дуги с доступным спросом идут на дороги с выбранным лимитом:
      · дорога ЗАБ, период 1: использовано 20 из 20 ваг.
  [s_idx   81] Невдубстрой | тип=БКТ | ЕТСНГ=011005 | period=1 | mass_unload=false | осталось 11 из 17 ваг.
    ПРИЧИНА: квота ДМЗИ исчерпана — все Load-дуги с доступным спросом идут на дороги с выбранным лимитом:
      · дорога ЗАБ, период 1: использовано 20 из 20 ваг.
  [s_idx   85] Березки | тип=Прочие | ЕТСНГ=421034 | period=1 | mass_unload=false | осталось 3 из 3 ваг.
    ПРИЧИНА: доступны только Wash-дуги (36 шт., мин. стоимость 64023 руб./ваг.). В модели Wash не имеет штрафа за незаполнение,
             а excess_supply бесплатный — отправка только увеличила бы obj, MIP корректно оставил вагоны в остатке.
  [s_idx   91] Рощино | тип=Т | ЕТСНГ=011005 | period=1 | mass_unload=false | осталось 1 из 1 ваг.
    ПРИЧИНА: квота ДМЗИ исчерпана — все Load-дуги с доступным спросом идут на дороги с выбранным лимитом:
      · дорога ЗАБ, период 1: использовано 20 из 20 ваг.
  [s_idx   93] Новый Порт (Экспорт) | тип=Т | ЕТСНГ=021079 | period=1 | mass_unload=false | осталось 2 из 3 ваг.
    ПРИЧИНА: квота ДМЗИ исчерпана — все Load-дуги с доступным спросом идут на дороги с выбранным лимитом:
      · дорога ЗАБ, период 1: использовано 20 из 20 ваг.
  [s_idx   95] Невдубстрой | тип=БК | ЕТСНГ=011005 | period=1 | mass_unload=false | осталось 3 из 3 ваг.
    ПРИЧИНА: квота ДМЗИ исчерпана — все Load-дуги с доступным спросом идут на дороги с выбранным лимитом:
      · дорога ЗАБ, период 1: использовано 20 из 20 ваг.
  [s_idx   96] Новый Порт (Экспорт) | тип=БК | ЕТСНГ=021079 | period=1 | mass_unload=false | осталось 1 из 1 ваг.
    ПРИЧИНА: квота ДМЗИ исчерпана — все Load-дуги с доступным спросом идут на дороги с выбранным лимитом:
      · дорога ЗАБ, период 1: использовано 20 из 20 ваг.
  [s_idx   97] Рощино | тип=БКТ | ЕТСНГ=011005 | period=1 | mass_unload=false | осталось 6 из 6 ваг.
    ПРИЧИНА: квота ДМЗИ исчерпана — все Load-дуги с доступным спросом идут на дороги с выбранным лимитом:
      · дорога ЗАБ, период 1: использовано 20 из 20 ваг.
  [s_idx   98] Новый Порт (Экспорт) | тип=Прочие | ЕТСНГ=021079 | period=1 | mass_unload=false | осталось 3 из 3 ваг.
    ПРИЧИНА: квота ДМЗИ исчерпана — все Load-дуги с доступным спросом идут на дороги с выбранным лимитом:
      · дорога ЗАБ, период 1: использовано 20 из 20 ваг.
  [s_idx   99] Рощино | тип=БК | ЕТСНГ=011005 | period=1 | mass_unload=false | осталось 1 из 1 ваг.
    ПРИЧИНА: квота ДМЗИ исчерпана — все Load-дуги с доступным спросом идут на дороги с выбранным лимитом:
      · дорога ЗАБ, период 1: использовано 20 из 20 ваг.
  [s_idx  100] Рощино | тип=Прочие | ЕТСНГ=011005 | period=1 | mass_unload=false | осталось 1 из 1 ваг.
    ПРИЧИНА: квота ДМЗИ исчерпана — все Load-дуги с доступным спросом идут на дороги с выбранным лимитом:
      · дорога ЗАБ, период 1: использовано 20 из 20 ваг.
  [s_idx  105] Невдубстрой | тип=БКТ | ЕТСНГ=021100 | period=1 | mass_unload=false | осталось 2 из 2 ваг.
    ПРИЧИНА: квота ДМЗИ исчерпана — все Load-дуги с доступным спросом идут на дороги с выбранным лимитом:
      · дорога ЗАБ, период 1: использовано 20 из 20 ваг.
  [s_idx  115] Правый Берег | тип=БКТ | ЕТСНГ=— | period=1 | mass_unload=false | осталось 5 из 5 ваг.
    ПРИЧИНА: квота ДМЗИ исчерпана — все Load-дуги с доступным спросом идут на дороги с выбранным лимитом:
      · дорога ЗАБ, период 1: использовано 20 из 20 ваг.
  [s_idx  123] Текстильный | тип=БКТ | ЕТСНГ=— | period=1 | mass_unload=false | осталось 1 из 1 ваг.
    ПРИЧИНА: квота ДМЗИ исчерпана — все Load-дуги с доступным спросом идут на дороги с выбранным лимитом:
      · дорога ЗАБ, период 1: использовано 20 из 20 ваг.
  [s_idx  126] Текстильный | тип=— | ЕТСНГ=— | period=1 | mass_unload=false | осталось 1 из 1 ваг.
    ПРИЧИНА: квота ДМЗИ исчерпана — все Load-дуги с доступным спросом идут на дороги с выбранным лимитом:
      · дорога ЗАБ, период 1: использовано 20 из 20 ваг.
  [s_idx  127] Текстильный | тип=БК | ЕТСНГ=— | period=1 | mass_unload=false | осталось 1 из 1 ваг.
    ПРИЧИНА: квота ДМЗИ исчерпана — все Load-дуги с доступным спросом идут на дороги с выбранным лимитом:
      · дорога ЗАБ, период 1: использовано 20 из 20 ваг.
  [s_idx  136] Заречная | тип=БК | ЕТСНГ=505028 | period=1 | mass_unload=false | осталось 1 из 1 ваг.
    ПРИЧИНА: доступны только Wash-дуги (36 шт., мин. стоимость 57899 руб./ваг.). В модели Wash не имеет штрафа за незаполнение,
             а excess_supply бесплатный — отправка только увеличила бы obj, MIP корректно оставил вагоны в остатке.
  [s_idx  137] Азов | тип=БКТ | ЕТСНГ=505028 | period=1 | mass_unload=false | осталось 1 из 1 ваг.
    ПРИЧИНА: доступны только Wash-дуги (36 шт., мин. стоимость 59774 руб./ваг.). В модели Wash не имеет штрафа за незаполнение,
             а excess_supply бесплатный — отправка только увеличила бы obj, MIP корректно оставил вагоны в остатке.
  [s_idx  138] Заречная | тип=БКТ | ЕТСНГ=505028 | period=1 | mass_unload=false | осталось 1 из 1 ваг.
    ПРИЧИНА: доступны только Wash-дуги (36 шт., мин. стоимость 57899 руб./ваг.). В модели Wash не имеет штрафа за незаполнение,
             а excess_supply бесплатный — отправка только увеличила бы obj, MIP корректно оставил вагоны в остатке.
  [s_idx  141] Ейск | тип=БКТ | ЕТСНГ=505032 | period=1 | mass_unload=false | осталось 1 из 1 ваг.
    ПРИЧИНА: доступны только Wash-дуги (36 шт., мин. стоимость 59154 руб./ваг.). В модели Wash не имеет штрафа за незаполнение,
             а excess_supply бесплатный — отправка только увеличила бы obj, MIP корректно оставил вагоны в остатке.
  [s_idx  142] Ейск | тип=БКТ | ЕТСНГ=505028 | period=1 | mass_unload=false | осталось 1 из 1 ваг.
    ПРИЧИНА: доступны только Wash-дуги (36 шт., мин. стоимость 59154 руб./ваг.). В модели Wash не имеет штрафа за незаполнение,
             а excess_supply бесплатный — отправка только увеличила бы obj, MIP корректно оставил вагоны в остатке.
  [s_idx  149] Тосно | тип=— | ЕТСНГ=— | period=1 | mass_unload=false | осталось 1 из 8 ваг.
    ПРИЧИНА: квота ДМЗИ исчерпана — все Load-дуги с доступным спросом идут на дороги с выбранным лимитом:
      · дорога ЗАБ, период 1: использовано 20 из 20 ваг.
  [s_idx  150] Невдубстрой | тип=— | ЕТСНГ=— | period=1 | mass_unload=false | осталось 24 из 24 ваг.
    ПРИЧИНА: квота ДМЗИ исчерпана — все Load-дуги с доступным спросом идут на дороги с выбранным лимитом:
      · дорога ЗАБ, период 1: использовано 20 из 20 ваг.
  [s_idx  152] Новороссийск (Экспорт) | тип=— | ЕТСНГ=— | period=1 | mass_unload=true | осталось 143 из 280 ваг.
    ПРИЧИНА: квота ДМЗИ исчерпана — все Load-дуги с доступным спросом идут на дороги с выбранным лимитом:
      · дорога ЗАБ, период 1: использовано 20 из 20 ваг.

  СВОДКА ПО ПРИЧИНАМ:
    квота ДМЗИ исчерпана                узлов:  21, вагонов:  213
    доступны только Wash-дуги           узлов:   6, вагонов:    8
---------------------------------
MIP нашёл глобальный оптимум (gap=0.0004%) — фаза ALNS пропущена.
--- ДИАГНОСТИКА UNMET DEMAND (31 ваг. в 6 узлах) ---
  [d_idx    7] Маргуцек (ЗАБ) | тип=Прочие | ЕТСНГ=018019 | период=1 | отправка=Повагонная | не закрыто 9 из 9 ваг.
    ПРИЧИНА: квота ДМЗИ исчерпана — все дуги со свободным предложением идут на дороги с выбранным лимитом:
      · дорога ЗАБ, период 1: использовано 20 из 20 ваг.
  [d_idx   36] Маргуцек (ЗАБ) | тип=Прочие | ЕТСНГ=018019 | период=2 | отправка=Повагонная | не закрыто 2 из 5 ваг.
    ПРИЧИНА: квота ДМЗИ исчерпана — все дуги со свободным предложением идут на дороги с выбранным лимитом:
      · дорога ЗАБ, период 1: использовано 20 из 20 ваг.
  [d_idx   46] Белогорск 2 (ЗАБ) | тип=Прочие | ЕТСНГ=542224 | период=3 | отправка=Повагонная | не закрыто 2 из 3 ваг.
    ПРИЧИНА: квота ДМЗИ исчерпана — все дуги со свободным предложением идут на дороги с выбранным лимитом:
      · дорога ЗАБ, период 1: использовано 20 из 20 ваг.
  [d_idx   66] Белогорск 2 (ЗАБ) | тип=Прочие | ЕТСНГ=011005 | период=4 | отправка=Повагонная | не закрыто 3 из 3 ваг.
    ПРИЧИНА: квота ДМЗИ исчерпана — все дуги со свободным предложением идут на дороги с выбранным лимитом:
      · дорога ЗАБ, период 1: использовано 20 из 20 ваг.
  [d_idx   67] Белогорск 2 (ЗАБ) | тип=Прочие | ЕТСНГ=018023 | период=4 | отправка=Повагонная | не закрыто 9 из 9 ваг.
    ПРИЧИНА: квота ДМЗИ исчерпана — все дуги со свободным предложением идут на дороги с выбранным лимитом:
      · дорога ЗАБ, период 1: использовано 20 из 20 ваг.
  [d_idx   72] Поздеевка (ЗАБ) | тип=Прочие | ЕТСНГ=018023 | период=4 | отправка=Повагонная | не закрыто 6 из 6 ваг.
    ПРИЧИНА: квота ДМЗИ исчерпана — все дуги со свободным предложением идут на дороги с выбранным лимитом:
      · дорога ЗАБ, период 1: использовано 20 из 20 ваг.

  СВОДКА ПО ПРИЧИНАМ:
    квота ДМЗИ исчерпана (инфраструктура)  узлов:   6, вагонов:   31

  ЗАКРЫВАЕМОСТЬ (по реальному связывающему ограничению):
    структурно недостижимо (нет дуг):             0 ваг.  — нужны новые тарифы / смягчение жёстких фильтров
    упёрто в квоту ДМЗИ (инфраструктура):         31 ваг.  — поможет только повышение квоты на дороге
    держит MIN_BATCH (квота ДМЗИ ещё есть):        0 ваг.  — поможет смягчение партии (middle 0 / масс. 0 / маршр. 0)
    прочее (конкуренция / экономика штрафа):       0 ваг.
--------------------------------
--- УТИЛИЗАЦИЯ КВОТ ДМЗИ ---
  ВСБ  период  1:    0 из   10 ваг.
  ВСБ  период 10:    0 из    2 ваг.
  ГОР  период  1:    2 из  365 ваг.
  ГОР  период 10:    0 из   80 ваг.
  ЗАБ  период  1:   20 из   20 ваг.
  ЗАБ  период 10:    0 из    5 ваг.
  ЗСБ  период  1:   36 из  350 ваг.
  ЗСБ  период 10:    0 из   70 ваг.
  КБШ  период  1:   22 из  400 ваг.
  КБШ  период 10:    0 из   80 ваг.
  КРС  период  1:   26 из   40 ваг.
  КРС  период 10:    0 из    8 ваг.
  МСК  период  1:   14 из  398 ваг.
  МСК  период 10:    0 из   80 ваг.
  ОКТ  период  1:    0 из  300 ваг.
  ОКТ  период 10:    0 из   60 ваг.
  ПРВ  период  1:   65 из  314 ваг.
  ПРВ  период 10:    0 из   63 ваг.
  СВР  период  1:   12 из  527 ваг.
  СВР  период 10:    0 из  117 ваг.
  СЕВ  период  1:    0 из   75 ваг.
  СЕВ  период 10:    0 из   15 ваг.
  ЮВС  период  1:   35 из  160 ваг.
  ЮВС  период 10:    0 из   40 ваг.
  ЮУР  период  1:   60 из   90 ваг.
  ЮУР  период 10:    0 из   20 ваг.
----------------------------
Тарифов до отстоя:           153 (станций излишка 13, станций отстоя 13)
В отстой: 221 из 221 ваг. излишка → 11 станций отстоя, тариф 9591907 руб.; не размещено 0 ваг. (нет тарифа / ёмкость исчерпана)
Баланс отчёта оптимизации:   OK (704 ваг. в записях = 704 ваг. предложения)
Записей в отчёте (Excel):    266 (221 оптим. + 40 по факту + 5 в ремонт) / 775 вагонов
  → в POST АПИ (период 1):   266 записей / 775 вагонов
Чекпоинт сохранён:           tmp/checkpoint_2026-06-19_16-43-26.xlsx

======= РЕЗУЛЬТАТЫ ОПТИМИЗАЦИИ =======
Статус решателя:      MIP Optimal (gap=0.000%)
Назначено вагонов:    483
Избыток предложения:  221 ваг. (dummy-спрос)
  остаток по периодам предложения: p1=221 p10=0 прочие=0
  из них в отстой (этап 2): 221 ваг.
Неудовл. спрос:       31 ваг. (dummy-предложение)
Суммарная стоимость:  21045485 руб.
======================================

Результат сохранён:          tmp/result_20260619_164326.json
[SUCCESS] railoptim завершил работу успешно.
