[Пн 15 июн 2026 18:53:05 MSK] Запуск: /home/atretyakov/railoptim/app/bin/railoptim (env=prod, MIP_WARM_START=on)
stations_geo: 19494 записей, data/stations/stations_geo.sqlite (baltic=671, china_mongolia=339, cis=6263, ru=11848, south_caucasus=373)
Получено узлов спроса (погрузка): 119 или 947 вагонов
Получено узлов предложения 1 сут.:  423 или 1371 вагонов
Получено узлов предложения всего:  423 или 1371 вагонов
  свободных для назначения:  281 или 1056 вагонов
  требуют ремонта (В ремонт):16 или 22 вагонов
  по факту (Assigned):       126 или 293 вагонов
Дороги без промывки (NoCleaningRoads): 8
Узлов спроса (промывка):     36 или мощность в период 5 суток 2795 вагонов
  предложений с ЕТСНГ из списка промывки: 75 вагонов (освобождены по NoCleaningRoads: 133; из них есть узел погрузки с тем же ЕТСНГ на любой станции — альтернатива промывке по спросу: 69 вагонов)
Получено тарифов:            13642
Загружено ремонтных станций: 102
Тарифов до ремонтных ст.:    1275
Тарифов до промывки (с надбавкой 10000+40000=50000 руб.): 850
Ограничения ДМЗИ:            13 дорог (78 записей Ostatok)
  ВСБ  период 1 ≤   10, период 10 ≤    2 ваг.
  ГОР  период 1 ≤  397, период 10 ≤   80 ваг.
  ЗАБ  период 1 ≤   25, период 10 ≤    5 ваг.
  ЗСБ  период 1 ≤  349, период 10 ≤   70 ваг.
  КБШ  период 1 ≤  400, период 10 ≤   80 ваг.
  КРС  период 1 ≤   40, период 10 ≤    8 ваг.
  МСК  период 1 ≤  400, период 10 ≤   80 ваг.
  ОКТ  период 1 ≤  299, период 10 ≤   60 ваг.
  ПРВ  период 1 ≤  315, период 10 ≤   63 ваг.
  СВР  период 1 ≤  518, период 10 ≤  117 ваг.
  СЕВ  период 1 ≤   75, период 10 ≤   15 ваг.
  ЮВС  период 1 ≤  200, период 10 ≤   40 ваг.
  ЮУР  период 1 ≤  100, период 10 ≤   20 ваг.
Узлы отстоя (резервы):       5 узлов / ёмкость 16 ваг. (записей АПИ 14, дублей 9, отфильтровано 0)
Всего пар supply×demand:     43555
  без тарифа:                        9590 (22.0%)
  нарушение срока (жёстко):          0 (0.0%)
  несовм. тип вагона:                694 (1.6%)
  грязный вагон → чужой ЕТСНГ:       3613 (8.3%)
  допустимых дуг со штрафом за срок:   16269 (37.4%)
  допустимых дуг всего в LP:      29658 (68.1%)
Ограничения партии (MIN_BATCH): массовая выгрузка — 112 дуг / 50 пар; средние станции — 2857 дуг / 104 пар (станций образования: 7, погрузки: 15)
  маршрутные отправки (B=10): 398 дуг / 30 пар (станций образования: 30, маршрутных станций погрузки: 1)
--- АНАЛИЗ РЕСУРСОВ ---
Предложение: 1056 ваг.
Спрос (погрузка): 947 ваг.
Ёмкость промывки (верх): 2795 ваг.
Статус: ПРОФИЦИТ к погрузке (+109 ваг.)
-----------------------
--- ЖАДНОЕ РЕШЕНИЕ ---
Назначений:            338 шт.
Назначено вагонов:     905 / 947 спрос (погрузка), 1056 предложение
Суммарная стоимость:   33975999.06 руб.
Неудовлетворён спрос:  70 ваг.
Избыток предложения:   151 ваг.
Покрытие спроса (погр.): 95.6%
----------------------
MIP warm-start: ON (greedy) (управляется env MIP_WARM_START={on|off}, по умолч. on)
--- MIP РЕШЕНИЕ ---
Статус:                MIP Optimal (gap=0.000%)
Назначено вагонов:     877 / 947 спрос (погрузка), 1056 предложение
Суммарная стоимость:   30230034.20 руб.
Неудовлетворён спрос:  70 ваг.
Избыток предложения:   179 ваг.
Покрытие спроса (погр.): 92.6%
-------------------
MIP время: 2.67 сек (warm-start: ON)
MIP диагностика: status=Optimal, gap=0.0000%, undist=249 (unmet=70, excess=179), real_cost=30230034.20
MIP vs greedy:   greedy undist=221 (unmet=70, excess=151), real_cost=33975999.06  →  Δundist=+28, Δcost=-3745964.86
  ВНИМАНИЕ: MIP не закрыл 70 ваг. спроса на погрузку (unmet > 0). Возможные причины:
           (а) PENALTY_UNMET ниже стоимости единственно допустимых плеч,
           (б) HiGHS остановился по rel_gap до закрытия всего спроса.
--- ДИАГНОСТИКА EXCESS SUPPLY (179 ваг. в 52 узлах) ---
  [s_idx   40] Шопоков | тип=Т | ЕТСНГ=521054 | period=1 | mass_unload=false | осталось 1 из 11 ваг.
    ПРИЧИНА: квота ДМЗИ исчерпана — все Load-дуги с доступным спросом идут на дороги с выбранным лимитом:
      · дорога ЗАБ, период 1: использовано 25 из 25 ваг.
  [s_idx   52] Лиепая (Экспорт) | тип=Т | ЕТСНГ=542101 | period=1 | mass_unload=false | осталось 1 из 1 ваг.
    ПРИЧИНА: квота ДМЗИ исчерпана — все Load-дуги с доступным спросом идут на дороги с выбранным лимитом:
      · дорога ЗАБ, период 1: использовано 25 из 25 ваг.
  [s_idx   53] Лиепая (Экспорт) | тип=Т | ЕТСНГ=— | period=1 | mass_unload=false | осталось 2 из 2 ваг.
    ПРИЧИНА: квота ДМЗИ исчерпана — все Load-дуги с доступным спросом идут на дороги с выбранным лимитом:
      · дорога ЗАБ, период 1: использовано 25 из 25 ваг.
  [s_idx   54] Лиепая (Экспорт) | тип=БК | ЕТСНГ=542101 | period=1 | mass_unload=false | осталось 2 из 2 ваг.
    ПРИЧИНА: квота ДМЗИ исчерпана — все Load-дуги с доступным спросом идут на дороги с выбранным лимитом:
      · дорога ЗАБ, период 1: использовано 25 из 25 ваг.
  [s_idx   55] Лиепая (Экспорт) | тип=БКТ | ЕТСНГ=542101 | period=1 | mass_unload=false | осталось 1 из 1 ваг.
    ПРИЧИНА: квота ДМЗИ исчерпана — все Load-дуги с доступным спросом идут на дороги с выбранным лимитом:
      · дорога ЗАБ, период 1: использовано 25 из 25 ваг.
      · дорога ЮУР, период 1: использовано 100 из 100 ваг.
  [s_idx   69] Лиепая (Экспорт) | тип=БКТ | ЕТСНГ=— | period=1 | mass_unload=false | осталось 1 из 1 ваг.
    ПРИЧИНА: квота ДМЗИ исчерпана — все Load-дуги с доступным спросом идут на дороги с выбранным лимитом:
      · дорога ЗАБ, период 1: использовано 25 из 25 ваг.
      · дорога ЮУР, период 1: использовано 100 из 100 ваг.
  [s_idx   74] Залари | тип=Т | ЕТСНГ=— | period=1 | mass_unload=false | осталось 4 из 4 ваг.
    ПРИЧИНА: квота ДМЗИ исчерпана — все Load-дуги с доступным спросом идут на дороги с выбранным лимитом:
      · дорога ЗАБ, период 1: использовано 25 из 25 ваг.
  [s_idx   75] Наушки (эксп. АО «УБЖД»: участок Улаанбаатар (вкл.) и далее) | тип=БК | ЕТСНГ=011005 | period=1 | mass_unload=false | осталось 11 из 11 ваг.
    ПРИЧИНА: квота ДМЗИ исчерпана — все Load-дуги с доступным спросом идут на дороги с выбранным лимитом:
      · дорога ЗАБ, период 1: использовано 25 из 25 ваг.
  [s_idx   76] Наушки (эксп. АО «УБЖД»: участок Улаанбаатар (вкл.) и далее) | тип=Т | ЕТСНГ=011005 | period=1 | mass_unload=false | осталось 4 из 4 ваг.
    ПРИЧИНА: квота ДМЗИ исчерпана — все Load-дуги с доступным спросом идут на дороги с выбранным лимитом:
      · дорога ЗАБ, период 1: использовано 25 из 25 ваг.
  [s_idx   77] Наушки (эксп. АО «УБЖД»: участок Улаанбаатар (вкл.) и далее) | тип=Прочие | ЕТСНГ=011005 | period=1 | mass_unload=false | осталось 10 из 10 ваг.
    ПРИЧИНА: квота ДМЗИ исчерпана — все Load-дуги с доступным спросом идут на дороги с выбранным лимитом:
      · дорога ЗАБ, период 1: использовано 25 из 25 ваг.
  [s_idx   78] Залари | тип=БК | ЕТСНГ=— | period=1 | mass_unload=false | осталось 1 из 1 ваг.
    ПРИЧИНА: квота ДМЗИ исчерпана — все Load-дуги с доступным спросом идут на дороги с выбранным лимитом:
      · дорога ЗАБ, период 1: использовано 25 из 25 ваг.
  [s_idx   79] Касьяновка | тип=БК | ЕТСНГ=421208 | period=1 | mass_unload=false | осталось 2 из 2 ваг.
    ПРИЧИНА: доступны только Wash-дуги (36 шт., мин. стоимость 50100 руб./ваг.). В модели Wash не имеет штрафа за незаполнение,
             а excess_supply бесплатный — отправка только увеличила бы obj, MIP корректно оставил вагоны в остатке.
  [s_idx   80] Медведчиково | тип=БКТ | ЕТСНГ=021083 | period=1 | mass_unload=false | осталось 1 из 1 ваг.
    ПРИЧИНА: квота ДМЗИ исчерпана — все Load-дуги с доступным спросом идут на дороги с выбранным лимитом:
      · дорога ЗАБ, период 1: использовано 25 из 25 ваг.
      · дорога ЮУР, период 1: использовано 100 из 100 ваг.
  [s_idx   81] Наушки (эксп. АО «УБЖД»: участок Улаанбаатар (вкл.) и далее) | тип=БКТ | ЕТСНГ=011005 | period=1 | mass_unload=false | осталось 17 из 17 ваг.
    ПРИЧИНА: квота ДМЗИ исчерпана — все Load-дуги с доступным спросом идут на дороги с выбранным лимитом:
      · дорога ЗАБ, период 1: использовано 25 из 25 ваг.
      · дорога ЮУР, период 1: использовано 100 из 100 ваг.
  [s_idx   82] Медведчиково | тип=БК | ЕТСНГ=021083 | period=1 | mass_unload=false | осталось 2 из 2 ваг.
    ПРИЧИНА: квота ДМЗИ исчерпана — все Load-дуги с доступным спросом идут на дороги с выбранным лимитом:
      · дорога ЗАБ, период 1: использовано 25 из 25 ваг.
  [s_idx   95] Блюхер (Экспорт) | тип=БКТ | ЕТСНГ=018038 | period=1 | mass_unload=false | осталось 5 из 5 ваг.
    ПРИЧИНА: квота ДМЗИ исчерпана — все Load-дуги с доступным спросом идут на дороги с выбранным лимитом:
      · дорога ЗАБ, период 1: использовано 25 из 25 ваг.
      · дорога ЮУР, период 1: использовано 100 из 100 ваг.
  [s_idx   96] Блюхер (Экспорт) | тип=Т | ЕТСНГ=018038 | period=1 | mass_unload=false | осталось 2 из 2 ваг.
    ПРИЧИНА: квота ДМЗИ исчерпана — все Load-дуги с доступным спросом идут на дороги с выбранным лимитом:
      · дорога ЗАБ, период 1: использовано 25 из 25 ваг.
  [s_idx   97] Блюхер (Экспорт) | тип=БК | ЕТСНГ=018038 | period=1 | mass_unload=false | осталось 2 из 2 ваг.
    ПРИЧИНА: квота ДМЗИ исчерпана — все Load-дуги с доступным спросом идут на дороги с выбранным лимитом:
      · дорога ЗАБ, период 1: использовано 25 из 25 ваг.
  [s_idx   98] Блюхер (Экспорт) | тип=БКТ | ЕТСНГ=011005 | period=1 | mass_unload=false | осталось 10 из 10 ваг.
    ПРИЧИНА: квота ДМЗИ исчерпана — все Load-дуги с доступным спросом идут на дороги с выбранным лимитом:
      · дорога ЗАБ, период 1: использовано 25 из 25 ваг.
      · дорога ЮУР, период 1: использовано 100 из 100 ваг.
  [s_idx   99] Блюхер (Экспорт) | тип=Прочие | ЕТСНГ=011005 | period=1 | mass_unload=false | осталось 6 из 6 ваг.
    ПРИЧИНА: квота ДМЗИ исчерпана — все Load-дуги с доступным спросом идут на дороги с выбранным лимитом:
      · дорога ЗАБ, период 1: использовано 25 из 25 ваг.
  [s_idx  100] Блюхер (Экспорт) | тип=Т | ЕТСНГ=011005 | period=1 | mass_unload=false | осталось 7 из 7 ваг.
    ПРИЧИНА: квота ДМЗИ исчерпана — все Load-дуги с доступным спросом идут на дороги с выбранным лимитом:
      · дорога ЗАБ, период 1: использовано 25 из 25 ваг.
  [s_idx  101] Блюхер (Экспорт) | тип=БКТ | ЕТСНГ=— | period=1 | mass_unload=false | осталось 1 из 1 ваг.
    ПРИЧИНА: квота ДМЗИ исчерпана — все Load-дуги с доступным спросом идут на дороги с выбранным лимитом:
      · дорога ЗАБ, период 1: использовано 25 из 25 ваг.
      · дорога ЮУР, период 1: использовано 100 из 100 ваг.
  [s_idx  102] Блюхер (Экспорт) | тип=БК | ЕТСНГ=— | period=1 | mass_unload=false | осталось 3 из 3 ваг.
    ПРИЧИНА: квота ДМЗИ исчерпана — все Load-дуги с доступным спросом идут на дороги с выбранным лимитом:
      · дорога ЗАБ, период 1: использовано 25 из 25 ваг.
  [s_idx  105] Гродеково (Экспорт КЖД [Китай]) | тип=БК | ЕТСНГ=011005 | period=1 | mass_unload=false | осталось 1 из 1 ваг.
    ПРИЧИНА: квота ДМЗИ исчерпана — все Load-дуги с доступным спросом идут на дороги с выбранным лимитом:
      · дорога ЗАБ, период 1: использовано 25 из 25 ваг.
  [s_idx  106] Красная Речка | тип=Т | ЕТСНГ=— | period=1 | mass_unload=false | осталось 1 из 1 ваг.
    ПРИЧИНА: квота ДМЗИ исчерпана — все Load-дуги с доступным спросом идут на дороги с выбранным лимитом:
      · дорога ЗАБ, период 1: использовано 25 из 25 ваг.
  [s_idx  107] Красная Речка | тип=Прочие | ЕТСНГ=— | period=1 | mass_unload=false | осталось 2 из 2 ваг.
    ПРИЧИНА: квота ДМЗИ исчерпана — все Load-дуги с доступным спросом идут на дороги с выбранным лимитом:
      · дорога ЗАБ, период 1: использовано 25 из 25 ваг.
  [s_idx  108] Красная Речка | тип=БК | ЕТСНГ=— | period=1 | mass_unload=false | осталось 1 из 1 ваг.
    ПРИЧИНА: квота ДМЗИ исчерпана — все Load-дуги с доступным спросом идут на дороги с выбранным лимитом:
      · дорога ЗАБ, период 1: использовано 25 из 25 ваг.
  [s_idx  109] Уссурийск | тип=БК | ЕТСНГ=542239 | period=1 | mass_unload=false | осталось 1 из 1 ваг.
    ПРИЧИНА: доступны только Wash-дуги (36 шт., мин. стоимость 64208 руб./ваг.). В модели Wash не имеет штрафа за незаполнение,
             а excess_supply бесплатный — отправка только увеличила бы obj, MIP корректно оставил вагоны в остатке.
  [s_idx  110] Ружино | тип=БКТ | ЕТСНГ=421208 | period=1 | mass_unload=false | осталось 4 из 4 ваг.
    ПРИЧИНА: доступны только Wash-дуги (36 шт., мин. стоимость 50104 руб./ваг.). В модели Wash не имеет штрафа за незаполнение,
             а excess_supply бесплатный — отправка только увеличила бы obj, MIP корректно оставил вагоны в остатке.
  [s_idx  111] Биробиджан 2 | тип=БКТ | ЕТСНГ=421208 | period=1 | mass_unload=false | осталось 5 из 5 ваг.
    ПРИЧИНА: доступны только Wash-дуги (36 шт., мин. стоимость 72658 руб./ваг.). В модели Wash не имеет штрафа за незаполнение,
             а excess_supply бесплатный — отправка только увеличила бы obj, MIP корректно оставил вагоны в остатке.
  [s_idx  112] Ружино | тип=Прочие | ЕТСНГ=421208 | period=1 | mass_unload=false | осталось 1 из 1 ваг.
    ПРИЧИНА: доступны только Wash-дуги (36 шт., мин. стоимость 50104 руб./ваг.). В модели Wash не имеет штрафа за незаполнение,
             а excess_supply бесплатный — отправка только увеличила бы obj, MIP корректно оставил вагоны в остатке.
  [s_idx  113] Ружино | тип=БК | ЕТСНГ=421208 | period=1 | mass_unload=false | осталось 2 из 2 ваг.
    ПРИЧИНА: доступны только Wash-дуги (36 шт., мин. стоимость 50104 руб./ваг.). В модели Wash не имеет штрафа за незаполнение,
             а excess_supply бесплатный — отправка только увеличила бы obj, MIP корректно оставил вагоны в остатке.
  [s_idx  114] Забайкальск (Экспорт КЖД [Китай]) | тип=Т | ЕТСНГ=018038 | period=1 | mass_unload=false | осталось 2 из 2 ваг.
    ПРИЧИНА: квота ДМЗИ исчерпана — все Load-дуги с доступным спросом идут на дороги с выбранным лимитом:
      · дорога ЗАБ, период 1: использовано 25 из 25 ваг.
  [s_idx  115] Забайкальск (Экспорт КЖД [Китай]) | тип=Т | ЕТСНГ=014003 | period=1 | mass_unload=false | осталось 11 из 11 ваг.
    ПРИЧИНА: квота ДМЗИ исчерпана — все Load-дуги с доступным спросом идут на дороги с выбранным лимитом:
      · дорога ЗАБ, период 1: использовано 25 из 25 ваг.
  [s_idx  116] Забайкальск (Экспорт КЖД [Китай]) | тип=БК | ЕТСНГ=013000 | period=1 | mass_unload=false | осталось 1 из 1 ваг.
    ПРИЧИНА: квота ДМЗИ исчерпана — все Load-дуги с доступным спросом идут на дороги с выбранным лимитом:
      · дорога ЗАБ, период 1: использовано 25 из 25 ваг.
  [s_idx  117] Забайкальск (Экспорт КЖД [Китай]) | тип=БКТ | ЕТСНГ=018038 | period=1 | mass_unload=false | осталось 2 из 2 ваг.
    ПРИЧИНА: квота ДМЗИ исчерпана — все Load-дуги с доступным спросом идут на дороги с выбранным лимитом:
      · дорога ЗАБ, период 1: использовано 25 из 25 ваг.
      · дорога ЮУР, период 1: использовано 100 из 100 ваг.
  [s_idx  118] Забайкальск (Экспорт КЖД [Китай]) | тип=БКТ | ЕТСНГ=014003 | period=1 | mass_unload=false | осталось 9 из 9 ваг.
    ПРИЧИНА: квота ДМЗИ исчерпана — все Load-дуги с доступным спросом идут на дороги с выбранным лимитом:
      · дорога ЗАБ, период 1: использовано 25 из 25 ваг.
      · дорога ЮУР, период 1: использовано 100 из 100 ваг.
  [s_idx  119] Забайкальск (Экспорт КЖД [Китай]) | тип=Прочие | ЕТСНГ=014003 | period=1 | mass_unload=false | осталось 8 из 13 ваг.
    ПРИЧИНА: квота ДМЗИ исчерпана — все Load-дуги с доступным спросом идут на дороги с выбранным лимитом:
      · дорога ЗАБ, период 1: использовано 25 из 25 ваг.
  [s_idx  120] Забайкальск (Экспорт КЖД [Китай]) | тип=БК | ЕТСНГ=014003 | period=1 | mass_unload=false | осталось 13 из 13 ваг.
    ПРИЧИНА: квота ДМЗИ исчерпана — все Load-дуги с доступным спросом идут на дороги с выбранным лимитом:
      · дорога ЗАБ, период 1: использовано 25 из 25 ваг.
  [s_idx  121] Забайкальск (Экспорт КЖД [Китай]) | тип=БК | ЕТСНГ=018038 | period=1 | mass_unload=false | осталось 1 из 1 ваг.
    ПРИЧИНА: квота ДМЗИ исчерпана — все Load-дуги с доступным спросом идут на дороги с выбранным лимитом:
      · дорога ЗАБ, период 1: использовано 25 из 25 ваг.
  [s_idx  122] Поярково | тип=БК | ЕТСНГ=— | period=1 | mass_unload=false | осталось 1 из 5 ваг.
    ПРИЧИНА: квота ДМЗИ исчерпана — все Load-дуги с доступным спросом идут на дороги с выбранным лимитом:
      · дорога ЗАБ, период 1: использовано 25 из 25 ваг.
  [s_idx  123] Поярково | тип=БКТ | ЕТСНГ=— | period=1 | mass_unload=false | осталось 1 из 6 ваг.
    ПРИЧИНА: квота ДМЗИ исчерпана — все Load-дуги с доступным спросом идут на дороги с выбранным лимитом:
      · дорога ЗАБ, период 1: использовано 25 из 25 ваг.
      · дорога ЮУР, период 1: использовано 100 из 100 ваг.
  [s_idx  126] Соловьевск (Экспорт) | тип=Прочие | ЕТСНГ=011005 | period=1 | mass_unload=false | осталось 4 из 4 ваг.
    ПРИЧИНА: квота ДМЗИ исчерпана — все Load-дуги с доступным спросом идут на дороги с выбранным лимитом:
      · дорога ЗАБ, период 1: использовано 25 из 25 ваг.
  [s_idx  128] Соловьевск (Экспорт) | тип=БКТ | ЕТСНГ=011005 | period=1 | mass_unload=false | осталось 3 из 6 ваг.
    ПРИЧИНА: квота ДМЗИ исчерпана — все Load-дуги с доступным спросом идут на дороги с выбранным лимитом:
      · дорога ЗАБ, период 1: использовано 25 из 25 ваг.
      · дорога ЮУР, период 1: использовано 100 из 100 ваг.
  [s_idx  153] Татарская | тип=БКТ | ЕТСНГ=421195 | period=1 | mass_unload=false | осталось 1 из 1 ваг.
    ПРИЧИНА: доступны только Wash-дуги (36 шт., мин. стоимость 50118 руб./ваг.). В модели Wash не имеет штрафа за незаполнение,
             а excess_supply бесплатный — отправка только увеличила бы obj, MIP корректно оставил вагоны в остатке.
  [s_idx  161] Ачинск 2 | тип=БК | ЕТСНГ=421195 | period=1 | mass_unload=false | осталось 1 из 1 ваг.
    ПРИЧИНА: доступны только Wash-дуги (36 шт., мин. стоимость 59672 руб./ваг.). В модели Wash не имеет штрафа за незаполнение,
             а excess_supply бесплатный — отправка только увеличила бы obj, MIP корректно оставил вагоны в остатке.
  [s_idx  177] Канск-Енисейский | тип=БКТ | ЕТСНГ=421195 | period=1 | mass_unload=false | осталось 1 из 1 ваг.
    ПРИЧИНА: доступны только Wash-дуги (36 шт., мин. стоимость 62283 руб./ваг.). В модели Wash не имеет штрафа за незаполнение,
             а excess_supply бесплатный — отправка только увеличила бы obj, MIP корректно оставил вагоны в остатке.
  [s_idx  179] Селикса | тип=БКТ | ЕТСНГ=542224 | period=1 | mass_unload=false | осталось 1 из 1 ваг.
    ПРИЧИНА: квота ДМЗИ исчерпана — все Load-дуги с доступным спросом идут на дороги с выбранным лимитом:
      · дорога ЗАБ, период 1: использовано 25 из 25 ваг.
  [s_idx  190] Сборная-Угольная | тип=БК | ЕТСНГ=542296 | period=1 | mass_unload=false | осталось 1 из 1 ваг.
    ПРИЧИНА: доступны только Wash-дуги (36 шт., мин. стоимость 61776 руб./ваг.). В модели Wash не имеет штрафа за незаполнение,
             а excess_supply бесплатный — отправка только увеличила бы obj, MIP корректно оставил вагоны в остатке.
  [s_idx  229] Богданович | тип=БКТ | ЕТСНГ=542224 | period=1 | mass_unload=false | осталось 1 из 1 ваг.
    ПРИЧИНА: квота ДМЗИ исчерпана — все Load-дуги с доступным спросом идут на дороги с выбранным лимитом:
      · дорога ЗАБ, период 1: использовано 25 из 25 ваг.
  [s_idx  268] Никель | тип=Прочие | ЕТСНГ=421195 | period=1 | mass_unload=false | осталось 1 из 1 ваг.
    ПРИЧИНА: квота ДМЗИ исчерпана — все Load-дуги с доступным спросом идут на дороги с выбранным лимитом:
      · дорога ЗАБ, период 1: использовано 25 из 25 ваг.
  [s_idx  279] Новороссийск (Экспорт) | тип=— | ЕТСНГ=— | period=1 | mass_unload=true | осталось 2 из 176 ваг.
    ПРИЧИНА: квота ДМЗИ исчерпана — все Load-дуги с доступным спросом идут на дороги с выбранным лимитом:
      · дорога ЗАБ, период 1: использовано 25 из 25 ваг.

  СВОДКА ПО ПРИЧИНАМ:
    квота ДМЗИ исчерпана                узлов:  42, вагонов:  160
    доступны только Wash-дуги           узлов:  10, вагонов:   19
---------------------------------
MIP нашёл глобальный оптимум (gap=0.0000%) — фаза ALNS пропущена.
--- ДИАГНОСТИКА UNMET DEMAND (70 ваг. в 15 узлах) ---
  [d_idx   12] Белогорск 2 (ЗАБ) | тип=Прочие | ЕТСНГ=542224 | период=1 | отправка=Повагонная | не закрыто 2 из 4 ваг.
    ПРИЧИНА: квота ДМЗИ исчерпана — все дуги со свободным предложением идут на дороги с выбранным лимитом:
      · дорога ЗАБ, период 1: использовано 25 из 25 ваг.
  [d_idx   30] Белогорск 2 (ЗАБ) | тип=Прочие | ЕТСНГ=542224 | период=2 | отправка=Повагонная | не закрыто 4 из 4 ваг.
    ПРИЧИНА: квота ДМЗИ исчерпана — все дуги со свободным предложением идут на дороги с выбранным лимитом:
      · дорога ЗАБ, период 1: использовано 25 из 25 ваг.
  [d_idx   33] Белогорск 2 (ЗАБ) | тип=Прочие | ЕТСНГ=542224 | период=2 | отправка=Повагонная | не закрыто 2 из 2 ваг.
    ПРИЧИНА: квота ДМЗИ исчерпана — все дуги со свободным предложением идут на дороги с выбранным лимитом:
      · дорога ЗАБ, период 1: использовано 25 из 25 ваг.
  [d_idx   38] Маргуцек (ЗАБ) | тип=Прочие | ЕТСНГ=013000 | период=2 | отправка=Повагонная | не закрыто 5 из 5 ваг.
    ПРИЧИНА: квота ДМЗИ исчерпана — все дуги со свободным предложением идут на дороги с выбранным лимитом:
      · дорога ЗАБ, период 1: использовано 25 из 25 ваг.
  [d_idx   39] Маргуцек (ЗАБ) | тип=Прочие | ЕТСНГ=018019 | период=2 | отправка=Повагонная | не закрыто 5 из 5 ваг.
    ПРИЧИНА: квота ДМЗИ исчерпана — все дуги со свободным предложением идут на дороги с выбранным лимитом:
      · дорога ЗАБ, период 1: использовано 25 из 25 ваг.
  [d_idx   48] Гогино (ЮУР) | тип=БКТ | ЕТСНГ=011005 | период=3 | отправка=Повагонная | не закрыто 14 из 32 ваг.
    ПРИЧИНА: квота ДМЗИ исчерпана — все дуги со свободным предложением идут на дороги с выбранным лимитом:
      · дорога ЮУР, период 1: использовано 100 из 100 ваг.
  [d_idx   58] Белогорск 2 (ЗАБ) | тип=Прочие | ЕТСНГ=542224 | период=3 | отправка=Повагонная | не закрыто 3 из 3 ваг.
    ПРИЧИНА: квота ДМЗИ исчерпана — все дуги со свободным предложением идут на дороги с выбранным лимитом:
      · дорога ЗАБ, период 1: использовано 25 из 25 ваг.
  [d_idx   59] Белогорск 2 (ЗАБ) | тип=Прочие | ЕТСНГ=018023 | период=3 | отправка=Повагонная | не закрыто 4 из 4 ваг.
    ПРИЧИНА: квота ДМЗИ исчерпана — все дуги со свободным предложением идут на дороги с выбранным лимитом:
      · дорога ЗАБ, период 1: использовано 25 из 25 ваг.
  [d_idx   60] Белогорск 2 (ЗАБ) | тип=Прочие | ЕТСНГ=542224 | период=3 | отправка=Повагонная | не закрыто 2 из 2 ваг.
    ПРИЧИНА: квота ДМЗИ исчерпана — все дуги со свободным предложением идут на дороги с выбранным лимитом:
      · дорога ЗАБ, период 1: использовано 25 из 25 ваг.
  [d_idx   65] Маргуцек (ЗАБ) | тип=Прочие | ЕТСНГ=018019 | период=3 | отправка=Повагонная | не закрыто 5 из 5 ваг.
    ПРИЧИНА: квота ДМЗИ исчерпана — все дуги со свободным предложением идут на дороги с выбранным лимитом:
      · дорога ЗАБ, период 1: использовано 25 из 25 ваг.
  [d_idx   80] Гогино (ЮУР) | тип=БКТ | ЕТСНГ=011005 | период=4 | отправка=Повагонная | не закрыто 5 из 48 ваг.
    ПРИЧИНА: квота ДМЗИ исчерпана — все дуги со свободным предложением идут на дороги с выбранным лимитом:
      · дорога ЮУР, период 1: использовано 100 из 100 ваг.
  [d_idx  106] Белогорск 2 (ЗАБ) | тип=Прочие | ЕТСНГ=542224 | период=4 | отправка=Повагонная | не закрыто 2 из 2 ваг.
    ПРИЧИНА: квота ДМЗИ исчерпана — все дуги со свободным предложением идут на дороги с выбранным лимитом:
      · дорога ЗАБ, период 1: использовано 25 из 25 ваг.
  [d_idx  107] Белогорск 2 (ЗАБ) | тип=Прочие | ЕТСНГ=542224 | период=4 | отправка=Повагонная | не закрыто 3 из 3 ваг.
    ПРИЧИНА: квота ДМЗИ исчерпана — все дуги со свободным предложением идут на дороги с выбранным лимитом:
      · дорога ЗАБ, период 1: использовано 25 из 25 ваг.
  [d_idx  108] Белогорск 2 (ЗАБ) | тип=Прочие | ЕТСНГ=018023 | период=4 | отправка=Повагонная | не закрыто 10 из 10 ваг.
    ПРИЧИНА: квота ДМЗИ исчерпана — все дуги со свободным предложением идут на дороги с выбранным лимитом:
      · дорога ЗАБ, период 1: использовано 25 из 25 ваг.
  [d_idx  109] Белогорск 2 (ЗАБ) | тип=Прочие | ЕТСНГ=542224 | период=4 | отправка=Повагонная | не закрыто 4 из 4 ваг.
    ПРИЧИНА: квота ДМЗИ исчерпана — все дуги со свободным предложением идут на дороги с выбранным лимитом:
      · дорога ЗАБ, период 1: использовано 25 из 25 ваг.

  СВОДКА ПО ПРИЧИНАМ:
    квота ДМЗИ исчерпана (инфраструктура)  узлов:  15, вагонов:   70

  ЗАКРЫВАЕМОСТЬ (по реальному связывающему ограничению):
    структурно недостижимо (нет дуг):             0 ваг.  — нужны новые тарифы / смягчение жёстких фильтров
    упёрто в квоту ДМЗИ (инфраструктура):         70 ваг.  — поможет только повышение квоты на дороге
    держит MIN_BATCH (квота ДМЗИ ещё есть):        0 ваг.  — поможет смягчение партии (middle 0 / масс. 0 / маршр. 0)
    прочее (конкуренция / экономика штрафа):       0 ваг.
--------------------------------
--- УТИЛИЗАЦИЯ КВОТ ДМЗИ ---
  ВСБ  период  1:    0 из   10 ваг.
  ВСБ  период 10:    0 из    2 ваг.
  ГОР  период  1:    2 из  397 ваг.
  ГОР  период 10:    0 из   80 ваг.
  ЗАБ  период  1:   25 из   25 ваг.
  ЗАБ  период 10:    0 из    5 ваг.
  ЗСБ  период  1:  164 из  349 ваг.
  ЗСБ  период 10:    0 из   70 ваг.
  КБШ  период  1:   99 из  400 ваг.
  КБШ  период 10:    0 из   80 ваг.
  КРС  период  1:   36 из   40 ваг.
  КРС  период 10:    0 из    8 ваг.
  МСК  период  1:   41 из  400 ваг.
  МСК  период 10:    0 из   80 ваг.
  ОКТ  период  1:    0 из  299 ваг.
  ОКТ  период 10:    0 из   60 ваг.
  ПРВ  период  1:  219 из  315 ваг.
  ПРВ  период 10:    0 из   63 ваг.
  СВР  период  1:    0 из  518 ваг.
  СВР  период 10:    0 из  117 ваг.
  СЕВ  период  1:    8 из   75 ваг.
  СЕВ  период 10:    0 из   15 ваг.
  ЮВС  период  1:   28 из  200 ваг.
  ЮВС  период 10:    0 из   40 ваг.
  ЮУР  период  1:  100 из  100 ваг.
  ЮУР  период 10:    0 из   20 ваг.
----------------------------
Тарифов до отстоя:           19 (станций излишка 23, станций отстоя 1)
В отстой: 16 из 179 ваг. излишка → 1 станций отстоя, тариф 1288907 руб.; не размещено 163 ваг. (нет тарифа / ёмкость исчерпана)
Баланс отчёта оптимизации:   OK (1056 ваг. в записях = 1056 ваг. предложения)
Записей в отчёте (Excel):    523 (353 оптим. + 154 по факту + 16 в ремонт) / 1371 вагонов
  → в POST АПИ (период 1):   523 записей / 1371 вагонов
Чекпоинт сохранён:           tmp/checkpoint_2026-06-15_18-55-31.xlsx

======= РЕЗУЛЬТАТЫ ОПТИМИЗАЦИИ =======
Статус решателя:      MIP Optimal (gap=0.000%)
Назначено вагонов:    877
Избыток предложения:  179 ваг. (dummy-спрос)
  остаток по периодам предложения: p1=179 p10=0 прочие=0
  из них в отстой (этап 2): 16 ваг.
Неудовл. спрос:       70 ваг. (dummy-предложение)
Суммарная стоимость:  30230034 руб.
======================================

Результат сохранён:          tmp/result_20260615_185531.json
[SUCCESS] railoptim завершил работу успешно.
