[Ср 10 июн 2026 19:14:18 MSK] Запуск: /home/atretyakov/railoptim/app/bin/railoptim (env=prod, MIP_WARM_START=on)
stations_geo: 19494 записей, data/stations/stations_geo.sqlite (baltic=671, china_mongolia=339, cis=6263, ru=11848, south_caucasus=373)
Получено узлов спроса (погрузка): 125 или 1013 вагонов
Получено узлов предложения 1 сут.:  249 или 1300 вагонов
Получено узлов предложения всего:  249 или 1300 вагонов
  свободных для назначения:  211 или 1237 вагонов
  требуют ремонта (В ремонт):14 или 16 вагонов
  по факту (Assigned):       24 или 47 вагонов
Дороги без промывки (NoCleaningRoads): 8
Узлов спроса (промывка):     36 или мощность в период 5 суток 2795 вагонов
  предложений с ЕТСНГ из списка промывки: 61 вагонов (освобождены по NoCleaningRoads: 121; из них есть узел погрузки с тем же ЕТСНГ на любой станции — альтернатива промывке по спросу: 48 вагонов)
Получено тарифов:            6980
Загружено ремонтных станций: 102
Тарифов до ремонтных ст.:    1170
Тарифов до промывки (с надбавкой 10000+40000=50000 руб.): 484
Ограничения ДМЗИ:            13 дорог (76 записей Ostatok)
  ВСБ  период 1 ≤    6, период 10 ≤    6 ваг.
  ГОР  период 1 ≤  225, период 10 ≤  240 ваг.
  ЗАБ  период 1 ≤   14, период 10 ≤   15 ваг.
  ЗСБ  период 1 ≤  175, период 10 ≤  210 ваг.
  КБШ  период 1 ≤  207, период 10 ≤  240 ваг.
  КРС  период 1 ≤   19, период 10 ≤   24 ваг.
  МСК  период 1 ≤  234, период 10 ≤  240 ваг.
  ОКТ  период 1 ≤  173, период 10 ≤  180 ваг.
  ПРВ  период 1 ≤  189, период 10 ≤  189 ваг.
  СВР  период 1 ≤  313, период 10 ≤  351 ваг.
  СЕВ  период 1 ≤    3, период 10 ≤    3 ваг.
  ЮВС  период 1 ≤   80, период 10 ≤  120 ваг.
  ЮУР  период 1 ≤   40, период 10 ≤   60 ваг.
Всего пар supply×demand:     33971
  без тарифа:                        8310 (24.5%)
  нарушение срока (жёстко):          0 (0.0%)
  несовм. тип вагона:                532 (1.6%)
  грязный вагон → чужой ЕТСНГ:       2462 (7.2%)
  допустимых дуг со штрафом за срок:   13410 (39.5%)
  допустимых дуг всего в LP:      22667 (66.7%)
Ограничения партии (MIN_BATCH): массовая выгрузка — 114 дуг / 58 пар; средние станции — 12057 дуг / 1358 пар (станций образования: 33, погрузки: 45)
  маршрутные отправки (B=10): 202 дуг / 24 пар (станций образования: 24, маршрутных станций погрузки: 1)
--- АНАЛИЗ РЕСУРСОВ ---
Предложение: 1237 ваг.
Спрос (погрузка): 1013 ваг.
Ёмкость промывки (верх): 2795 ваг.
Статус: ПРОФИЦИТ к погрузке (+224 ваг.)
-----------------------
--- ЖАДНОЕ РЕШЕНИЕ ---
Назначений:            286 шт.
Назначено вагонов:     773 / 1013 спрос (погрузка), 1237 предложение
Суммарная стоимость:   32050719.61 руб.
Неудовлетворён спрос:  278 ваг.
Избыток предложения:   464 ваг.
Покрытие спроса (погр.): 76.3%
----------------------
MIP warm-start: ON (greedy) (управляется env MIP_WARM_START={on|off}, по умолч. on)
--- MIP РЕШЕНИЕ ---
Статус:                MIP Optimal (gap=0.000%)
Назначено вагонов:     735 / 1013 спрос (погрузка), 1237 предложение
Суммарная стоимость:   28023227.59 руб.
Неудовлетворён спрос:  278 ваг.
Избыток предложения:   502 ваг.
Покрытие спроса (погр.): 72.6%
-------------------
MIP время: 3.43 сек (warm-start: ON)
MIP диагностика: status=Optimal, gap=0.0004%, undist=780 (unmet=278, excess=502), real_cost=28023227.59
MIP vs greedy:   greedy undist=742 (unmet=278, excess=464), real_cost=32050719.61  →  Δundist=+38, Δcost=-4027492.02
  ВНИМАНИЕ: MIP не закрыл 278 ваг. спроса на погрузку (unmet > 0). Возможные причины:
           (а) PENALTY_UNMET ниже стоимости единственно допустимых плеч,
           (б) HiGHS остановился по rel_gap до закрытия всего спроса.
--- ДИАГНОСТИКА EXCESS SUPPLY (502 ваг. в 45 узлах) ---
  [s_idx    0] Гянджа | тип=Т | ЕТСНГ=011005 | period=1 | mass_unload=false | осталось 2 из 2 ваг.
    ПРИЧИНА: квота ДМЗИ исчерпана — все Load-дуги с доступным спросом идут на дороги с выбранным лимитом:
      · дорога ВСБ, период 1: использовано 6 из 6 ваг.
      · дорога ЗАБ, период 1: использовано 14 из 14 ваг.
      · дорога ЗСБ, период 1: использовано 175 из 175 ваг.
      · дорога КРС, период 1: использовано 19 из 19 ваг.
      · дорога СЕВ, период 1: использовано 3 из 3 ваг.
      · ...ещё 1 бакетов
  [s_idx   55] Зиемельблазма (Экспорт) | тип=Т | ЕТСНГ=542072 | period=1 | mass_unload=false | осталось 4 из 4 ваг.
    ПРИЧИНА: MIN_BATCH-тупик (7 пар). Все Load-дуги с доступным спросом — пары с потоком ниже порога партии:
      · (095903 → 944702): текущий поток 0 ваг., макс. добавим 2 (порог 3)
      · (095903 → 950101): текущий поток 0 ваг., макс. добавим 2 (порог 3)
      · (095903 → 820001): текущий поток 0 ваг., макс. добавим 2 (порог 3)
      · (095903 → 607503): текущий поток 0 ваг., макс. добавим 2 (порог 3)
      · (095903 → 312301): текущий поток 0 ваг., макс. добавим 1 (порог 3)
      · ...ещё 2 пар
  [s_idx   58] Болдерая (Экспорт) | тип=БК | ЕТСНГ=021083 | period=1 | mass_unload=false | осталось 2 из 4 ваг.
    ПРИЧИНА: квота ДМЗИ исчерпана — все Load-дуги с доступным спросом идут на дороги с выбранным лимитом:
      · дорога ВСБ, период 1: использовано 6 из 6 ваг.
      · дорога ЗАБ, период 1: использовано 14 из 14 ваг.
      · дорога ЗСБ, период 1: использовано 175 из 175 ваг.
      · дорога КРС, период 1: использовано 19 из 19 ваг.
      · дорога СЕВ, период 1: использовано 3 из 3 ваг.
      · ...ещё 2 бакетов
  [s_idx   59] Болдерая (Экспорт) | тип=БКТ | ЕТСНГ=021083 | period=1 | mass_unload=false | осталось 1 из 1 ваг.
    ПРИЧИНА: квота ДМЗИ исчерпана — все Load-дуги с доступным спросом идут на дороги с выбранным лимитом:
      · дорога ВСБ, период 1: использовано 6 из 6 ваг.
      · дорога ЗАБ, период 1: использовано 14 из 14 ваг.
      · дорога ЗСБ, период 1: использовано 175 из 175 ваг.
      · дорога КРС, период 1: использовано 19 из 19 ваг.
      · дорога СЕВ, период 1: использовано 3 из 3 ваг.
      · ...ещё 2 бакетов
  [s_idx   60] Вентспилс (Экспорт) | тип=Прочие | ЕТСНГ=021083 | period=1 | mass_unload=false | осталось 3 из 5 ваг.
    ПРИЧИНА: MIN_BATCH-тупик (7 пар). Все Load-дуги с доступным спросом — пары с потоком ниже порога партии:
      · (098306 → 815605): текущий поток 0 ваг., макс. добавим 2 (порог 3)
      · (098306 → 607503): текущий поток 0 ваг., макс. добавим 2 (порог 3)
      · (098306 → 834700): текущий поток 0 ваг., макс. добавим 2 (порог 3)
      · (098306 → 944702): текущий поток 0 ваг., макс. добавим 2 (порог 3)
      · (098306 → 312301): текущий поток 0 ваг., макс. добавим 1 (порог 3)
      · ...ещё 2 пар
  [s_idx   61] Вентспилс (Экспорт) | тип=Т | ЕТСНГ=021083 | period=1 | mass_unload=false | осталось 10 из 10 ваг.
    ПРИЧИНА: MIN_BATCH-тупик (7 пар). Все Load-дуги с доступным спросом — пары с потоком ниже порога партии:
      · (098306 → 820001): текущий поток 0 ваг., макс. добавим 2 (порог 3)
      · (098306 → 607503): текущий поток 0 ваг., макс. добавим 2 (порог 3)
      · (098306 → 312301): текущий поток 0 ваг., макс. добавим 1 (порог 3)
      · (098306 → 834700): текущий поток 0 ваг., макс. добавим 2 (порог 3)
      · (098306 → 944702): текущий поток 0 ваг., макс. добавим 2 (порог 3)
      · ...ещё 2 пар
  [s_idx   62] Вентспилс (Экспорт) | тип=БКТ | ЕТСНГ=021083 | period=1 | mass_unload=false | осталось 15 из 15 ваг.
    ПРИЧИНА: MIN_BATCH-тупик (8 пар). Все Load-дуги с доступным спросом — пары с потоком ниже порога партии:
      · (098306 → 834700): текущий поток 0 ваг., макс. добавим 2 (порог 3)
      · (098306 → 815605): текущий поток 0 ваг., макс. добавим 2 (порог 3)
      · (098306 → 607503): текущий поток 0 ваг., макс. добавим 2 (порог 3)
      · (098306 → 950101): текущий поток 0 ваг., макс. добавим 2 (порог 3)
      · (098306 → 944702): текущий поток 0 ваг., макс. добавим 2 (порог 3)
      · ...ещё 3 пар
  [s_idx   63] Вентспилс (Экспорт) | тип=БК | ЕТСНГ=021083 | period=1 | mass_unload=false | осталось 15 из 17 ваг.
    ПРИЧИНА: MIN_BATCH-тупик (7 пар). Все Load-дуги с доступным спросом — пары с потоком ниже порога партии:
      · (098306 → 950101): текущий поток 0 ваг., макс. добавим 2 (порог 3)
      · (098306 → 607503): текущий поток 0 ваг., макс. добавим 2 (порог 3)
      · (098306 → 834700): текущий поток 0 ваг., макс. добавим 2 (порог 3)
      · (098306 → 820001): текущий поток 0 ваг., макс. добавим 2 (порог 3)
      · (098306 → 944702): текущий поток 0 ваг., макс. добавим 2 (порог 3)
      · ...ещё 2 пар
  [s_idx   74] Блюхер (Экспорт) | тип=БК | ЕТСНГ=011005 | period=1 | mass_unload=false | осталось 2 из 4 ваг.
    ПРИЧИНА: MIN_BATCH-тупик (17 пар). Все Load-дуги с доступным спросом — пары с потоком ниже порога партии:
      · (986902 → 945809): текущий поток 0 ваг., макс. добавим 2 (порог 3)
      · (986902 → 885100): текущий поток 0 ваг., макс. добавим 2 (порог 3)
      · (986902 → 832808): текущий поток 0 ваг., макс. добавим 2 (порог 3)
      · (986902 → 853908): текущий поток 0 ваг., макс. добавим 2 (порог 3)
      · (986902 → 852500): текущий поток 0 ваг., макс. добавим 2 (порог 3)
      · ...ещё 12 пар
  [s_idx   76] Ружино | тип=БК | ЕТСНГ=421208 | period=1 | mass_unload=false | осталось 3 из 3 ваг.
    ПРИЧИНА: квота ДМЗИ исчерпана — все Load-дуги с доступным спросом идут на дороги с выбранным лимитом:
      · дорога ЮУР, период 1: использовано 40 из 40 ваг.
  [s_idx   77] Ружино | тип=Прочие | ЕТСНГ=421208 | period=1 | mass_unload=false | осталось 4 из 4 ваг.
    ПРИЧИНА: квота ДМЗИ исчерпана — все Load-дуги с доступным спросом идут на дороги с выбранным лимитом:
      · дорога ЮУР, период 1: использовано 40 из 40 ваг.
  [s_idx   81] Ружино | тип=Т | ЕТСНГ=421208 | period=1 | mass_unload=false | осталось 1 из 1 ваг.
    ПРИЧИНА: MIN_BATCH-тупик (1 пар). Все Load-дуги с доступным спросом — пары с потоком ниже порога партии:
      · (973705 → 811201): текущий поток 0 ваг., макс. добавим 1 (порог 3)
  [s_idx   82] Ружино | тип=БКТ | ЕТСНГ=421208 | period=1 | mass_unload=false | осталось 9 из 9 ваг.
    ПРИЧИНА: квота ДМЗИ исчерпана — все Load-дуги с доступным спросом идут на дороги с выбранным лимитом:
      · дорога ЮУР, период 1: использовано 40 из 40 ваг.
  [s_idx   83] Забайкальск (Экспорт КЖД [Китай]) | тип=Т | ЕТСНГ=014003 | period=1 | mass_unload=false | осталось 7 из 7 ваг.
    ПРИЧИНА: MIN_BATCH-тупик (7 пар). Все Load-дуги с доступным спросом — пары с потоком ниже порога партии:
      · (947005 → 834700): текущий поток 0 ваг., макс. добавим 2 (порог 3)
      · (947005 → 944702): текущий поток 0 ваг., макс. добавим 2 (порог 3)
      · (947005 → 312301): текущий поток 0 ваг., макс. добавим 1 (порог 3)
      · (947005 → 607503): текущий поток 0 ваг., макс. добавим 2 (порог 3)
      · (947005 → 815605): текущий поток 0 ваг., макс. добавим 2 (порог 3)
      · ...ещё 2 пар
  [s_idx   84] Забайкальск (Экспорт КЖД [Китай]) | тип=БКТ | ЕТСНГ=014003 | period=1 | mass_unload=false | осталось 8 из 8 ваг.
    ПРИЧИНА: MIN_BATCH-тупик (8 пар). Все Load-дуги с доступным спросом — пары с потоком ниже порога партии:
      · (947005 → 312301): текущий поток 0 ваг., макс. добавим 1 (порог 3)
      · (947005 → 815605): текущий поток 0 ваг., макс. добавим 2 (порог 3)
      · (947005 → 885100): текущий поток 0 ваг., макс. добавим 1 (порог 3)
      · (947005 → 950101): текущий поток 0 ваг., макс. добавим 2 (порог 3)
      · (947005 → 944702): текущий поток 0 ваг., макс. добавим 2 (порог 3)
      · ...ещё 3 пар
  [s_idx   85] Забайкальск (Экспорт КЖД [Китай]) | тип=БК | ЕТСНГ=014003 | period=1 | mass_unload=false | осталось 18 из 18 ваг.
    ПРИЧИНА: MIN_BATCH-тупик (7 пар). Все Load-дуги с доступным спросом — пары с потоком ниже порога партии:
      · (947005 → 312301): текущий поток 0 ваг., макс. добавим 1 (порог 3)
      · (947005 → 950101): текущий поток 0 ваг., макс. добавим 2 (порог 3)
      · (947005 → 820001): текущий поток 0 ваг., макс. добавим 2 (порог 3)
      · (947005 → 607503): текущий поток 0 ваг., макс. добавим 2 (порог 3)
      · (947005 → 815605): текущий поток 0 ваг., макс. добавим 2 (порог 3)
      · ...ещё 2 пар
  [s_idx   86] Забайкальск (Экспорт КЖД [Китай]) | тип=Прочие | ЕТСНГ=018019 | period=1 | mass_unload=false | осталось 2 из 2 ваг.
    ПРИЧИНА: MIN_BATCH-тупик (17 пар). Все Load-дуги с доступным спросом — пары с потоком ниже порога партии:
      · (947005 → 852500): текущий поток 0 ваг., макс. добавим 2 (порог 3)
      · (947005 → 820001): текущий поток 0 ваг., макс. добавим 2 (порог 3)
      · (947005 → 950101): текущий поток 0 ваг., макс. добавим 2 (порог 3)
      · (947005 → 885100): текущий поток 0 ваг., макс. добавим 2 (порог 3)
      · (947005 → 830304): текущий поток 0 ваг., макс. добавим 2 (порог 3)
      · ...ещё 12 пар
  [s_idx   87] Забайкальск (Экспорт КЖД [Китай]) | тип=БКТ | ЕТСНГ=018038 | period=1 | mass_unload=false | осталось 4 из 4 ваг.
    ПРИЧИНА: MIN_BATCH-тупик (8 пар). Все Load-дуги с доступным спросом — пары с потоком ниже порога партии:
      · (947005 → 950101): текущий поток 0 ваг., макс. добавим 2 (порог 3)
      · (947005 → 834700): текущий поток 0 ваг., макс. добавим 2 (порог 3)
      · (947005 → 820001): текущий поток 0 ваг., макс. добавим 2 (порог 3)
      · (947005 → 312301): текущий поток 0 ваг., макс. добавим 1 (порог 3)
      · (947005 → 607503): текущий поток 0 ваг., макс. добавим 2 (порог 3)
      · ...ещё 3 пар
  [s_idx   88] Забайкальск (Экспорт КЖД [Китай]) | тип=Прочие | ЕТСНГ=014003 | period=1 | mass_unload=false | осталось 9 из 9 ваг.
    ПРИЧИНА: MIN_BATCH-тупик (7 пар). Все Load-дуги с доступным спросом — пары с потоком ниже порога партии:
      · (947005 → 820001): текущий поток 0 ваг., макс. добавим 2 (порог 3)
      · (947005 → 607503): текущий поток 0 ваг., макс. добавим 2 (порог 3)
      · (947005 → 815605): текущий поток 0 ваг., макс. добавим 2 (порог 3)
      · (947005 → 834700): текущий поток 0 ваг., макс. добавим 2 (порог 3)
      · (947005 → 944702): текущий поток 0 ваг., макс. добавим 2 (порог 3)
      · ...ещё 2 пар
  [s_idx   89] Забайкальск (Экспорт КЖД [Китай]) | тип=Т | ЕТСНГ=018019 | period=1 | mass_unload=false | осталось 1 из 1 ваг.
    ПРИЧИНА: MIN_BATCH-тупик (17 пар). Все Load-дуги с доступным спросом — пары с потоком ниже порога партии:
      · (947005 → 832808): текущий поток 0 ваг., макс. добавим 1 (порог 3)
      · (947005 → 885100): текущий поток 0 ваг., макс. добавим 1 (порог 3)
      · (947005 → 945809): текущий поток 0 ваг., макс. добавим 1 (порог 3)
      · (947005 → 950101): текущий поток 0 ваг., макс. добавим 1 (порог 3)
      · (947005 → 834700): текущий поток 0 ваг., макс. добавим 1 (порог 3)
      · ...ещё 12 пар
  [s_idx   90] Забайкальск (Экспорт КЖД [Китай]) | тип=БК | ЕТСНГ=018038 | period=1 | mass_unload=false | осталось 1 из 1 ваг.
    ПРИЧИНА: MIN_BATCH-тупик (17 пар). Все Load-дуги с доступным спросом — пары с потоком ниже порога партии:
      · (947005 → 820001): текущий поток 0 ваг., макс. добавим 1 (порог 3)
      · (947005 → 922008): текущий поток 0 ваг., макс. добавим 1 (порог 3)
      · (947005 → 815709): текущий поток 0 ваг., макс. добавим 1 (порог 3)
      · (947005 → 950101): текущий поток 0 ваг., макс. добавим 1 (порог 3)
      · (947005 → 811201): текущий поток 0 ваг., макс. добавим 1 (порог 3)
      · ...ещё 12 пар
  [s_idx   91] Забайкальск (Экспорт КЖД [Китай]) | тип=Прочие | ЕТСНГ=018038 | period=1 | mass_unload=false | осталось 1 из 1 ваг.
    ПРИЧИНА: MIN_BATCH-тупик (17 пар). Все Load-дуги с доступным спросом — пары с потоком ниже порога партии:
      · (947005 → 885100): текущий поток 0 ваг., макс. добавим 1 (порог 3)
      · (947005 → 834700): текущий поток 0 ваг., макс. добавим 1 (порог 3)
      · (947005 → 853908): текущий поток 0 ваг., макс. добавим 1 (порог 3)
      · (947005 → 945809): текущий поток 0 ваг., макс. добавим 1 (порог 3)
      · (947005 → 607503): текущий поток 0 ваг., макс. добавим 1 (порог 3)
      · ...ещё 12 пар
  [s_idx   92] Забайкальск (Экспорт КЖД [Китай]) | тип=БК | ЕТСНГ=018019 | period=1 | mass_unload=false | осталось 2 из 2 ваг.
    ПРИЧИНА: MIN_BATCH-тупик (17 пар). Все Load-дуги с доступным спросом — пары с потоком ниже порога партии:
      · (947005 → 852500): текущий поток 0 ваг., макс. добавим 2 (порог 3)
      · (947005 → 944702): текущий поток 0 ваг., макс. добавим 2 (порог 3)
      · (947005 → 830304): текущий поток 0 ваг., макс. добавим 2 (порог 3)
      · (947005 → 853908): текущий поток 0 ваг., макс. добавим 2 (порог 3)
      · (947005 → 820001): текущий поток 0 ваг., макс. добавим 2 (порог 3)
      · ...ещё 12 пар
  [s_idx   93] Забайкальск (Экспорт КЖД [Китай]) | тип=БКТ | ЕТСНГ=013000 | period=1 | mass_unload=false | осталось 2 из 2 ваг.
    ПРИЧИНА: MIN_BATCH-тупик (18 пар). Все Load-дуги с доступным спросом — пары с потоком ниже порога партии:
      · (947005 → 950101): текущий поток 0 ваг., макс. добавим 2 (порог 3)
      · (947005 → 815709): текущий поток 0 ваг., макс. добавим 2 (порог 3)
      · (947005 → 815605): текущий поток 0 ваг., макс. добавим 2 (порог 3)
      · (947005 → 885100): текущий поток 0 ваг., макс. добавим 2 (порог 3)
      · (947005 → 607503): текущий поток 0 ваг., макс. добавим 2 (порог 3)
      · ...ещё 13 пар
  [s_idx   94] Забайкальск (Экспорт КЖД [Китай]) | тип=Т | ЕТСНГ=013000 | period=1 | mass_unload=false | осталось 2 из 2 ваг.
    ПРИЧИНА: MIN_BATCH-тупик (17 пар). Все Load-дуги с доступным спросом — пары с потоком ниже порога партии:
      · (947005 → 950101): текущий поток 0 ваг., макс. добавим 2 (порог 3)
      · (947005 → 834700): текущий поток 0 ваг., макс. добавим 2 (порог 3)
      · (947005 → 830304): текущий поток 0 ваг., макс. добавим 2 (порог 3)
      · (947005 → 312301): текущий поток 0 ваг., макс. добавим 2 (порог 3)
      · (947005 → 811201): текущий поток 0 ваг., макс. добавим 2 (порог 3)
      · ...ещё 12 пар
  [s_idx   95] Забайкальск (Экспорт КЖД [Китай]) | тип=БК | ЕТСНГ=013000 | period=1 | mass_unload=false | осталось 1 из 1 ваг.
    ПРИЧИНА: MIN_BATCH-тупик (17 пар). Все Load-дуги с доступным спросом — пары с потоком ниже порога партии:
      · (947005 → 852500): текущий поток 0 ваг., макс. добавим 1 (порог 3)
      · (947005 → 853908): текущий поток 0 ваг., макс. добавим 1 (порог 3)
      · (947005 → 815709): текущий поток 0 ваг., макс. добавим 1 (порог 3)
      · (947005 → 811201): текущий поток 0 ваг., макс. добавим 1 (порог 3)
      · (947005 → 853109): текущий поток 0 ваг., макс. добавим 1 (порог 3)
      · ...ещё 12 пар
  [s_idx  109] Татарская | тип=БКТ | ЕТСНГ=421195 | period=1 | mass_unload=false | осталось 1 из 1 ваг.
    ПРИЧИНА: доступны только Wash-дуги (36 шт., мин. стоимость 50118 руб./ваг.). В модели Wash не имеет штрафа за незаполнение,
             а excess_supply бесплатный — отправка только увеличила бы obj, MIP корректно оставил вагоны в остатке.
  [s_idx  122] Дубинино | тип=Прочие | ЕТСНГ=421208 | period=1 | mass_unload=false | осталось 1 из 1 ваг.
    ПРИЧИНА: MIN_BATCH-тупик (1 пар). Все Load-дуги с доступным спросом — пары с потоком ниже порога партии:
      · (884501 → 811201): текущий поток 0 ваг., макс. добавим 1 (порог 3)
  [s_idx  129] Ачинск 2 | тип=БКТ | ЕТСНГ=421195 | period=1 | mass_unload=false | осталось 1 из 1 ваг.
    ПРИЧИНА: квота ДМЗИ исчерпана — все Load-дуги с доступным спросом идут на дороги с выбранным лимитом:
      · дорога ЮУР, период 1: использовано 40 из 40 ваг.
  [s_idx  150] Новый Порт (Экспорт) | тип=БК | ЕТСНГ=021079 | period=1 | mass_unload=false | осталось 19 из 19 ваг.
    ПРИЧИНА: MIN_BATCH-тупик (6 пар). Все Load-дуги с доступным спросом — пары с потоком ниже порога партии:
      · (035902 → 944702): текущий поток 0 ваг., макс. добавим 2 (порог 3)
      · (035902 → 815605): текущий поток 0 ваг., макс. добавим 2 (порог 3)
      · (035902 → 950101): текущий поток 0 ваг., макс. добавим 2 (порог 3)
      · (035902 → 820001): текущий поток 0 ваг., макс. добавим 2 (порог 3)
      · (035902 → 607503): текущий поток 0 ваг., макс. добавим 2 (порог 3)
      · ...ещё 1 пар
  [s_idx  151] Новый Порт (Экспорт) | тип=БКТ | ЕТСНГ=021079 | period=1 | mass_unload=false | осталось 22 из 22 ваг.
    ПРИЧИНА: MIN_BATCH-тупик (7 пар). Все Load-дуги с доступным спросом — пары с потоком ниже порога партии:
      · (035902 → 607503): текущий поток 0 ваг., макс. добавим 2 (порог 3)
      · (035902 → 834700): текущий поток 0 ваг., макс. добавим 2 (порог 3)
      · (035902 → 944702): текущий поток 0 ваг., макс. добавим 2 (порог 3)
      · (035902 → 815605): текущий поток 0 ваг., макс. добавим 2 (порог 3)
      · (035902 → 885100): текущий поток 0 ваг., макс. добавим 1 (порог 3)
      · ...ещё 2 пар
  [s_idx  152] Санкт-Петербург-Товарный-Московский | тип=БКТ | ЕТСНГ=011005 | period=1 | mass_unload=false | осталось 4 из 4 ваг.
    ПРИЧИНА: квота ДМЗИ исчерпана — все Load-дуги с доступным спросом идут на дороги с выбранным лимитом:
      · дорога ВСБ, период 1: использовано 6 из 6 ваг.
      · дорога ЗАБ, период 1: использовано 14 из 14 ваг.
      · дорога ЗСБ, период 1: использовано 175 из 175 ваг.
      · дорога КРС, период 1: использовано 19 из 19 ваг.
      · дорога СЕВ, период 1: использовано 3 из 3 ваг.
      · ...ещё 2 бакетов
  [s_idx  153] Новый Порт (Экспорт) | тип=Т | ЕТСНГ=021079 | period=1 | mass_unload=false | осталось 26 из 28 ваг.
    ПРИЧИНА: MIN_BATCH-тупик (6 пар). Все Load-дуги с доступным спросом — пары с потоком ниже порога партии:
      · (035902 → 607503): текущий поток 0 ваг., макс. добавим 2 (порог 3)
      · (035902 → 834700): текущий поток 0 ваг., макс. добавим 2 (порог 3)
      · (035902 → 950101): текущий поток 0 ваг., макс. добавим 2 (порог 3)
      · (035902 → 944702): текущий поток 0 ваг., макс. добавим 2 (порог 3)
      · (035902 → 820001): текущий поток 0 ваг., макс. добавим 2 (порог 3)
      · ...ещё 1 пар
  [s_idx  156] Парнас | тип=Прочие | ЕТСНГ=— | period=1 | mass_unload=false | осталось 2 из 3 ваг.
    ПРИЧИНА: MIN_BATCH-тупик (17 пар). Все Load-дуги с доступным спросом — пары с потоком ниже порога партии:
      · (038309 → 815605): текущий поток 0 ваг., макс. добавим 2 (порог 3)
      · (038309 → 312301): текущий поток 0 ваг., макс. добавим 2 (порог 3)
      · (038309 → 852500): текущий поток 0 ваг., макс. добавим 2 (порог 3)
      · (038309 → 950101): текущий поток 0 ваг., макс. добавим 2 (порог 3)
      · (038309 → 834700): текущий поток 0 ваг., макс. добавим 2 (порог 3)
      · ...ещё 12 пар
  [s_idx  158] Новый Порт (Экспорт) | тип=Прочие | ЕТСНГ=021079 | period=1 | mass_unload=false | осталось 5 из 6 ваг.
    ПРИЧИНА: MIN_BATCH-тупик (6 пар). Все Load-дуги с доступным спросом — пары с потоком ниже порога партии:
      · (035902 → 815605): текущий поток 0 ваг., макс. добавим 2 (порог 3)
      · (035902 → 944702): текущий поток 0 ваг., макс. добавим 2 (порог 3)
      · (035902 → 950101): текущий поток 0 ваг., макс. добавим 2 (порог 3)
      · (035902 → 820001): текущий поток 0 ваг., макс. добавим 2 (порог 3)
      · (035902 → 607503): текущий поток 0 ваг., макс. добавим 2 (порог 3)
      · ...ещё 1 пар
  [s_idx  160] Толмачево | тип=БКТ | ЕТСНГ=014003 | period=1 | mass_unload=false | осталось 2 из 2 ваг.
    ПРИЧИНА: квота ДМЗИ исчерпана — все Load-дуги с доступным спросом идут на дороги с выбранным лимитом:
      · дорога ВСБ, период 1: использовано 6 из 6 ваг.
      · дорога ЗАБ, период 1: использовано 14 из 14 ваг.
      · дорога ЗСБ, период 1: использовано 175 из 175 ваг.
      · дорога КРС, период 1: использовано 19 из 19 ваг.
      · дорога СЕВ, период 1: использовано 3 из 3 ваг.
      · ...ещё 2 бакетов
  [s_idx  164] Новый Порт (Экспорт) | тип=— | ЕТСНГ=021079 | period=1 | mass_unload=false | осталось 1 из 1 ваг.
    ПРИЧИНА: MIN_BATCH-тупик (16 пар). Все Load-дуги с доступным спросом — пары с потоком ниже порога партии:
      · (035902 → 815605): текущий поток 0 ваг., макс. добавим 1 (порог 3)
      · (035902 → 832808): текущий поток 0 ваг., макс. добавим 1 (порог 3)
      · (035902 → 950101): текущий поток 0 ваг., макс. добавим 1 (порог 3)
      · (035902 → 922008): текущий поток 0 ваг., макс. добавим 1 (порог 3)
      · (035902 → 820001): текущий поток 0 ваг., макс. добавим 1 (порог 3)
      · ...ещё 11 пар
  [s_idx  165] Высоцк (Экспорт) | тип=БК | ЕТСНГ=011005 | period=1 | mass_unload=false | осталось 3 из 3 ваг.
    ПРИЧИНА: квота ДМЗИ исчерпана — все Load-дуги с доступным спросом идут на дороги с выбранным лимитом:
      · дорога ВСБ, период 1: использовано 6 из 6 ваг.
      · дорога ЗАБ, период 1: использовано 14 из 14 ваг.
      · дорога ЗСБ, период 1: использовано 175 из 175 ваг.
      · дорога КРС, период 1: использовано 19 из 19 ваг.
      · дорога СЕВ, период 1: использовано 3 из 3 ваг.
      · ...ещё 2 бакетов
  [s_idx  166] Рощино | тип=БК | ЕТСНГ=542239 | period=1 | mass_unload=false | осталось 8 из 8 ваг.
    ПРИЧИНА: квота ДМЗИ исчерпана — все Load-дуги с доступным спросом идут на дороги с выбранным лимитом:
      · дорога ЮУР, период 1: использовано 40 из 40 ваг.
  [s_idx  167] Рощино | тип=Прочие | ЕТСНГ=542239 | period=1 | mass_unload=false | осталось 6 из 6 ваг.
    ПРИЧИНА: квота ДМЗИ исчерпана — все Load-дуги с доступным спросом идут на дороги с выбранным лимитом:
      · дорога ЮУР, период 1: использовано 40 из 40 ваг.
  [s_idx  184] Ейск | тип=Т | ЕТСНГ=505032 | period=1 | mass_unload=false | осталось 1 из 1 ваг.
    ПРИЧИНА: доступны только Wash-дуги (36 шт., мин. стоимость 59154 руб./ваг.). В модели Wash не имеет штрафа за незаполнение,
             а excess_supply бесплатный — отправка только увеличила бы obj, MIP корректно оставил вагоны в остатке.
  [s_idx  196] Никель | тип=Прочие | ЕТСНГ=421034 | period=1 | mass_unload=false | осталось 1 из 1 ваг.
    ПРИЧИНА: квота ДМЗИ исчерпана — все Load-дуги с доступным спросом идут на дороги с выбранным лимитом:
      · дорога ЗАБ, период 1: использовано 14 из 14 ваг.
      · дорога ЮУР, период 1: использовано 40 из 40 ваг.
  [s_idx  201] ДУШАНБЕ 2 | тип=БКТ | ЕТСНГ=542050 | period=1 | mass_unload=false | осталось 1 из 1 ваг.
    ПРИЧИНА: нет ни одной допустимой дуги (нет тарифа, несовм. тип вагона или грязный груз).
  [s_idx  207] Ассаке | тип=БКТ | ЕТСНГ=542050 | period=1 | mass_unload=false | осталось 2 из 2 ваг.
    ПРИЧИНА: нет ни одной допустимой дуги (нет тарифа, несовм. тип вагона или грязный груз).
  [s_idx  209] Новороссийск | тип=— | ЕТСНГ=— | period=1 | mass_unload=true | осталось 267 из 461 ваг.
    ПРИЧИНА: MIN_BATCH-тупик (9 пар). Все Load-дуги с доступным спросом — пары с потоком ниже порога партии:
      · (520901 → 950101): текущий поток 0 ваг., макс. добавим 2 (порог 3)
      · (520901 → 820001): текущий поток 0 ваг., макс. добавим 2 (порог 3)
      · (520901 → 312301): текущий поток 0 ваг., макс. добавим 1 (порог 3)
      · (520901 → 834700): текущий поток 0 ваг., макс. добавим 2 (порог 3)
      · (520901 → 815605): текущий поток 0 ваг., макс. добавим 2 (порог 3)
      · ...ещё 4 пар

  СВОДКА ПО ПРИЧИНАМ:
    квота ДМЗИ исчерпана                узлов:  13, вагонов:   46
    MIN_BATCH-тупик                     узлов:  28, вагонов:  451
    нет допустимых дуг                  узлов:   2, вагонов:    3
    доступны только Wash-дуги           узлов:   2, вагонов:    2
---------------------------------
MIP нашёл глобальный оптимум (gap=0.0004%) — фаза ALNS пропущена.
--- УТИЛИЗАЦИЯ КВОТ ДМЗИ ---
  ВСБ  период  1:    6 из    6 ваг.
  ВСБ  период 10:    0 из    6 ваг.
  ГОР  период  1:    0 из  225 ваг.
  ГОР  период 10:    0 из  240 ваг.
  ЗАБ  период  1:   14 из   14 ваг.
  ЗАБ  период 10:    0 из   15 ваг.
  ЗСБ  период  1:  175 из  175 ваг.
  ЗСБ  период 10:    0 из  210 ваг.
  КБШ  период  1:   64 из  207 ваг.
  КБШ  период 10:    0 из  240 ваг.
  КРС  период  1:   19 из   19 ваг.
  КРС  период 10:    0 из   24 ваг.
  МСК  период  1:   25 из  234 ваг.
  МСК  период 10:    0 из  240 ваг.
  ОКТ  период  1:    0 из  173 ваг.
  ОКТ  период 10:    0 из  180 ваг.
  ПРВ  период  1:  148 из  189 ваг.
  ПРВ  период 10:    0 из  189 ваг.
  СВР  период  1:    1 из  313 ваг.
  СВР  период 10:    0 из  351 ваг.
  СЕВ  период  1:    3 из    3 ваг.
  СЕВ  период 10:    0 из    3 ваг.
  ЮВС  период  1:   80 из   80 ваг.
  ЮВС  период 10:    0 из  120 ваг.
  ЮУР  период  1:   40 из   40 ваг.
  ЮУР  период 10:    0 из   60 ваг.
----------------------------
Баланс отчёта оптимизации:   OK (1237 ваг. в записях = 1237 ваг. предложения)
Записей в отчёте (Excel):    312 (274 оптим. + 24 по факту + 14 в ремонт) / 1300 вагонов
  → в POST АПИ (период 1):   312 записей / 1300 вагонов
Чекпоинт сохранён:           tmp/checkpoint_2026-06-10_19-17-12.xlsx

======= РЕЗУЛЬТАТЫ ОПТИМИЗАЦИИ =======
Статус решателя:      MIP Optimal (gap=0.000%)
Назначено вагонов:    735
Избыток предложения:  502 ваг. (dummy-спрос)
  остаток по периодам предложения: p1=502 p10=0 прочие=0
Неудовл. спрос:       278 ваг. (dummy-предложение)
Суммарная стоимость:  28023228 руб.
======================================

Результат сохранён:          tmp/result_20260610_191712.json
[SUCCESS] railoptim завершил работу успешно.
