[Вт 15 сен 2026 17:44:50 MSK] Запуск: /home/atretyakov/railoptim/app/bin/railoptim (env=prod, MIP_WARM_START=on)
stations_geo: 19494 записей, data/stations/stations_geo.sqlite (baltic=671, china_mongolia=339, cis=6263, ru=11848, south_caucasus=373)
Получено узлов спроса (погрузка): 480 или 7548 вагонов
Бизнес-правила (business_rules.json): потолок подсыла 6000 км; инотерриторий 12 (исключений 3); дефицитных дорог 6 (вывоз ≤ 300 км, надбавка 30000 руб.); проверка ГУ-12 вкл.; загруженность станций (правило 4) закрытие при Q ≥ 5×C, очередь ≤ 1×C без ожидания, штраф ожидания 5000 руб./сут.; конвенции РЖД (правило 5) вкл.; грязный под свой груз (правило 6): промывочный маршрут +10000+40000 руб., потолок ≤ 1.00 × промывочного маршрута, поощрение 0.50 × (тариф до промывки + промывка)
Конвенции (правило 5, conv-redis): 127.0.0.1:6379/0 HASH `telegrams_db` — 67 записей в Redis, в сервис взято 8 действующих → data/conventions_from_redis.json
  в HASH не взяты (истёкшие/вне горизонта/без дат, в память не кладём): истекло 53, ещё не началось 0, без дат 0; битый JSON 0
  отброшено из действующих по дате: класс Others/ошибка 6, только КЗХ 0, нечем матчить 0
  действующих: 8 (Empty 2, All 5, Grain 1; из них промывка/ремонт/отстой 0)
    · №19412 All | назн.ЕСР 207603,207406,207302,206507,206704 | все получатели | 2026-09-01…2026-12-31 | все грузы
    · №19692 All | назн.ЕСР 434231,434301,434405,436203 | все получатели | 2026-09-01…2026-09-30 | все грузы
    · №20514 Grain | назн.ЕСР 521001,520901 | по ОКПО/имени | 2026-09-13…2026-10-12 | пшеница
    · №27638 Empty | назн.дороги УЗБ | все получатели | 2025-11-11…3000-01-01 | Порожние вагоны
    · №4810 All | назн.ЕСР 436701 | все получатели | 2026-03-05…3000-01-01 | все грузы
    · №4811 Empty | назн.ЕСР 434208,434104 | все получатели | 2026-03-05…3000-01-01 | Порожние вагоны
    · №7659 All | назн.ЕСР 436701 | все получатели | 2026-04-06…2026-09-30 | все грузы
    · №7660 All | назн.ЕСР 434208,434104 | все получатели | 2026-04-06…2026-09-30 | все грузы
  индекс: 8 правил; ЕСР погрузки 12, ЕСР назн.груза 14, dest-дороги 1, dep-дороги 0, dep-ЕСР 0, пары dep→dest 0; все получатели 7, с ОКПО/именем 1; без ключей 0
  ЕСР погрузки (Empty/All): 206507, 206704, 207302, 207406, 207603, 434104, 434208, 434231, 434301, 434405, 436203, 436701
  ЕСР назн.груза (Grain/All): 206507, 206704, 207302, 207406, 207603, 434104, 434208, 434231, 434301, 434405, 436203, 436701, 520901, 521001
  dest-дороги: УЗБ
Дороги-инотерритории для ГУ-12 (ForeignRoads): 12
GU12_STATS={"periods": ["0:4", "5:7", "8:9", "10:14"], "rows": 899, "stations": 277, "rows_without_okpo": 48, "cars_by_period": [8532, 5224, 3229, 6135]}
Спрос с учётом ГУ-12 (правило 3): 371 узлов или 4557 вагонов (было 480 / 7548)
  заявок ГУ-12 согласованных: 899 строк / 277 станций (на станциях без спроса: 330)
  по периодам 1..4, ваг.: было [1527, 1492, 1371, 3158] → стало [1141, 996, 724, 1696]
  сопоставлено узлов: по ОКПО 410, по имени грузоотправителя 0, пропорционально по станции 15
  урезано до ГУ-12: 92 узлов / −1365 ваг.; без заявки ГУ-12 (исключены): 109 узлов / 1626 ваг.; инотерритория (без проверки): 41 узлов / 525 ваг.
Получено узлов предложения 1 сут.:  199 или 1162 вагонов
  [!] дислокация: 230 повторов номеров внутри выгрузки dislocations.py — оставлено первое вхождение
  [!] дислокация: 18 вагонов периода 10 уже есть в предложении АПИ (период 1) — из периода 10 исключены, оставлены в периоде 1: 95456810, 99473811, 98953060, 99429359, 95689337, 95937553, 58565953, 98909039, 95804563, 99489395, …
  узлов дислокации (2-10 сут., период 10): 566 или 7557 вагонов (в выгрузке 7805, дублей 230, пересечений с периодом 1 18)
Получено узлов предложения всего:  765 или 8719 вагонов
  свободных для назначения:  654 или 8417 вагонов
  требуют ремонта (В ремонт):80 или 236 вагонов
  по факту (Assigned):       31 или 66 вагонов
Дороги без промывки (NoCleaningRoads): 8
Коды «уже промыт/ремонт» (WashedEmptyEtsngCodes): 2
Ban-list чужих владельцев отстоя (reserve_owners.json): 4 пар (станция+ОКПО)
Узлов спроса (промывка):     36 или мощность в период 5 суток 2795 вагонов
  предложений с ЕТСНГ из списка промывки: 206 вагонов (освобождены по NoCleaningRoads: 335; из них есть узел погрузки с тем же ЕТСНГ на любой станции — альтернатива промывке по спросу: 215 вагонов)
Получено тарифов:            34705
Загружено ремонтных станций: 102
Тарифов до ремонтных ст.:    4643
Тарифов до промывки (с надбавкой 10000+40000=50000 руб.): 1497
Ограничения ДМЗИ:            13 дорог (91 записей Ostatok)
  ВСБ  период 1 ≤    5, период 10 ≤    7 ваг.
  ГОР  период 1 ≤  356, период 10 ≤  516 ваг.
  ЗАБ  период 1 ≤   25, период 10 ≤   35 ваг.
  ЗСБ  период 1 ≤  835, период 10 ≤ 1169 ваг.
  КБШ  период 1 ≤  934, период 10 ≤ 1342 ваг.
  КРС  период 1 ≤   10, период 10 ≤   14 ваг.
  МСК  период 1 ≤  729, период 10 ≤ 1029 ваг.
  ОКТ  период 1 ≤  307, период 10 ≤  437 ваг.
  ПРВ  период 1 ≤ 1041, период 10 ≤ 1471 ваг.
  СВР  период 1 ≤  570, период 10 ≤  804 ваг.
  СЕВ  период 1 ≤   15, период 10 ≤   21 ваг.
  ЮВС  период 1 ≤ 1545, период 10 ≤ 2167 ваг.
  ЮУР  период 1 ≤  750, период 10 ≤ 1050 ваг.
БД отстоя обновлена:         получено 18 / записано 18 / без etran_id 0
Узлы отстоя (резервы):       77 узлов / ёмкость 2223 ваг. (записей в БД 212, дублей 0, отфильтровано 135, чужих по ban-list 440)
FREE_LOADROADS_STATS={"date_from": "2026-03-15", "date_to": "2026-09-15", "load_station_codes": 495, "cars_on_station_rows": 1908, "cars_total": 80839}
Свободные ёмкости путей:     100 крупных станций -> data/load_stations_free_capacity.json
Загруженность станций (правило 4): мощность известна у 710 станций справочника; станций спроса 150, проверено 126, без мощности 24
  закрыто станций: 4 (14 узлов / 186 ваг. спроса); с очередью (ожидание подсыла): 37; станций с несколькими грузоотправителями: 17; грузоотправителей с разным CarsOnStation по узлам: 26
    · закрыта Руденск (БЕЛ): на станции 81 ваг., мощность 10 ваг./сут. (8.1 сут. работы)
    · закрыта Ольха (ЮВС): на станции 56 ваг., мощность 7 ваг./сут. (8.0 сут. работы)
    · закрыта Саханская (МСК): на станции 21 ваг., мощность 3 ваг./сут. (7.0 сут. работы)
    · закрыта Новосибирск-Южный (ЗСБ): на станции 36 ваг., мощность 6 ваг./сут. (6.0 сут. работы)
    · очередь Красногвардеец (ЮУР): на станции 50 ваг., мощность 11 ваг./сут. — подсыл не раньше 4-х суток
    · очередь Мальчевская (СКВ): на станции 41 ваг., мощность 10 ваг./сут. — подсыл не раньше 4-х суток
    · очередь Сасово (МСК): на станции 39 ваг., мощность 8 ваг./сут. — подсыл не раньше 4-х суток
    · очередь Новохоперск (ЮВС): на станции 21 ваг., мощность 5 ваг./сут. — подсыл не раньше 4-х суток
    · очередь Алексиково (ПРВ): на станции 129 ваг., мощность 42 ваг./сут. — подсыл не раньше 3-х суток
    · очередь Верховье (МСК): на станции 71 ваг., мощность 21 ваг./сут. — подсыл не раньше 3-х суток
    · очередь Кореновск (СКВ): на станции 53 ваг., мощность 17 ваг./сут. — подсыл не раньше 3-х суток
    · очередь Макушино (ЮУР): на станции 53 ваг., мощность 15 ваг./сут. — подсыл не раньше 3-х суток
    · очередь Плавск (МСК): на станции 19 ваг., мощность 6 ваг./сут. — подсыл не раньше 3-х суток
    · очередь Заречная (СКВ): на станции 143 ваг., мощность 60 ваг./сут. — подсыл не раньше 2-х суток
    · ...ещё 27 станций с очередью
Всего пар supply×demand:     266178
  без тарифа:                        24261 (9.1%)
  нарушение срока (жёстко):          0 (0.0%)
  несовм. тип вагона:                4081 (1.5%)
  грязный вагон → чужой ЕТСНГ (правило 6): 30529 (11.5%)
  грязный: погрузка дороже промывочного маршрута → в промывку (правило 6): 247 (0.1%)
  погрузка дальше потолка расстояния (6000 км): 14405 (5.4%)
  инотерритория (правило 1):           13698 (5.1%)
  вывоз с дефицитной дороги (правило 2): 33312 (12.5%)
  станция закрыта очередью (правило 4): 4015 (1.5%)
  конвенция РЖД (правило 5):           0 (0.0%)
  допустимых дуг с надбавкой по правилам: 3510 (1.3%)
  допустимых дуг с ожиданием в очереди станции (правило 4): 12 (0.0%)
  допустимых дуг «грязный → свой груз» с поощрением (правило 6): 137 (0.1%), в среднем 12086 руб./дугу
  допустимых дуг со штрафом за срок:   99510 (37.4%)
  допустимых дуг всего в LP:      141630 (53.2%)
Ограничения партии (MIN_BATCH): массовая выгрузка — 31708 дуг / 1481 пар; средние станции — 53346 дуг / 4127 пар (станций образования: 65, погрузки: 93)
  маршрутные отправки (B=10): 4630 дуг / 359 пар (станций образования: 71, маршрутных станций погрузки: 6)
--- АНАЛИЗ РЕСУРСОВ ---
Предложение: 8417 ваг.
Спрос (погрузка): 4557 ваг.
Ёмкость промывки (верх): 2795 ваг.
Статус: ПРОФИЦИТ к погрузке (+3860 ваг.)
-----------------------
Штраф за остаток предложения: 5000 руб./ваг. для всех узлов (профицит — грязные вагоны в отстой без промывки)
--- ЖАДНОЕ РЕШЕНИЕ ---
Назначений:            1018 шт.
Назначено вагонов:     4541 / 4557 спрос (погрузка), 8417 предложение
Суммарная стоимость:   341272890.72 руб.
Неудовлетворён спрос:  186 ваг.
Избыток предложения:   3876 ваг.
Покрытие спроса (погр.): 99.6%
----------------------
MIP warm-start: ON (greedy) (управляется env MIP_WARM_START={on|off}, по умолч. on)
--- MIP РЕШЕНИЕ ---
Статус:                MIP ReachedTimeLimit (gap=0.027%)
Назначено вагонов:     4371 / 4557 спрос (погрузка), 8417 предложение
Суммарная стоимость:   233164294.97 руб.
Неудовлетворён спрос:  186 ваг.
Избыток предложения:   4046 ваг.
Покрытие спроса (погр.): 95.9%
-------------------
MIP время: 229.86 сек (warm-start: ON)
MIP диагностика: status=ReachedTimeLimit, gap=0.0269%, undist=4232 (unmet=186, excess=4046), real_cost=233164294.97
MIP vs greedy:   greedy undist=4062 (unmet=186, excess=3876), real_cost=341272890.72  →  Δundist=+170, Δcost=-108108595.75
  ВНИМАНИЕ: MIP не закрыл 186 ваг. спроса на погрузку (unmet > 0). Возможные причины:
           (а) PENALTY_UNMET ниже стоимости единственно допустимых плеч,
           (б) HiGHS остановился по rel_gap до закрытия всего спроса.
--- ДИАГНОСТИКА EXCESS SUPPLY (4046 ваг. в 155 узлах) ---
  [s_idx   28] Поти (Порт, Экспорт) | тип=Т | ЕТСНГ=018131 | period=1 | mass_unload=true | осталось 5 из 5 ваг.
    ПРИЧИНА: все Load-спросы уже закрыты (Load-дуг 308, Wash-дуг 0; везде rem_demand=0).
  [s_idx   29] Поти (Порт, Экспорт) | тип=Прочие | ЕТСНГ=018131 | period=1 | mass_unload=true | осталось 4 из 4 ваг.
    ПРИЧИНА: все Load-спросы уже закрыты (Load-дуг 308, Wash-дуг 0; везде rem_demand=0).
  [s_idx   30] Поти (Порт, Экспорт) | тип=БК | ЕТСНГ=018131 | period=1 | mass_unload=true | осталось 1 из 1 ваг.
    ПРИЧИНА: все Load-спросы уже закрыты (Load-дуг 308, Wash-дуг 0; везде rem_demand=0).
  [s_idx   31] Поти (Порт, Экспорт) | тип=БКТ | ЕТСНГ=018131 | period=1 | mass_unload=true | осталось 4 из 4 ваг.
    ПРИЧИНА: все Load-спросы уже закрыты (Load-дуг 320, Wash-дуг 0; везде rem_demand=0).
  [s_idx   81] Архара | тип=Прочие | ЕТСНГ=421034 | period=1 | mass_unload=false | осталось 1 из 1 ваг.
    ПРИЧИНА: все Load-спросы уже закрыты (Load-дуг 23, Wash-дуг 0; везде rem_demand=0).
  [s_idx   82] Уссурийск | тип=БК | ЕТСНГ=— | period=1 | mass_unload=false | осталось 5 из 5 ваг.
    ПРИЧИНА: все Load-спросы уже закрыты (Load-дуг 4, Wash-дуг 0; везде rem_demand=0).
  [s_idx   83] Уссурийск | тип=Прочие | ЕТСНГ=— | period=1 | mass_unload=false | осталось 1 из 1 ваг.
    ПРИЧИНА: все Load-спросы уже закрыты (Load-дуг 4, Wash-дуг 0; везде rem_demand=0).
  [s_idx   84] Гродеково (Экспорт на КЖД [Китай]) | тип=Т | ЕТСНГ=015006 | period=1 | mass_unload=false | осталось 4 из 4 ваг.
    ПРИЧИНА: все Load-спросы уже закрыты (Load-дуг 3, Wash-дуг 0; везде rem_demand=0).
  [s_idx   85] Уссурийск | тип=БКТ | ЕТСНГ=— | period=1 | mass_unload=false | осталось 5 из 5 ваг.
    ПРИЧИНА: все Load-спросы уже закрыты (Load-дуг 4, Wash-дуг 0; везде rem_demand=0).
  [s_idx   86] Хабаровск 1 | тип=БКТ | ЕТСНГ=018112 | period=1 | mass_unload=false | осталось 1 из 1 ваг.
    ПРИЧИНА: все Load-спросы уже закрыты (Load-дуг 22, Wash-дуг 0; везде rem_demand=0).
  [s_idx   87] Забайкальск (Экспорт на КЖД [Китай]) | тип=БК | ЕТСНГ=014003 | period=1 | mass_unload=false | осталось 12 из 12 ваг.
    ПРИЧИНА: все Load-спросы уже закрыты (Load-дуг 121, Wash-дуг 0; везде rem_demand=0).
  [s_idx   88] Возжаевка | тип=Т | ЕТСНГ=421034 | period=1 | mass_unload=false | осталось 1 из 1 ваг.
    ПРИЧИНА: все Load-спросы уже закрыты (Load-дуг 23, Wash-дуг 0; везде rem_demand=0).
  [s_idx   89] Забайкальск (Экспорт на КЖД [Китай]) | тип=Прочие | ЕТСНГ=014003 | period=1 | mass_unload=false | осталось 2 из 2 ваг.
    ПРИЧИНА: все Load-спросы уже закрыты (Load-дуг 121, Wash-дуг 0; везде rem_demand=0).
  [s_idx   90] Возжаевка | тип=БК | ЕТСНГ=421034 | period=1 | mass_unload=false | осталось 1 из 1 ваг.
    ПРИЧИНА: все Load-спросы уже закрыты (Load-дуг 23, Wash-дуг 0; везде rem_demand=0).
  [s_idx   91] Забайкальск (Экспорт на КЖД [Китай]) | тип=Т | ЕТСНГ=014003 | period=1 | mass_unload=false | осталось 2 из 2 ваг.
    ПРИЧИНА: все Load-спросы уже закрыты (Load-дуг 121, Wash-дуг 0; везде rem_demand=0).
  [s_idx   92] Забайкальск (Экспорт на КЖД [Китай]) | тип=БКТ | ЕТСНГ=014003 | period=1 | mass_unload=false | осталось 1 из 1 ваг.
    ПРИЧИНА: все Load-спросы уже закрыты (Load-дуг 126, Wash-дуг 0; везде rem_demand=0).
  [s_idx   93] Возжаевка | тип=Прочие | ЕТСНГ=421034 | period=1 | mass_unload=false | осталось 1 из 1 ваг.
    ПРИЧИНА: все Load-спросы уже закрыты (Load-дуг 23, Wash-дуг 0; везде rem_demand=0).
  [s_idx   94] Белогорск | тип=БКТ | ЕТСНГ=421195 | period=1 | mass_unload=false | осталось 1 из 1 ваг.
    ПРИЧИНА: все Load-спросы уже закрыты (Load-дуг 23, Wash-дуг 0; везде rem_demand=0).
  [s_idx   95] Белогорск 2 | тип=БК | ЕТСНГ=421208 | period=1 | mass_unload=false | осталось 1 из 1 ваг.
    ПРИЧИНА: все Load-спросы уже закрыты (Load-дуг 23, Wash-дуг 0; везде rem_demand=0).
  [s_idx  115] Новая Заимка | тип=БКТ | ЕТСНГ=542239 | period=1 | mass_unload=false | осталось 1 из 1 ваг.
    ПРИЧИНА: доступны только Wash-дуги (36 шт., мин. стоимость 73433 руб./ваг.) при штрафе за остаток узла 5000 руб./ваг. (профицит).
             Промывка дороже штрафа — MIP оставил вагоны в остатке (Wash не имеет штрафа за незаполнение).
  [s_idx  117] Новая Заимка | тип=БК | ЕТСНГ=542239 | period=1 | mass_unload=false | осталось 1 из 1 ваг.
    ПРИЧИНА: доступны только Wash-дуги (36 шт., мин. стоимость 73433 руб./ваг.) при штрафе за остаток узла 5000 руб./ваг. (профицит).
             Промывка дороже штрафа — MIP оставил вагоны в остатке (Wash не имеет штрафа за незаполнение).
  [s_idx  136] Сорочинская | тип=БКТ | ЕТСНГ=421034 | period=1 | mass_unload=false | осталось 1 из 1 ваг.
    ПРИЧИНА: доступны только Wash-дуги (36 шт., мин. стоимость 67021 руб./ваг.) при штрафе за остаток узла 5000 руб./ваг. (профицит).
             Промывка дороже штрафа — MIP оставил вагоны в остатке (Wash не имеет штрафа за незаполнение).
  [s_idx  154] Денов | тип=БК | ЕТСНГ=011005 | period=10 | mass_unload=false | осталось 16 из 16 ваг.
    ПРИЧИНА: все Load-спросы уже закрыты (Load-дуг 337, Wash-дуг 0; везде rem_demand=0).
  [s_idx  156] Вайвара (Экспорт) | тип=БК | ЕТСНГ=018131 | period=10 | mass_unload=true | осталось 19 из 46 ваг.
    ПРИЧИНА: все Load-спросы уже закрыты (Load-дуг 306, Wash-дуг 0; везде rem_demand=0).
  [s_idx  161] Владивосток (Экспорт) | тип=БКТ | ЕТСНГ=011005 | period=10 | mass_unload=true | осталось 71 из 71 ваг.
    ПРИЧИНА: все Load-спросы уже закрыты (Load-дуг 3, Wash-дуг 0; везде rem_demand=0).
  [s_idx  162] Ереван | тип=БКТ | ЕТСНГ=014003 | period=10 | mass_unload=false | осталось 1 из 16 ваг.
    ПРИЧИНА: все Load-спросы уже закрыты (Load-дуг 321, Wash-дуг 0; везде rem_demand=0).
  [s_idx  164] Лужская (Экспорт) | тип=БКТ | ЕТСНГ=011005 | period=10 | mass_unload=true | осталось 1232 из 1266 ваг.
    ПРИЧИНА: все Load-спросы уже закрыты (Load-дуг 354, Wash-дуг 0; везде rem_demand=0).
  [s_idx  167] Новый Порт (Экспорт) | тип=БКТ | ЕТСНГ=542296 | period=10 | mass_unload=true | осталось 19 из 19 ваг.
    ПРИЧИНА: доступны только Wash-дуги (36 шт., мин. стоимость 83205 руб./ваг.) при штрафе за остаток узла 5000 руб./ваг. (профицит).
             Промывка дороже штрафа — MIP оставил вагоны в остатке (Wash не имеет штрафа за незаполнение).
  [s_idx  168] Высоцк (Экспорт) | тип=БК | ЕТСНГ=011005 | period=10 | mass_unload=true | осталось 82 из 113 ваг.
    ПРИЧИНА: все Load-спросы уже закрыты (Load-дуг 342, Wash-дуг 0; везде rem_demand=0).
  [s_idx  170] Лужская (Экспорт) | тип=БК | ЕТСНГ=011005 | period=10 | mass_unload=true | осталось 497 из 518 ваг.
    ПРИЧИНА: все Load-спросы уже закрыты (Load-дуг 342, Wash-дуг 0; везде rem_demand=0).
  [s_idx  172] Поти (Порт, Экспорт) | тип=БКТ | ЕТСНГ=018131 | period=10 | mass_unload=true | осталось 162 из 162 ваг.
    ПРИЧИНА: все Load-спросы уже закрыты (Load-дуг 320, Wash-дуг 0; везде rem_demand=0).
  [s_idx  176] Новороссийск (Экспорт) | тип=БК | ЕТСНГ=542239 | period=10 | mass_unload=true | осталось 3 из 3 ваг.
    ПРИЧИНА: доступны только Wash-дуги (36 шт., мин. стоимость 90802 руб./ваг.) при штрафе за остаток узла 5000 руб./ваг. (профицит).
             Промывка дороже штрафа — MIP оставил вагоны в остатке (Wash не имеет штрафа за незаполнение).
  [s_idx  179] Лиепая (Экспорт) | тип=БК | ЕТСНГ=011005 | period=10 | mass_unload=true | осталось 81 из 120 ваг.
    ПРИЧИНА: все Load-спросы уже закрыты (Load-дуг 311, Wash-дуг 0; везде rem_demand=0).
  [s_idx  182] Савай | тип=БКТ | ЕТСНГ=011005 | period=10 | mass_unload=false | осталось 5 из 17 ваг.
    ПРИЧИНА: все Load-спросы уже закрыты (Load-дуг 342, Wash-дуг 0; везде rem_demand=0).
  [s_idx  185] Лужская (Экспорт) | тип=Т | ЕТСНГ=011005 | period=10 | mass_unload=true | осталось 477 из 579 ваг.
    ПРИЧИНА: все Load-спросы уже закрыты (Load-дуг 342, Wash-дуг 0; везде rem_demand=0).
  [s_idx  186] Поти (Порт, Экспорт) | тип=БК | ЕТСНГ=011005 | period=10 | mass_unload=true | осталось 11 из 11 ваг.
    ПРИЧИНА: все Load-спросы уже закрыты (Load-дуг 308, Wash-дуг 0; везде rem_demand=0).
  [s_idx  189] Асака | тип=БКТ | ЕТСНГ=542050 | period=10 | mass_unload=false | осталось 1 из 3 ваг.
    ПРИЧИНА: все Load-спросы уже закрыты (Load-дуг 348, Wash-дуг 0; везде rem_demand=0).
  [s_idx  190] Лиепая (Экспорт) | тип=БКТ | ЕТСНГ=011005 | period=10 | mass_unload=true | осталось 345 из 366 ваг.
    ПРИЧИНА: все Load-спросы уже закрыты (Load-дуг 323, Wash-дуг 0; везде rem_demand=0).
  [s_idx  191] Владивосток (Экспорт) | тип=БКТ | ЕТСНГ=542239 | period=10 | mass_unload=true | осталось 6 из 6 ваг.
    ПРИЧИНА: доступны только Wash-дуги (36 шт., мин. стоимость 115927 руб./ваг.) при штрафе за остаток узла 5000 руб./ваг. (профицит).
             Промывка дороже штрафа — MIP оставил вагоны в остатке (Wash не имеет штрафа за незаполнение).
  [s_idx  193] Лиепая (Экспорт) | тип=БКТ | ЕТСНГ=014003 | period=10 | mass_unload=true | осталось 2 из 42 ваг.
    ПРИЧИНА: все Load-спросы уже закрыты (Load-дуг 323, Wash-дуг 0; везде rem_demand=0).
  [s_idx  200] Поти (Порт, Экспорт) | тип=Т | ЕТСНГ=018131 | period=10 | mass_unload=true | осталось 49 из 49 ваг.
    ПРИЧИНА: все Load-спросы уже закрыты (Load-дуг 308, Wash-дуг 0; везде rem_demand=0).
  [s_idx  206] Высоцк (Экспорт) | тип=Т | ЕТСНГ=011005 | period=10 | mass_unload=true | осталось 109 из 180 ваг.
    ПРИЧИНА: все Load-спросы уже закрыты (Load-дуг 342, Wash-дуг 0; везде rem_demand=0).
  [s_idx  208] Высоцк (Экспорт) | тип=БКТ | ЕТСНГ=011005 | period=10 | mass_unload=true | осталось 254 из 308 ваг.
    ПРИЧИНА: все Load-спросы уже закрыты (Load-дуг 354, Wash-дуг 0; везде rem_demand=0).
  [s_idx  212] Денов | тип=БКТ | ЕТСНГ=011005 | period=10 | mass_unload=false | осталось 28 из 28 ваг.
    ПРИЧИНА: все Load-спросы уже закрыты (Load-дуг 349, Wash-дуг 0; везде rem_demand=0).
  [s_idx  214] Савай | тип=Т | ЕТСНГ=011005 | period=10 | mass_unload=false | осталось 3 из 3 ваг.
    ПРИЧИНА: все Load-спросы уже закрыты (Load-дуг 330, Wash-дуг 0; везде rem_demand=0).
  [s_idx  215] Вайвара (Экспорт) | тип=БКТ | ЕТСНГ=018131 | period=10 | mass_unload=true | осталось 69 из 93 ваг.
    ПРИЧИНА: все Load-спросы уже закрыты (Load-дуг 318, Wash-дуг 0; везде rem_demand=0).
  [s_idx  227] Забайкальск (Экспорт на КЖД [Китай]) | тип=БК | ЕТСНГ=014003 | period=10 | mass_unload=false | осталось 7 из 7 ваг.
    ПРИЧИНА: все Load-спросы уже закрыты (Load-дуг 121, Wash-дуг 0; везде rem_demand=0).
  [s_idx  228] Лиепая (Экспорт) | тип=Т | ЕТСНГ=542072 | period=10 | mass_unload=true | осталось 9 из 14 ваг.
    ПРИЧИНА: все Load-спросы уже закрыты (Load-дуг 311, Wash-дуг 0; везде rem_demand=0).
  [s_idx  229] Поти (Порт, Экспорт) | тип=БК | ЕТСНГ=018131 | period=10 | mass_unload=true | осталось 55 из 55 ваг.
    ПРИЧИНА: все Load-спросы уже закрыты (Load-дуг 308, Wash-дуг 0; везде rem_demand=0).
  [s_idx  235] Уссурийск | тип=БК | ЕТСНГ=011005 | period=10 | mass_unload=false | осталось 2 из 2 ваг.
    ПРИЧИНА: все Load-спросы уже закрыты (Load-дуг 4, Wash-дуг 0; везде rem_demand=0).
  [s_idx  249] Забайкальск (Экспорт на КЖД [Китай]) | тип=Т | ЕТСНГ=014003 | period=10 | mass_unload=false | осталось 3 из 3 ваг.
    ПРИЧИНА: все Load-спросы уже закрыты (Load-дуг 121, Wash-дуг 0; везде rem_demand=0).
  [s_idx  250] Селикса | тип=БКТ | ЕТСНГ=542224 | period=10 | mass_unload=false | осталось 14 из 14 ваг.
    ПРИЧИНА: доступны только Wash-дуги (36 шт., мин. стоимость 95187 руб./ваг.) при штрафе за остаток узла 5000 руб./ваг. (профицит).
             Промывка дороже штрафа — MIP оставил вагоны в остатке (Wash не имеет штрафа за незаполнение).
  [s_idx  252] Поярково | тип=Т | ЕТСНГ=014003 | period=10 | mass_unload=false | осталось 8 из 8 ваг.
    ПРИЧИНА: все Load-спросы уже закрыты (Load-дуг 23, Wash-дуг 0; везде rem_demand=0).
  [s_idx  254] Владивосток (Экспорт) | тип=Т | ЕТСНГ=011005 | period=10 | mass_unload=true | осталось 32 из 32 ваг.
    ПРИЧИНА: все Load-спросы уже закрыты (Load-дуг 3, Wash-дуг 0; везде rem_demand=0).
  [s_idx  257] Новороссийск (Экспорт) | тип=БКТ | ЕТСНГ=542239 | period=10 | mass_unload=true | осталось 12 из 12 ваг.
    ПРИЧИНА: доступны только Wash-дуги (36 шт., мин. стоимость 90802 руб./ваг.) при штрафе за остаток узла 5000 руб./ваг. (профицит).
             Промывка дороже штрафа — MIP оставил вагоны в остатке (Wash не имеет штрафа за незаполнение).
  [s_idx  264] Серхетабат (Экспорт) | тип=БК | ЕТСНГ=011005 | period=10 | mass_unload=false | осталось 7 из 7 ваг.
    ПРИЧИНА: все Load-спросы уже закрыты (Load-дуг 208, Wash-дуг 0; везде rem_demand=0).
  [s_idx  274] Забайкальск (Экспорт на КЖД [Китай]) | тип=БКТ | ЕТСНГ=014003 | period=10 | mass_unload=false | осталось 1 из 1 ваг.
    ПРИЧИНА: все Load-спросы уже закрыты (Load-дуг 126, Wash-дуг 0; везде rem_demand=0).
  [s_idx  275] Новый Порт (Экспорт) | тип=БК | ЕТСНГ=542296 | period=10 | mass_unload=true | осталось 4 из 4 ваг.
    ПРИЧИНА: доступны только Wash-дуги (36 шт., мин. стоимость 83205 руб./ваг.) при штрафе за остаток узла 5000 руб./ваг. (профицит).
             Промывка дороже штрафа — MIP оставил вагоны в остатке (Wash не имеет штрафа за незаполнение).
  [s_idx  276] Блюхер (Экспорт) | тип=БКТ | ЕТСНГ=011005 | period=10 | mass_unload=false | осталось 7 из 7 ваг.
    ПРИЧИНА: все Load-спросы уже закрыты (Load-дуг 2, Wash-дуг 0; везде rem_demand=0).
  [s_idx  279] Душанбе 2 | тип=БКТ | ЕТСНГ=542050 | period=10 | mass_unload=false | осталось 1 из 1 ваг.
    ПРИЧИНА: все Load-спросы уже закрыты (Load-дуг 347, Wash-дуг 0; везде rem_demand=0).
  [s_idx  285] Гродеково (Экспорт на КЖД [Китай]) | тип=Т | ЕТСНГ=015006 | period=10 | mass_unload=false | осталось 5 из 5 ваг.
    ПРИЧИНА: все Load-спросы уже закрыты (Load-дуг 3, Wash-дуг 0; везде rem_demand=0).
  [s_idx  286] Лужская (Экспорт) | тип=БКТ | ЕТСНГ=011005 | period=10 | mass_unload=true | осталось 2 из 7 ваг.
    ПРИЧИНА: все Load-спросы уже закрыты (Load-дуг 354, Wash-дуг 0; везде rem_demand=0).
  [s_idx  289] Гродеково (Экспорт на КЖД [Китай]) | тип=БКТ | ЕТСНГ=015006 | period=10 | mass_unload=false | осталось 7 из 7 ваг.
    ПРИЧИНА: все Load-спросы уже закрыты (Load-дуг 3, Wash-дуг 0; везде rem_demand=0).
  [s_idx  296] Смоленск | тип=БКТ | ЕТСНГ=542239 | period=10 | mass_unload=false | осталось 2 из 2 ваг.
    ПРИЧИНА: доступны только Wash-дуги (36 шт., мин. стоимость 97210 руб./ваг.) при штрафе за остаток узла 5000 руб./ваг. (профицит).
             Промывка дороже штрафа — MIP оставил вагоны в остатке (Wash не имеет штрафа за незаполнение).
  [s_idx  297] Уссурийск | тип=БКТ | ЕТСНГ=011005 | period=10 | mass_unload=false | осталось 4 из 4 ваг.
    ПРИЧИНА: все Load-спросы уже закрыты (Load-дуг 4, Wash-дуг 0; везде rem_demand=0).
  [s_idx  300] Поярково | тип=БК | ЕТСНГ=014003 | period=10 | mass_unload=false | осталось 4 из 4 ваг.
    ПРИЧИНА: все Load-спросы уже закрыты (Load-дуг 23, Wash-дуг 0; везде rem_demand=0).
  [s_idx  301] Термиз | тип=БК | ЕТСНГ=011005 | period=10 | mass_unload=false | осталось 9 из 9 ваг.
    ПРИЧИНА: все Load-спросы уже закрыты (Load-дуг 318, Wash-дуг 0; везде rem_demand=0).
  [s_idx  305] Поти (Порт, Экспорт) | тип=БКТ | ЕТСНГ=011005 | period=10 | mass_unload=true | осталось 9 из 9 ваг.
    ПРИЧИНА: все Load-спросы уже закрыты (Load-дуг 320, Wash-дуг 0; везде rem_demand=0).
  [s_idx  307] Термиз | тип=БКТ | ЕТСНГ=011005 | period=10 | mass_unload=false | осталось 7 из 7 ваг.
    ПРИЧИНА: все Load-спросы уже закрыты (Load-дуг 330, Wash-дуг 0; везде rem_demand=0).
  [s_idx  313] Шурчи (РЗД) | тип=Т | ЕТСНГ=011005 | period=10 | mass_unload=false | осталось 2 из 2 ваг.
    ПРИЧИНА: все Load-спросы уже закрыты (Load-дуг 329, Wash-дуг 0; везде rem_demand=0).
  [s_idx  321] Невдубстрой | тип=БКТ | ЕТСНГ=542224 | period=10 | mass_unload=true | осталось 4 из 4 ваг.
    ПРИЧИНА: доступны только Wash-дуги (36 шт., мин. стоимость 67759 руб./ваг.) при штрафе за остаток узла 5000 руб./ваг. (профицит).
             Промывка дороже штрафа — MIP оставил вагоны в остатке (Wash не имеет штрафа за незаполнение).
  [s_idx  324] Владивосток (Экспорт) | тип=БК | ЕТСНГ=011005 | period=10 | mass_unload=true | осталось 14 из 14 ваг.
    ПРИЧИНА: все Load-спросы уже закрыты (Load-дуг 3, Wash-дуг 0; везде rem_demand=0).
  [s_idx  325] Серхетабат (Экспорт) | тип=Т | ЕТСНГ=011005 | period=10 | mass_unload=false | осталось 9 из 9 ваг.
    ПРИЧИНА: все Load-спросы уже закрыты (Load-дуг 208, Wash-дуг 0; везде rem_demand=0).
  [s_idx  326] Серхетабат (Экспорт) | тип=БКТ | ЕТСНГ=011005 | period=10 | mass_unload=false | осталось 28 из 28 ваг.
    ПРИЧИНА: все Load-спросы уже закрыты (Load-дуг 219, Wash-дуг 0; везде rem_demand=0).
  [s_idx  329] Мурманские Ворота | тип=БК | ЕТСНГ=542239 | period=10 | mass_unload=false | осталось 2 из 2 ваг.
    ПРИЧИНА: доступны только Wash-дуги (36 шт., мин. стоимость 71342 руб./ваг.) при штрафе за остаток узла 5000 руб./ваг. (профицит).
             Промывка дороже штрафа — MIP оставил вагоны в остатке (Wash не имеет штрафа за незаполнение).
  [s_idx  338] Стрижи | тип=БК | ЕТСНГ=542239 | period=10 | mass_unload=false | осталось 2 из 2 ваг.
    ПРИЧИНА: доступны только Wash-дуги (36 шт., мин. стоимость 136983 руб./ваг.) при штрафе за остаток узла 5000 руб./ваг. (профицит).
             Промывка дороже штрафа — MIP оставил вагоны в остатке (Wash не имеет штрафа за незаполнение).
  [s_idx  339] Забайкальск (Экспорт на КЖД [Китай]) | тип=БКТ | ЕТСНГ=434034 | period=10 | mass_unload=false | осталось 2 из 2 ваг.
    ПРИЧИНА: все Load-спросы уже закрыты (Load-дуг 126, Wash-дуг 0; везде rem_demand=0).
  [s_idx  350] Готня | тип=БК | ЕТСНГ=542239 | period=10 | mass_unload=false | осталось 3 из 3 ваг.
    ПРИЧИНА: доступны только Wash-дуги (36 шт., мин. стоимость 113366 руб./ваг.) при штрафе за остаток узла 5000 руб./ваг. (профицит).
             Промывка дороже штрафа — MIP оставил вагоны в остатке (Wash не имеет штрафа за незаполнение).
  [s_idx  360] Шурчи (РЗД) | тип=БКТ | ЕТСНГ=011005 | period=10 | mass_unload=false | осталось 4 из 4 ваг.
    ПРИЧИНА: все Load-спросы уже закрыты (Load-дуг 341, Wash-дуг 0; везде rem_demand=0).
  [s_idx  366] Позимь | тип=БК | ЕТСНГ=542239 | period=10 | mass_unload=false | осталось 1 из 1 ваг.
    ПРИЧИНА: доступны только Wash-дуги (36 шт., мин. стоимость 115003 руб./ваг.) при штрафе за остаток узла 5000 руб./ваг. (профицит).
             Промывка дороже штрафа — MIP оставил вагоны в остатке (Wash не имеет штрафа за незаполнение).
  [s_idx  369] Рыбинск-Товарный | тип=БКТ | ЕТСНГ=542239 | period=10 | mass_unload=false | осталось 3 из 3 ваг.
    ПРИЧИНА: доступны только Wash-дуги (36 шт., мин. стоимость 94247 руб./ваг.) при штрафе за остаток узла 5000 руб./ваг. (профицит).
             Промывка дороже штрафа — MIP оставил вагоны в остатке (Wash не имеет штрафа за незаполнение).
  [s_idx  375] Астара (Экспорт) | тип=Т | ЕТСНГ=011005 | period=10 | mass_unload=false | осталось 6 из 6 ваг.
    ПРИЧИНА: все Load-спросы уже закрыты (Load-дуг 307, Wash-дуг 0; везде rem_demand=0).
  [s_idx  380] Владивосток (Экспорт) | тип=Т | ЕТСНГ=542239 | period=10 | mass_unload=true | осталось 2 из 2 ваг.
    ПРИЧИНА: доступны только Wash-дуги (36 шт., мин. стоимость 115927 руб./ваг.) при штрафе за остаток узла 5000 руб./ваг. (профицит).
             Промывка дороже штрафа — MIP оставил вагоны в остатке (Wash не имеет штрафа за незаполнение).
  [s_idx  381] Астара (Экспорт) | тип=БКТ | ЕТСНГ=— | period=10 | mass_unload=false | осталось 6 из 6 ваг.
    ПРИЧИНА: все Load-спросы уже закрыты (Load-дуг 319, Wash-дуг 0; везде rem_demand=0).
  [s_idx  387] Поярково | тип=БКТ | ЕТСНГ=014003 | period=10 | mass_unload=false | осталось 9 из 9 ваг.
    ПРИЧИНА: все Load-спросы уже закрыты (Load-дуг 23, Wash-дуг 0; везде rem_demand=0).
  [s_idx  392] Галич | тип=БКТ | ЕТСНГ=542239 | period=10 | mass_unload=false | осталось 4 из 4 ваг.
    ПРИЧИНА: доступны только Wash-дуги (36 шт., мин. стоимость 96208 руб./ваг.) при штрафе за остаток узла 5000 руб./ваг. (профицит).
             Промывка дороже штрафа — MIP оставил вагоны в остатке (Wash не имеет штрафа за незаполнение).
  [s_idx  398] Селикса | тип=Т | ЕТСНГ=542224 | period=10 | mass_unload=false | осталось 3 из 3 ваг.
    ПРИЧИНА: доступны только Wash-дуги (36 шт., мин. стоимость 95187 руб./ваг.) при штрафе за остаток узла 5000 руб./ваг. (профицит).
             Промывка дороже штрафа — MIP оставил вагоны в остатке (Wash не имеет штрафа за незаполнение).
  [s_idx  405] Блюхер (Экспорт) | тип=БК | ЕТСНГ=011005 | period=10 | mass_unload=false | осталось 3 из 3 ваг.
    ПРИЧИНА: все Load-спросы уже закрыты (Load-дуг 2, Wash-дуг 0; везде rem_demand=0).
  [s_idx  406] Селикса | тип=БК | ЕТСНГ=542224 | period=10 | mass_unload=false | осталось 6 из 6 ваг.
    ПРИЧИНА: доступны только Wash-дуги (36 шт., мин. стоимость 95187 руб./ваг.) при штрафе за остаток узла 5000 руб./ваг. (профицит).
             Промывка дороже штрафа — MIP оставил вагоны в остатке (Wash не имеет штрафа за незаполнение).
  [s_idx  419] Базаиха | тип=БКТ | ЕТСНГ=542239 | period=10 | mass_unload=false | осталось 2 из 2 ваг.
    ПРИЧИНА: доступны только Wash-дуги (36 шт., мин. стоимость 69008 руб./ваг.) при штрафе за остаток узла 5000 руб./ваг. (профицит).
             Промывка дороже штрафа — MIP оставил вагоны в остатке (Wash не имеет штрафа за незаполнение).
  [s_idx  425] Холщевики | тип=БКТ | ЕТСНГ=542239 | period=10 | mass_unload=false | осталось 2 из 2 ваг.
    ПРИЧИНА: доступны только Wash-дуги (36 шт., мин. стоимость 95679 руб./ваг.) при штрафе за остаток узла 5000 руб./ваг. (профицит).
             Промывка дороже штрафа — MIP оставил вагоны в остатке (Wash не имеет штрафа за незаполнение).
  [s_idx  434] Шиповка | тип=Т | ЕТСНГ=021083 | period=10 | mass_unload=false | осталось 5 из 5 ваг.
    ПРИЧИНА: все Load-спросы уже закрыты (Load-дуг 305, Wash-дуг 0; везде rem_demand=0).
  [s_idx  435] Куланга | тип=БКТ | ЕТСНГ=542224 | period=10 | mass_unload=false | осталось 1 из 1 ваг.
    ПРИЧИНА: нет ни одной допустимой дуги (нет тарифа, несовм. тип вагона или грязный груз).
  [s_idx  436] Невдубстрой | тип=Т | ЕТСНГ=542224 | period=10 | mass_unload=true | осталось 3 из 3 ваг.
    ПРИЧИНА: доступны только Wash-дуги (36 шт., мин. стоимость 67759 руб./ваг.) при штрафе за остаток узла 5000 руб./ваг. (профицит).
             Промывка дороже штрафа — MIP оставил вагоны в остатке (Wash не имеет штрафа за незаполнение).
  [s_idx  438] Порт Оля (Экспорт) | тип=БКТ | ЕТСНГ=542239 | period=10 | mass_unload=false | осталось 6 из 6 ваг.
    ПРИЧИНА: доступны только Wash-дуги (36 шт., мин. стоимость 94679 руб./ваг.) при штрафе за остаток узла 5000 руб./ваг. (профицит).
             Промывка дороже штрафа — MIP оставил вагоны в остатке (Wash не имеет штрафа за незаполнение).
  [s_idx  440] Глазов | тип=БК | ЕТСНГ=— | period=10 | mass_unload=false | осталось 1 из 1 ваг.
    ПРИЧИНА: доступны только Wash-дуги (36 шт., мин. стоимость 127301 руб./ваг.) при штрафе за остаток узла 5000 руб./ваг. (профицит).
             Промывка дороже штрафа — MIP оставил вагоны в остатке (Wash не имеет штрафа за незаполнение).
  [s_idx  441] Гродеково (Экспорт на КЖД [Китай]) | тип=БК | ЕТСНГ=015006 | period=10 | mass_unload=false | осталось 3 из 3 ваг.
    ПРИЧИНА: все Load-спросы уже закрыты (Load-дуг 3, Wash-дуг 0; везде rem_demand=0).
  [s_idx  447] Савай | тип=БК | ЕТСНГ=011005 | period=10 | mass_unload=false | осталось 4 из 4 ваг.
    ПРИЧИНА: все Load-спросы уже закрыты (Load-дуг 330, Wash-дуг 0; везде rem_demand=0).
  [s_idx  448] Денов | тип=Т | ЕТСНГ=011005 | period=10 | mass_unload=false | осталось 8 из 8 ваг.
    ПРИЧИНА: все Load-спросы уже закрыты (Load-дуг 337, Wash-дуг 0; везде rem_demand=0).
  [s_idx  451] Блюхер (Экспорт) | тип=БКТ | ЕТСНГ=018038 | period=10 | mass_unload=false | осталось 1 из 1 ваг.
    ПРИЧИНА: все Load-спросы уже закрыты (Load-дуг 2, Wash-дуг 0; везде rem_demand=0).
  [s_idx  452] Жердевка | тип=Т | ЕТСНГ=542239 | period=10 | mass_unload=false | осталось 3 из 4 ваг.
    ПРИЧИНА: доступны только Wash-дуги (36 шт., мин. стоимость 92165 руб./ваг.) при штрафе за остаток узла 5000 руб./ваг. (профицит).
             Промывка дороже штрафа — MIP оставил вагоны в остатке (Wash не имеет штрафа за незаполнение).
  [s_idx  458] Шиповка | тип=БКТ | ЕТСНГ=021083 | period=10 | mass_unload=false | осталось 6 из 6 ваг.
    ПРИЧИНА: все Load-спросы уже закрыты (Load-дуг 317, Wash-дуг 0; везде rem_demand=0).
  [s_idx  459] Новый Порт (Экспорт) | тип=Т | ЕТСНГ=542296 | period=10 | mass_unload=true | осталось 2 из 2 ваг.
    ПРИЧИНА: доступны только Wash-дуги (36 шт., мин. стоимость 83205 руб./ваг.) при штрафе за остаток узла 5000 руб./ваг. (профицит).
             Промывка дороже штрафа — MIP оставил вагоны в остатке (Wash не имеет штрафа за незаполнение).
  [s_idx  461] Ханака | тип=Т | ЕТСНГ=542224 | period=10 | mass_unload=false | осталось 1 из 1 ваг.
    ПРИЧИНА: все Load-спросы уже закрыты (Load-дуг 332, Wash-дуг 0; везде rem_demand=0).
  [s_idx  462] Лиепая (Экспорт) | тип=Т | ЕТСНГ=505028 | period=10 | mass_unload=true | осталось 3 из 3 ваг.
    ПРИЧИНА: все Load-спросы уже закрыты (Load-дуг 311, Wash-дуг 0; везде rem_demand=0).
  [s_idx  463] Позимь | тип=БКТ | ЕТСНГ=— | period=10 | mass_unload=false | осталось 4 из 4 ваг.
    ПРИЧИНА: доступны только Wash-дуги (36 шт., мин. стоимость 115003 руб./ваг.) при штрафе за остаток узла 5000 руб./ваг. (профицит).
             Промывка дороже штрафа — MIP оставил вагоны в остатке (Wash не имеет штрафа за незаполнение).
  [s_idx  468] Забайкальск (Экспорт на КЖД [Китай]) | тип=БК | ЕТСНГ=434034 | period=10 | mass_unload=false | осталось 2 из 2 ваг.
    ПРИЧИНА: все Load-спросы уже закрыты (Load-дуг 121, Wash-дуг 0; везде rem_demand=0).
  [s_idx  469] Шагол | тип=БКТ | ЕТСНГ=542239 | period=10 | mass_unload=false | осталось 1 из 1 ваг.
    ПРИЧИНА: доступны только Wash-дуги (36 шт., мин. стоимость 68094 руб./ваг.) при штрафе за остаток узла 5000 руб./ваг. (профицит).
             Промывка дороже штрафа — MIP оставил вагоны в остатке (Wash не имеет штрафа за незаполнение).
  [s_idx  470] Астара (Экспорт) | тип=БК | ЕТСНГ=011005 | period=10 | mass_unload=false | осталось 4 из 4 ваг.
    ПРИЧИНА: все Load-спросы уже закрыты (Load-дуг 307, Wash-дуг 0; везде rem_demand=0).
  [s_idx  475] Астара (Экспорт) | тип=Т | ЕТСНГ=— | period=10 | mass_unload=false | осталось 1 из 1 ваг.
    ПРИЧИНА: все Load-спросы уже закрыты (Load-дуг 307, Wash-дуг 0; везде rem_demand=0).
  [s_idx  481] Шиповка | тип=БК | ЕТСНГ=021083 | period=10 | mass_unload=false | осталось 1 из 1 ваг.
    ПРИЧИНА: все Load-спросы уже закрыты (Load-дуг 305, Wash-дуг 0; везде rem_demand=0).
  [s_idx  484] Хабаровск 1 | тип=БК | ЕТСНГ=018112 | period=10 | mass_unload=false | осталось 2 из 2 ваг.
    ПРИЧИНА: все Load-спросы уже закрыты (Load-дуг 22, Wash-дуг 0; везде rem_demand=0).
  [s_idx  485] Каменск-Уральский | тип=БКТ | ЕТСНГ=542224 | period=10 | mass_unload=false | осталось 1 из 1 ваг.
    ПРИЧИНА: доступны только Wash-дуги (1 шт., мин. стоимость 90044 руб./ваг.) при штрафе за остаток узла 5000 руб./ваг. (профицит).
             Промывка дороже штрафа — MIP оставил вагоны в остатке (Wash не имеет штрафа за незаполнение).
  [s_idx  486] Термиз | тип=Т | ЕТСНГ=011005 | period=10 | mass_unload=false | осталось 2 из 2 ваг.
    ПРИЧИНА: все Load-спросы уже закрыты (Load-дуг 318, Wash-дуг 0; везде rem_demand=0).
  [s_idx  488] Шурчи (РЗД) | тип=БК | ЕТСНГ=011005 | period=10 | mass_unload=false | осталось 2 из 2 ваг.
    ПРИЧИНА: все Load-спросы уже закрыты (Load-дуг 329, Wash-дуг 0; везде rem_demand=0).
  [s_idx  493] Шагол | тип=БК | ЕТСНГ=542239 | period=10 | mass_unload=false | осталось 1 из 1 ваг.
    ПРИЧИНА: доступны только Wash-дуги (36 шт., мин. стоимость 68094 руб./ваг.) при штрафе за остаток узла 5000 руб./ваг. (профицит).
             Промывка дороже штрафа — MIP оставил вагоны в остатке (Wash не имеет штрафа за незаполнение).
  [s_idx  494] Нижний Ломов | тип=БКТ | ЕТСНГ=542224 | period=10 | mass_unload=false | осталось 1 из 1 ваг.
    ПРИЧИНА: доступны только Wash-дуги (36 шт., мин. стоимость 118817 руб./ваг.) при штрафе за остаток узла 5000 руб./ваг. (профицит).
             Промывка дороже штрафа — MIP оставил вагоны в остатке (Wash не имеет штрафа за незаполнение).
  [s_idx  499] Мурманские Ворота | тип=БКТ | ЕТСНГ=542239 | period=10 | mass_unload=false | осталось 1 из 1 ваг.
    ПРИЧИНА: доступны только Wash-дуги (36 шт., мин. стоимость 71342 руб./ваг.) при штрафе за остаток узла 5000 руб./ваг. (профицит).
             Промывка дороже штрафа — MIP оставил вагоны в остатке (Wash не имеет штрафа за незаполнение).
  [s_idx  505] Галич | тип=БК | ЕТСНГ=542239 | period=10 | mass_unload=false | осталось 2 из 2 ваг.
    ПРИЧИНА: доступны только Wash-дуги (36 шт., мин. стоимость 96208 руб./ваг.) при штрафе за остаток узла 5000 руб./ваг. (профицит).
             Промывка дороже штрафа — MIP оставил вагоны в остатке (Wash не имеет штрафа за незаполнение).
  [s_idx  506] Уссурийск | тип=Т | ЕТСНГ=011005 | period=10 | mass_unload=false | осталось 2 из 2 ваг.
    ПРИЧИНА: все Load-спросы уже закрыты (Load-дуг 4, Wash-дуг 0; везде rem_demand=0).
  [s_idx  508] Новый Порт | тип=БК | ЕТСНГ=505028 | period=10 | mass_unload=false | осталось 1 из 1 ваг.
    ПРИЧИНА: доступны только Wash-дуги (36 шт., мин. стоимость 83205 руб./ваг.) при штрафе за остаток узла 5000 руб./ваг. (профицит).
             Промывка дороже штрафа — MIP оставил вагоны в остатке (Wash не имеет штрафа за незаполнение).
  [s_idx  511] Каргала | тип=БКТ | ЕТСНГ=542224 | period=10 | mass_unload=false | осталось 2 из 2 ваг.
    ПРИЧИНА: доступны только Wash-дуги (36 шт., мин. стоимость 120862 руб./ваг.) при штрафе за остаток узла 5000 руб./ваг. (профицит).
             Промывка дороже штрафа — MIP оставил вагоны в остатке (Wash не имеет штрафа за незаполнение).
  [s_idx  513] Смоленск | тип=БК | ЕТСНГ=542239 | period=10 | mass_unload=false | осталось 1 из 1 ваг.
    ПРИЧИНА: доступны только Wash-дуги (36 шт., мин. стоимость 97210 руб./ваг.) при штрафе за остаток узла 5000 руб./ваг. (профицит).
             Промывка дороже штрафа — MIP оставил вагоны в остатке (Wash не имеет штрафа за незаполнение).
  [s_idx  514] Качалино | тип=БКТ | ЕТСНГ=542224 | period=10 | mass_unload=false | осталось 2 из 2 ваг.
    ПРИЧИНА: доступны только Wash-дуги (36 шт., мин. стоимость 68398 руб./ваг.) при штрафе за остаток узла 5000 руб./ваг. (профицит).
             Промывка дороже штрафа — MIP оставил вагоны в остатке (Wash не имеет штрафа за незаполнение).
  [s_idx  519] Астара (Экспорт) | тип=БКТ | ЕТСНГ=011005 | period=10 | mass_unload=false | осталось 3 из 3 ваг.
    ПРИЧИНА: все Load-спросы уже закрыты (Load-дуг 319, Wash-дуг 0; везде rem_demand=0).
  [s_idx  529] Шиповка | тип=БК | ЕТСНГ=542224 | period=10 | mass_unload=false | осталось 1 из 1 ваг.
    ПРИЧИНА: доступны только Wash-дуги (36 шт., мин. стоимость 68209 руб./ваг.) при штрафе за остаток узла 5000 руб./ваг. (профицит).
             Промывка дороже штрафа — MIP оставил вагоны в остатке (Wash не имеет штрафа за незаполнение).
  [s_idx  531] Уссурийск | тип=БК | ЕТСНГ=— | period=10 | mass_unload=false | осталось 1 из 1 ваг.
    ПРИЧИНА: все Load-спросы уже закрыты (Load-дуг 4, Wash-дуг 0; везде rem_demand=0).
  [s_idx  550] Красноселка | тип=БКТ | ЕТСНГ=542224 | period=10 | mass_unload=false | осталось 1 из 1 ваг.
    ПРИЧИНА: доступны только Wash-дуги (36 шт., мин. стоимость 70344 руб./ваг.) при штрафе за остаток узла 5000 руб./ваг. (профицит).
             Промывка дороже штрафа — MIP оставил вагоны в остатке (Wash не имеет штрафа за незаполнение).
  [s_idx  551] Холщевики | тип=БК | ЕТСНГ=542239 | period=10 | mass_unload=false | осталось 1 из 1 ваг.
    ПРИЧИНА: доступны только Wash-дуги (36 шт., мин. стоимость 95679 руб./ваг.) при штрафе за остаток узла 5000 руб./ваг. (профицит).
             Промывка дороже штрафа — MIP оставил вагоны в остатке (Wash не имеет штрафа за незаполнение).
  [s_idx  554] Хабаровск 1 | тип=БК | ЕТСНГ=014003 | period=10 | mass_unload=false | осталось 1 из 1 ваг.
    ПРИЧИНА: все Load-спросы уже закрыты (Load-дуг 22, Wash-дуг 0; везде rem_demand=0).
  [s_idx  555] Стрижи | тип=БКТ | ЕТСНГ=542239 | period=10 | mass_unload=false | осталось 2 из 2 ваг.
    ПРИЧИНА: доступны только Wash-дуги (36 шт., мин. стоимость 136983 руб./ваг.) при штрафе за остаток узла 5000 руб./ваг. (профицит).
             Промывка дороже штрафа — MIP оставил вагоны в остатке (Wash не имеет штрафа за незаполнение).
  [s_idx  557] Хабаровск 1 | тип=БКТ | ЕТСНГ=014003 | period=10 | mass_unload=false | осталось 1 из 1 ваг.
    ПРИЧИНА: все Load-спросы уже закрыты (Load-дуг 22, Wash-дуг 0; везде rem_demand=0).
  [s_idx  559] Высоцк (Экспорт) | тип=Т | ЕТСНГ=011005 | period=10 | mass_unload=true | осталось 2 из 2 ваг.
    ПРИЧИНА: все Load-спросы уже закрыты (Load-дуг 342, Wash-дуг 0; везде rem_demand=0).
  [s_idx  567] Шиповка | тип=БКТ | ЕТСНГ=542224 | period=10 | mass_unload=false | осталось 1 из 1 ваг.
    ПРИЧИНА: доступны только Wash-дуги (36 шт., мин. стоимость 68209 руб./ваг.) при штрафе за остаток узла 5000 руб./ваг. (профицит).
             Промывка дороже штрафа — MIP оставил вагоны в остатке (Wash не имеет штрафа за незаполнение).
  [s_idx  568] Качалино | тип=БКТ | ЕТСНГ=— | period=10 | mass_unload=false | осталось 1 из 1 ваг.
    ПРИЧИНА: доступны только Wash-дуги (36 шт., мин. стоимость 68398 руб./ваг.) при штрафе за остаток узла 5000 руб./ваг. (профицит).
             Промывка дороже штрафа — MIP оставил вагоны в остатке (Wash не имеет штрафа за незаполнение).
  [s_idx  574] Ружино | тип=БКТ | ЕТСНГ=421208 | period=10 | mass_unload=false | осталось 2 из 2 ваг.
    ПРИЧИНА: все Load-спросы уже закрыты (Load-дуг 7, Wash-дуг 0; везде rem_demand=0).
  [s_idx  580] Хабаровск 1 | тип=БКТ | ЕТСНГ=— | period=10 | mass_unload=false | осталось 1 из 1 ваг.
    ПРИЧИНА: все Load-спросы уже закрыты (Load-дуг 22, Wash-дуг 0; везде rem_demand=0).
  [s_idx  582] Шагол | тип=Т | ЕТСНГ=542224 | period=10 | mass_unload=false | осталось 1 из 1 ваг.
    ПРИЧИНА: доступны только Wash-дуги (36 шт., мин. стоимость 68094 руб./ваг.) при штрафе за остаток узла 5000 руб./ваг. (профицит).
             Промывка дороже штрафа — MIP оставил вагоны в остатке (Wash не имеет штрафа за незаполнение).
  [s_idx  586] Алексеевская | тип=БК | ЕТСНГ=— | period=10 | mass_unload=false | осталось 1 из 1 ваг.
    ПРИЧИНА: доступны только Wash-дуги (36 шт., мин. стоимость 91774 руб./ваг.) при штрафе за остаток узла 5000 руб./ваг. (профицит).
             Промывка дороже штрафа — MIP оставил вагоны в остатке (Wash не имеет штрафа за незаполнение).
  [s_idx  587] Жердевка | тип=БК | ЕТСНГ=542239 | period=10 | mass_unload=false | осталось 2 из 2 ваг.
    ПРИЧИНА: доступны только Wash-дуги (36 шт., мин. стоимость 92165 руб./ваг.) при штрафе за остаток узла 5000 руб./ваг. (профицит).
             Промывка дороже штрафа — MIP оставил вагоны в остатке (Wash не имеет штрафа за незаполнение).
  [s_idx  588] Новая Заимка | тип=БК | ЕТСНГ=542239 | period=10 | mass_unload=false | осталось 2 из 2 ваг.
    ПРИЧИНА: доступны только Wash-дуги (36 шт., мин. стоимость 120433 руб./ваг.) при штрафе за остаток узла 5000 руб./ваг. (профицит).
             Промывка дороже штрафа — MIP оставил вагоны в остатке (Wash не имеет штрафа за незаполнение).
  [s_idx  592] Гори | тип=БКТ | ЕТСНГ=018112 | period=10 | mass_unload=false | осталось 1 из 1 ваг.
    ПРИЧИНА: все Load-спросы уже закрыты (Load-дуг 307, Wash-дуг 0; везде rem_demand=0).
  [s_idx  601] Красная Речка | тип=БКТ | ЕТСНГ=015006 | period=10 | mass_unload=false | осталось 1 из 1 ваг.
    ПРИЧИНА: все Load-спросы уже закрыты (Load-дуг 22, Wash-дуг 0; везде rem_demand=0).
  [s_idx  604] Невдубстрой | тип=БКТ | ЕТСНГ=542239 | period=10 | mass_unload=true | осталось 2 из 2 ваг.
    ПРИЧИНА: доступны только Wash-дуги (36 шт., мин. стоимость 67759 руб./ваг.) при штрафе за остаток узла 5000 руб./ваг. (профицит).
             Промывка дороже штрафа — MIP оставил вагоны в остатке (Wash не имеет штрафа за незаполнение).
  [s_idx  605] Гори | тип=Т | ЕТСНГ=018112 | period=10 | mass_unload=false | осталось 2 из 2 ваг.
    ПРИЧИНА: все Load-спросы уже закрыты (Load-дуг 295, Wash-дуг 0; везде rem_demand=0).
  [s_idx  609] Хабаровск 1 | тип=БКТ | ЕТСНГ=018112 | period=10 | mass_unload=false | осталось 1 из 1 ваг.
    ПРИЧИНА: все Load-спросы уже закрыты (Load-дуг 22, Wash-дуг 0; везде rem_demand=0).
  [s_idx  613] Шадринск | тип=БКТ | ЕТСНГ=542239 | period=10 | mass_unload=false | осталось 1 из 1 ваг.
    ПРИЧИНА: доступны только Wash-дуги (36 шт., мин. стоимость 92610 руб./ваг.) при штрафе за остаток узла 5000 руб./ваг. (профицит).
             Промывка дороже штрафа — MIP оставил вагоны в остатке (Wash не имеет штрафа за незаполнение).
  [s_idx  614] Порт Оля (Экспорт) | тип=БК | ЕТСНГ=542239 | period=10 | mass_unload=false | осталось 1 из 1 ваг.
    ПРИЧИНА: доступны только Wash-дуги (36 шт., мин. стоимость 94679 руб./ваг.) при штрафе за остаток узла 5000 руб./ваг. (профицит).
             Промывка дороже штрафа — MIP оставил вагоны в остатке (Wash не имеет штрафа за незаполнение).
  [s_idx  616] Красноселка | тип=Т | ЕТСНГ=542224 | period=10 | mass_unload=false | осталось 1 из 1 ваг.
    ПРИЧИНА: доступны только Wash-дуги (36 шт., мин. стоимость 70344 руб./ваг.) при штрафе за остаток узла 5000 руб./ваг. (профицит).
             Промывка дороже штрафа — MIP оставил вагоны в остатке (Wash не имеет штрафа за незаполнение).
  [s_idx  622] Качалино | тип=БК | ЕТСНГ=542224 | period=10 | mass_unload=false | осталось 1 из 1 ваг.
    ПРИЧИНА: доступны только Wash-дуги (36 шт., мин. стоимость 68398 руб./ваг.) при штрафе за остаток узла 5000 руб./ваг. (профицит).
             Промывка дороже штрафа — MIP оставил вагоны в остатке (Wash не имеет штрафа за незаполнение).
  [s_idx  623] Новый Порт | тип=БКТ | ЕТСНГ=505028 | period=10 | mass_unload=false | осталось 1 из 1 ваг.
    ПРИЧИНА: доступны только Wash-дуги (36 шт., мин. стоимость 83205 руб./ваг.) при штрафе за остаток узла 5000 руб./ваг. (профицит).
             Промывка дороже штрафа — MIP оставил вагоны в остатке (Wash не имеет штрафа за незаполнение).
  [s_idx  625] Богоявленск | тип=БК | ЕТСНГ=542239 | period=10 | mass_unload=false | осталось 1 из 1 ваг.
    ПРИЧИНА: доступны только Wash-дуги (36 шт., мин. стоимость 89101 руб./ваг.) при штрафе за остаток узла 5000 руб./ваг. (профицит).
             Промывка дороже штрафа — MIP оставил вагоны в остатке (Wash не имеет штрафа за незаполнение).
  [s_idx  626] Тербуны | тип=БКТ | ЕТСНГ=542239 | period=10 | mass_unload=false | осталось 1 из 1 ваг.
    ПРИЧИНА: доступны только Wash-дуги (36 шт., мин. стоимость 89899 руб./ваг.) при штрафе за остаток узла 5000 руб./ваг. (профицит).
             Промывка дороже штрафа — MIP оставил вагоны в остатке (Wash не имеет штрафа за незаполнение).
  [s_idx  640] Саранск | тип=БК | ЕТСНГ=542224 | period=10 | mass_unload=false | осталось 1 из 1 ваг.
    ПРИЧИНА: доступны только Wash-дуги (36 шт., мин. стоимость 92610 руб./ваг.) при штрафе за остаток узла 5000 руб./ваг. (профицит).
             Промывка дороже штрафа — MIP оставил вагоны в остатке (Wash не имеет штрафа за незаполнение).
  [s_idx  647] Базаиха | тип=БК | ЕТСНГ=542239 | period=10 | mass_unload=false | осталось 1 из 1 ваг.
    ПРИЧИНА: доступны только Wash-дуги (36 шт., мин. стоимость 69008 руб./ваг.) при штрафе за остаток узла 5000 руб./ваг. (профицит).
             Промывка дороже штрафа — MIP оставил вагоны в остатке (Wash не имеет штрафа за незаполнение).

  СВОДКА ПО ПРИЧИНАМ:
    нет допустимых дуг                  узлов:   1, вагонов:    1
    доступны только Wash-дуги           узлов:  58, вагонов:  153
    все Load-адресаты закрыты           узлов:  96, вагонов: 3892
---------------------------------
--- SEED ДЛЯ ALNS ---
  greedy : undist 4062 (unmet 186 + excess 3876), assigned 4541, real_cost 341272890.72 руб., objective 546652890.72 руб.
  MIP    : undist 4232 (unmet 186 + excess 4046), assigned 4371, real_cost 233164294.97 руб., objective 439394294.97 руб.
  выбран : MIP (критерий: min(unmet), затем min(objective) — как accept ALNS)
---------------------
--- ALNS СТАРТ ---
Начальная real_cost:       233164294.97 руб.
Начальная objective_cost:  439394294.97 руб. (penalty: 206230000.00, unmet: 186, excess: 4046)
Нераспределено (итого):    4232 ваг. (= unmet + excess)
Назначений:                865
Ремонтный оператор:        repair_mip (жёсткий MIN_BATCH)
Бюджет времени:            180 сек.
------------------
[iter   100] ·  73.6/180s | best real 233164294.97 | undist 4232 (unmet 186 + excess 4046) | accept 0 | K=24%
[iter   200] · 177.9/180s | best real 233164294.97 | undist 4232 (unmet 186 + excess 4046) | accept 0 | K=28%
--- ALNS ФИНИШ ---
Итераций:            202
Улучшений:           0
Лучшая real_cost:    233164294.97 руб.
Лучшая objective:    439394294.97 руб. (penalty: 206230000.00, unmet: 186, excess: 4046)
Затрачено:           180.9 сек.
Финальный K:         28%
------------------
--- ДИАГНОСТИКА UNMET DEMAND (186 ваг. в 14 узлах) ---
  [d_idx   81] Ольха (ЮВС) | тип=Прочие | ЕТСНГ=542072 | период=1 | отправка=Повагонная | не закрыто 13 из 13 ваг.
    ПРИЧИНА: нет ни одной допустимой дуги — закрыть невозможно текущими данными. Отбраковка пар со всеми 654 узлами предложения:
             нет тарифа 3, несовм. тип 0, грязный ЕТСНГ 83, дальше потолка расстояния 44, бизнес-правила дорог (инотерритория/дефицит) 96, станция закрыта очередью (правило 4) 428, конвенция РЖД 0, нарушение срока 0.
             на станции 56 ваг. при мощности 7 ваг./сут. (8.0 суток работы) — подсыл закрыт во все периоды.
  [d_idx  103] Саханская (МСК) | тип=Прочие | ЕТСНГ=011005 | период=2 | отправка=Повагонная | не закрыто 6 из 6 ваг.
    ПРИЧИНА: нет ни одной допустимой дуги — закрыть невозможно текущими данными. Отбраковка пар со всеми 654 узлами предложения:
             нет тарифа 3, несовм. тип 0, грязный ЕТСНГ 84, дальше потолка расстояния 46, бизнес-правила дорог (инотерритория/дефицит) 102, станция закрыта очередью (правило 4) 419, конвенция РЖД 0, нарушение срока 0.
             на станции 21 ваг. при мощности 3 ваг./сут. (7.0 суток работы) — подсыл закрыт во все периоды.
  [d_idx  165] Ольха (ЮВС) | тип=Прочие | ЕТСНГ=542072 | период=2 | отправка=Повагонная | не закрыто 30 из 30 ваг.
    ПРИЧИНА: нет ни одной допустимой дуги — закрыть невозможно текущими данными. Отбраковка пар со всеми 654 узлами предложения:
             нет тарифа 3, несовм. тип 0, грязный ЕТСНГ 84, дальше потолка расстояния 44, бизнес-правила дорог (инотерритория/дефицит) 95, станция закрыта очередью (правило 4) 428, конвенция РЖД 0, нарушение срока 0.
             на станции 56 ваг. при мощности 7 ваг./сут. (8.0 суток работы) — подсыл закрыт во все периоды.
  [d_idx  183] Новосибирск-Южный (ЗСБ) | тип=Прочие | ЕТСНГ=011005 | период=2 | отправка=Повагонная | не закрыто 4 из 4 ваг.
    ПРИЧИНА: нет ни одной допустимой дуги — закрыть невозможно текущими данными. Отбраковка пар со всеми 654 узлами предложения:
             нет тарифа 22, несовм. тип 0, грязный ЕТСНГ 84, дальше потолка расстояния 3, бизнес-правила дорог (инотерритория/дефицит) 93, станция закрыта очередью (правило 4) 452, конвенция РЖД 0, нарушение срока 0.
             на станции 36 ваг. при мощности 6 ваг./сут. (6.0 суток работы) — подсыл закрыт во все периоды.
  [d_idx  186] Руденск (БЕЛ) | тип=Прочие | ЕТСНГ=014003 | период=2 | отправка=Повагонная | не закрыто 11 из 11 ваг.
    ПРИЧИНА: нет ни одной допустимой дуги — закрыть невозможно текущими данными. Отбраковка пар со всеми 654 узлами предложения:
             нет тарифа 15, несовм. тип 0, грязный ЕТСНГ 83, дальше потолка расстояния 46, бизнес-правила дорог (инотерритория/дефицит) 415, станция закрыта очередью (правило 4) 95, конвенция РЖД 0, нарушение срока 0.
             на станции 81 ваг. при мощности 10 ваг./сут. (8.1 суток работы) — подсыл закрыт во все периоды.
  [d_idx  187] Руденск (БЕЛ) | тип=Прочие | ЕТСНГ=014003 | период=2 | отправка=Повагонная | не закрыто 16 из 16 ваг.
    ПРИЧИНА: нет ни одной допустимой дуги — закрыть невозможно текущими данными. Отбраковка пар со всеми 654 узлами предложения:
             нет тарифа 15, несовм. тип 0, грязный ЕТСНГ 84, дальше потолка расстояния 46, бизнес-правила дорог (инотерритория/дефицит) 414, станция закрыта очередью (правило 4) 95, конвенция РЖД 0, нарушение срока 0.
             на станции 81 ваг. при мощности 10 ваг./сут. (8.1 суток работы) — подсыл закрыт во все периоды.
  [d_idx  188] Саханская (МСК) | тип=Прочие | ЕТСНГ=011005 | период=3 | отправка=Повагонная | не закрыто 1 из 1 ваг.
    ПРИЧИНА: нет ни одной допустимой дуги — закрыть невозможно текущими данными. Отбраковка пар со всеми 654 узлами предложения:
             нет тарифа 3, несовм. тип 0, грязный ЕТСНГ 84, дальше потолка расстояния 46, бизнес-правила дорог (инотерритория/дефицит) 102, станция закрыта очередью (правило 4) 419, конвенция РЖД 0, нарушение срока 0.
             на станции 21 ваг. при мощности 3 ваг./сут. (7.0 суток работы) — подсыл закрыт во все периоды.
  [d_idx  233] Ольха (ЮВС) | тип=Прочие | ЕТСНГ=542072 | период=3 | отправка=Повагонная | не закрыто 8 из 8 ваг.
    ПРИЧИНА: нет ни одной допустимой дуги — закрыть невозможно текущими данными. Отбраковка пар со всеми 654 узлами предложения:
             нет тарифа 3, несовм. тип 0, грязный ЕТСНГ 83, дальше потолка расстояния 44, бизнес-правила дорог (инотерритория/дефицит) 96, станция закрыта очередью (правило 4) 428, конвенция РЖД 0, нарушение срока 0.
             на станции 56 ваг. при мощности 7 ваг./сут. (8.0 суток работы) — подсыл закрыт во все периоды.
  [d_idx  251] Новосибирск-Южный (ЗСБ) | тип=Прочие | ЕТСНГ=011005 | период=3 | отправка=Повагонная | не закрыто 22 из 22 ваг.
    ПРИЧИНА: нет ни одной допустимой дуги — закрыть невозможно текущими данными. Отбраковка пар со всеми 654 узлами предложения:
             нет тарифа 22, несовм. тип 0, грязный ЕТСНГ 84, дальше потолка расстояния 3, бизнес-правила дорог (инотерритория/дефицит) 92, станция закрыта очередью (правило 4) 453, конвенция РЖД 0, нарушение срока 0.
             на станции 36 ваг. при мощности 6 ваг./сут. (6.0 суток работы) — подсыл закрыт во все периоды.
  [d_idx  252] Руденск (БЕЛ) | тип=Прочие | ЕТСНГ=014003 | период=3 | отправка=Повагонная | не закрыто 10 из 10 ваг.
    ПРИЧИНА: нет ни одной допустимой дуги — закрыть невозможно текущими данными. Отбраковка пар со всеми 654 узлами предложения:
             нет тарифа 15, несовм. тип 0, грязный ЕТСНГ 85, дальше потолка расстояния 46, бизнес-правила дорог (инотерритория/дефицит) 413, станция закрыта очередью (правило 4) 95, конвенция РЖД 0, нарушение срока 0.
             на станции 81 ваг. при мощности 10 ваг./сут. (8.1 суток работы) — подсыл закрыт во все периоды.
  [d_idx  253] Руденск (БЕЛ) | тип=Прочие | ЕТСНГ=014003 | период=3 | отправка=Повагонная | не закрыто 10 из 10 ваг.
    ПРИЧИНА: нет ни одной допустимой дуги — закрыть невозможно текущими данными. Отбраковка пар со всеми 654 узлами предложения:
             нет тарифа 15, несовм. тип 0, грязный ЕТСНГ 84, дальше потолка расстояния 46, бизнес-правила дорог (инотерритория/дефицит) 414, станция закрыта очередью (правило 4) 95, конвенция РЖД 0, нарушение срока 0.
             на станции 81 ваг. при мощности 10 ваг./сут. (8.1 суток работы) — подсыл закрыт во все периоды.
  [d_idx  256] Саханская (МСК) | тип=Прочие | ЕТСНГ=011005 | период=4 | отправка=Повагонная | не закрыто 20 из 20 ваг.
    ПРИЧИНА: нет ни одной допустимой дуги — закрыть невозможно текущими данными. Отбраковка пар со всеми 654 узлами предложения:
             нет тарифа 3, несовм. тип 0, грязный ЕТСНГ 83, дальше потолка расстояния 46, бизнес-правила дорог (инотерритория/дефицит) 103, станция закрыта очередью (правило 4) 419, конвенция РЖД 0, нарушение срока 0.
             на станции 21 ваг. при мощности 3 ваг./сут. (7.0 суток работы) — подсыл закрыт во все периоды.
  [d_idx  369] Руденск (БЕЛ) | тип=Прочие | ЕТСНГ=014003 | период=4 | отправка=Повагонная | не закрыто 20 из 20 ваг.
    ПРИЧИНА: нет ни одной допустимой дуги — закрыть невозможно текущими данными. Отбраковка пар со всеми 654 узлами предложения:
             нет тарифа 15, несовм. тип 0, грязный ЕТСНГ 85, дальше потолка расстояния 46, бизнес-правила дорог (инотерритория/дефицит) 413, станция закрыта очередью (правило 4) 95, конвенция РЖД 0, нарушение срока 0.
             на станции 81 ваг. при мощности 10 ваг./сут. (8.1 суток работы) — подсыл закрыт во все периоды.
  [d_idx  370] Руденск (БЕЛ) | тип=Прочие | ЕТСНГ=014003 | период=4 | отправка=Повагонная | не закрыто 15 из 15 ваг.
    ПРИЧИНА: нет ни одной допустимой дуги — закрыть невозможно текущими данными. Отбраковка пар со всеми 654 узлами предложения:
             нет тарифа 15, несовм. тип 0, грязный ЕТСНГ 83, дальше потолка расстояния 46, бизнес-правила дорог (инотерритория/дефицит) 415, станция закрыта очередью (правило 4) 95, конвенция РЖД 0, нарушение срока 0.
             на станции 81 ваг. при мощности 10 ваг./сут. (8.1 суток работы) — подсыл закрыт во все периоды.

  СВОДКА ПО ПРИЧИНАМ:
    нет допустимых дуг (структурно)        узлов:  14, вагонов:  186

  ЗАКРЫВАЕМОСТЬ (по реальному связывающему ограничению):
    структурно недостижимо (нет дуг):           186 ваг.  — нужны новые тарифы / смягчение жёстких фильтров
    упёрто в квоту ДМЗИ (инфраструктура):          0 ваг.  — поможет только повышение квоты на дороге
    держит MIN_BATCH (квота ДМЗИ ещё есть):        0 ваг.  — поможет смягчение партии (middle 0 / масс. 0 / маршр. 0)
    прочее (конкуренция / экономика штрафа):       0 ваг.
--------------------------------
--- УТИЛИЗАЦИЯ КВОТ ДМЗИ ---
  ВСБ  период  1:    0 из    5 ваг.
  ВСБ  период 10:    0 из    7 ваг.
  ГОР  период  1:    3 из  356 ваг.
  ГОР  период 10:   55 из  516 ваг.
  ЗАБ  период  1:    0 из   25 ваг.
  ЗАБ  период 10:    1 из   35 ваг.
  ЗСБ  период  1:   11 из  835 ваг.
  ЗСБ  период 10:  126 из 1169 ваг.
  КБШ  период  1:  390 из  934 ваг.
  КБШ  период 10:  557 из 1342 ваг.
  КРС  период  1:    0 из   10 ваг.
  КРС  период 10:    1 из   14 ваг.
  МСК  период  1:  110 из  729 ваг.
  МСК  период 10:  598 из 1029 ваг.
  ОКТ  период  1:    0 из  307 ваг.
  ОКТ  период 10:    0 из  437 ваг.
  ПРВ  период  1:   54 из 1041 ваг.
  ПРВ  период 10:  295 из 1471 ваг.
  СВР  период  1:    1 из  570 ваг.
  СВР  период 10:    0 из  804 ваг.
  СЕВ  период  1:    0 из   15 ваг.
  СЕВ  период 10:    0 из   21 ваг.
  ЮВС  период  1:  247 из 1545 ваг.
  ЮВС  период 10:  769 из 2167 ваг.
  ЮУР  период  1:   69 из  750 ваг.
  ЮУР  период 10:  125 из 1050 ваг.
----------------------------
Тарифов до отстоя:           3093 (станций излишка 61, станций отстоя 54)
В отстой: 2223 из 4046 ваг. излишка → 54 станций отстоя, тариф 125561390 руб.; не размещено 1823 ваг. (нет тарифа / ёмкость исчерпана)
Тарифов до путей погрузки:   1697 (станций излишка 20, станций погрузки 100)
На пути погрузки: 1822 из 1823 ваг. остатка → 28 станций (≥5 ваг./станция), тариф 126957284 руб.; не размещено 1 ваг.
Баланс отчёта оптимизации:   OK (8417 ваг. в записях = 8417 ваг. предложения)
Записей в отчёте (Excel):    1228 (1116 оптим. + 32 по факту + 80 в ремонт) / 8719 вагонов
  → в POST АПИ (период 1):   301 записей / 1162 вагонов
  → исключено (предл. 10, дислокация): 927 записей / 7557 вагонов
Чекпоинт сохранён:           tmp/checkpoint_2026-09-15_17-55-41.xlsx

======= РЕЗУЛЬТАТЫ ОПТИМИЗАЦИИ =======
Статус решателя:      ALNS (202 итер., 0 улучш., 180.9 сек.)
Назначено вагонов:    4371
Избыток предложения:  4046 ваг. (dummy-спрос)
  остаток по периодам предложения: p1=56 p10=3990 прочие=0
  из них в отстой (этап 2): 2223 ваг.
  из них на пути погрузки (этап 3): 1822 ваг.
Неудовл. спрос:       186 ваг. (dummy-предложение)
Суммарная стоимость:  233164295 руб.
======================================

Результат сохранён:          tmp/result_20260915_175541.json
[SUCCESS] railoptim завершил работу успешно.
